../Core/Src/main.c:79:6:enable_clocks	4	static
../Core/Src/main.c:85:6:initialise_board	16	static
../Core/Src/main.c:109:6:HAL_TIM_IC_CaptureCallback	56	static
../Core/Src/main.c:153:5:main	128	static
../Core/Src/main.c:413:6:SystemClock_Config	128	static
../Core/Src/main.c:464:13:MX_I2C1_Init	8	static
../Core/Src/main.c:512:13:MX_SPI1_Init	8	static
../Core/Src/main.c:552:13:MX_TIM1_Init	56	static
../Core/Src/main.c:612:13:MX_TIM2_Init	48	static
../Core/Src/main.c:665:13:MX_USB_PCD_Init	8	static
../Core/Src/main.c:696:13:MX_GPIO_Init	48	static
../Core/Src/main.c:747:6:Error_Handler	4	static,ignoring_inline_asm
