../Core/Src/main.c:77:6:enable_clocks	4	static
../Core/Src/main.c:83:6:initialise_board	16	static
../Core/Src/main.c:107:6:HAL_TIM_IC_CaptureCallback	56	static
../Core/Src/main.c:131:5:main	120	static
../Core/Src/main.c:260:6:SystemClock_Config	128	static
../Core/Src/main.c:311:13:MX_I2C1_Init	8	static
../Core/Src/main.c:359:13:MX_SPI1_Init	8	static
../Core/Src/main.c:399:13:MX_TIM1_Init	56	static
../Core/Src/main.c:459:13:MX_TIM2_Init	48	static
../Core/Src/main.c:512:13:MX_USB_PCD_Init	8	static
../Core/Src/main.c:543:13:MX_GPIO_Init	48	static
../Core/Src/main.c:594:6:Error_Handler	4	static,ignoring_inline_asm
