Archive member included to satisfy reference by file (symbol)

/Applications/STM32CubeIDE.app/Contents/Eclipse/plugins/com.st.stm32cube.ide.mcu.externaltools.gnu-tools-for-stm32.11.3.rel1.macos64_1.1.100.202310310803/tools/bin/../lib/gcc/arm-none-eabi/11.3.1/../../../../arm-none-eabi/lib/thumb/v7e-m+fp/hard/libc_nano.a(libc_a-exit.o)
                              /Applications/STM32CubeIDE.app/Contents/Eclipse/plugins/com.st.stm32cube.ide.mcu.externaltools.gnu-tools-for-stm32.11.3.rel1.macos64_1.1.100.202310310803/tools/bin/../lib/gcc/arm-none-eabi/11.3.1/../../../../arm-none-eabi/lib/thumb/v7e-m+fp/hard/crt0.o (exit)
/Applications/STM32CubeIDE.app/Contents/Eclipse/plugins/com.st.stm32cube.ide.mcu.externaltools.gnu-tools-for-stm32.11.3.rel1.macos64_1.1.100.202310310803/tools/bin/../lib/gcc/arm-none-eabi/11.3.1/../../../../arm-none-eabi/lib/thumb/v7e-m+fp/hard/libc_nano.a(libc_a-sprintf.o)
                              ./Core/Src/main.o (sprintf)
/Applications/STM32CubeIDE.app/Contents/Eclipse/plugins/com.st.stm32cube.ide.mcu.externaltools.gnu-tools-for-stm32.11.3.rel1.macos64_1.1.100.202310310803/tools/bin/../lib/gcc/arm-none-eabi/11.3.1/../../../../arm-none-eabi/lib/thumb/v7e-m+fp/hard/libc_nano.a(libc_a-findfp.o)
                              /Applications/STM32CubeIDE.app/Contents/Eclipse/plugins/com.st.stm32cube.ide.mcu.externaltools.gnu-tools-for-stm32.11.3.rel1.macos64_1.1.100.202310310803/tools/bin/../lib/gcc/arm-none-eabi/11.3.1/../../../../arm-none-eabi/lib/thumb/v7e-m+fp/hard/libc_nano.a(libc_a-exit.o) (__stdio_exit_handler)
/Applications/STM32CubeIDE.app/Contents/Eclipse/plugins/com.st.stm32cube.ide.mcu.externaltools.gnu-tools-for-stm32.11.3.rel1.macos64_1.1.100.202310310803/tools/bin/../lib/gcc/arm-none-eabi/11.3.1/../../../../arm-none-eabi/lib/thumb/v7e-m+fp/hard/libc_nano.a(libc_a-fwalk.o)
                              /Applications/STM32CubeIDE.app/Contents/Eclipse/plugins/com.st.stm32cube.ide.mcu.externaltools.gnu-tools-for-stm32.11.3.rel1.macos64_1.1.100.202310310803/tools/bin/../lib/gcc/arm-none-eabi/11.3.1/../../../../arm-none-eabi/lib/thumb/v7e-m+fp/hard/libc_nano.a(libc_a-findfp.o) (_fwalk_sglue)
/Applications/STM32CubeIDE.app/Contents/Eclipse/plugins/com.st.stm32cube.ide.mcu.externaltools.gnu-tools-for-stm32.11.3.rel1.macos64_1.1.100.202310310803/tools/bin/../lib/gcc/arm-none-eabi/11.3.1/../../../../arm-none-eabi/lib/thumb/v7e-m+fp/hard/libc_nano.a(libc_a-memset.o)
                              /Applications/STM32CubeIDE.app/Contents/Eclipse/plugins/com.st.stm32cube.ide.mcu.externaltools.gnu-tools-for-stm32.11.3.rel1.macos64_1.1.100.202310310803/tools/bin/../lib/gcc/arm-none-eabi/11.3.1/../../../../arm-none-eabi/lib/thumb/v7e-m+fp/hard/crt0.o (memset)
/Applications/STM32CubeIDE.app/Contents/Eclipse/plugins/com.st.stm32cube.ide.mcu.externaltools.gnu-tools-for-stm32.11.3.rel1.macos64_1.1.100.202310310803/tools/bin/../lib/gcc/arm-none-eabi/11.3.1/../../../../arm-none-eabi/lib/thumb/v7e-m+fp/hard/libc_nano.a(libc_a-impure.o)
                              /Applications/STM32CubeIDE.app/Contents/Eclipse/plugins/com.st.stm32cube.ide.mcu.externaltools.gnu-tools-for-stm32.11.3.rel1.macos64_1.1.100.202310310803/tools/bin/../lib/gcc/arm-none-eabi/11.3.1/../../../../arm-none-eabi/lib/thumb/v7e-m+fp/hard/libc_nano.a(libc_a-sprintf.o) (_impure_ptr)
/Applications/STM32CubeIDE.app/Contents/Eclipse/plugins/com.st.stm32cube.ide.mcu.externaltools.gnu-tools-for-stm32.11.3.rel1.macos64_1.1.100.202310310803/tools/bin/../lib/gcc/arm-none-eabi/11.3.1/../../../../arm-none-eabi/lib/thumb/v7e-m+fp/hard/libc_nano.a(libc_a-errno.o)
                              ./Core/Src/syscalls.o (__errno)
/Applications/STM32CubeIDE.app/Contents/Eclipse/plugins/com.st.stm32cube.ide.mcu.externaltools.gnu-tools-for-stm32.11.3.rel1.macos64_1.1.100.202310310803/tools/bin/../lib/gcc/arm-none-eabi/11.3.1/../../../../arm-none-eabi/lib/thumb/v7e-m+fp/hard/libc_nano.a(libc_a-init.o)
                              /Applications/STM32CubeIDE.app/Contents/Eclipse/plugins/com.st.stm32cube.ide.mcu.externaltools.gnu-tools-for-stm32.11.3.rel1.macos64_1.1.100.202310310803/tools/bin/../lib/gcc/arm-none-eabi/11.3.1/../../../../arm-none-eabi/lib/thumb/v7e-m+fp/hard/crt0.o (__libc_init_array)
/Applications/STM32CubeIDE.app/Contents/Eclipse/plugins/com.st.stm32cube.ide.mcu.externaltools.gnu-tools-for-stm32.11.3.rel1.macos64_1.1.100.202310310803/tools/bin/../lib/gcc/arm-none-eabi/11.3.1/../../../../arm-none-eabi/lib/thumb/v7e-m+fp/hard/libc_nano.a(libc_a-lock.o)
                              /Applications/STM32CubeIDE.app/Contents/Eclipse/plugins/com.st.stm32cube.ide.mcu.externaltools.gnu-tools-for-stm32.11.3.rel1.macos64_1.1.100.202310310803/tools/bin/../lib/gcc/arm-none-eabi/11.3.1/../../../../arm-none-eabi/lib/thumb/v7e-m+fp/hard/libc_nano.a(libc_a-findfp.o) (__retarget_lock_init_recursive)
[...]
Memory Configuration

Name             Origin             Length             Attributes
CCMRAM           0x0000000010000000 0x0000000000002000 xrw
RAM              0x0000000020000000 0x000000000000a000 xrw
FLASH            0x0000000008000000 0x0000000000040000 xr
*default*        0x0000000000000000 0xffffffffffffffff

Linker script and memory map

LOAD /Applications/STM32CubeIDE.app/Contents/Eclipse/plugins/com.st.stm32cube.ide.mcu.externaltools.gnu-tools-for-stm32.11.3.rel1.macos64_1.1.100.202310310803/tools/bin/../lib/gcc/arm-none-eabi/11.3.1/thumb/v7e-m+fp/hard/crti.o
LOAD /Applications/STM32CubeIDE.app/Contents/Eclipse/plugins/com.st.stm32cube.ide.mcu.externaltools.gnu-tools-for-stm32.11.3.rel1.macos64_1.1.100.202310310803/tools/bin/../lib/gcc/arm-none-eabi/11.3.1/thumb/v7e-m+fp/hard/crtbegin.o
LOAD /Applications/STM32CubeIDE.app/Contents/Eclipse/plugins/com.st.stm32cube.ide.mcu.externaltools.gnu-tools-for-stm32.11.3.rel1.macos64_1.1.100.202310310803/tools/bin/../lib/gcc/arm-none-eabi/11.3.1/../../../../arm-none-eabi/lib/thumb/v7e-m+fp/hard/crt0.o
LOAD ./Core/Src/button_interrupt.o
LOAD ./Core/Src/main.o
LOAD ./Core/Src/ptu_i2c.o
LOAD ./Core/Src/serial.o
LOAD ./Core/Src/serialise.o
LOAD ./Core/Src/stm32f3xx_hal_msp.o
LOAD ./Core/Src/stm32f3xx_it.o
LOAD ./Core/Src/syscalls.o
LOAD ./Core/Src/sysmem.o
LOAD ./Core/Src/system_stm32f3xx.o
LOAD ./Core/Startup/startup_stm32f303vctx.o
LOAD ./Drivers/STM32F3xx_HAL_Driver/Src/stm32f3xx_hal.o
LOAD ./Drivers/STM32F3xx_HAL_Driver/Src/stm32f3xx_hal_cortex.o
LOAD ./Drivers/STM32F3xx_HAL_Driver/Src/stm32f3xx_hal_dma.o
LOAD ./Drivers/STM32F3xx_HAL_Driver/Src/stm32f3xx_hal_exti.o
LOAD ./Drivers/STM32F3xx_HAL_Driver/Src/stm32f3xx_hal_flash.o
LOAD ./Drivers/STM32F3xx_HAL_Driver/Src/stm32f3xx_hal_flash_ex.o
LOAD ./Drivers/STM32F3xx_HAL_Driver/Src/stm32f3xx_hal_gpio.o
LOAD ./Drivers/STM32F3xx_HAL_Driver/Src/stm32f3xx_hal_i2c.o
LOAD ./Drivers/STM32F3xx_HAL_Driver/Src/stm32f3xx_hal_i2c_ex.o
LOAD ./Drivers/STM32F3xx_HAL_Driver/Src/stm32f3xx_hal_pcd.o
LOAD ./Drivers/STM32F3xx_HAL_Driver/Src/stm32f3xx_hal_pcd_ex.o
LOAD ./Drivers/STM32F3xx_HAL_Driver/Src/stm32f3xx_hal_pwr.o
LOAD ./Drivers/STM32F3xx_HAL_Driver/Src/stm32f3xx_hal_pwr_ex.o
LOAD ./Drivers/STM32F3xx_HAL_Driver/Src/stm32f3xx_hal_rcc.o
LOAD ./Drivers/STM32F3xx_HAL_Driver/Src/stm32f3xx_hal_rcc_ex.o
LOAD ./Drivers/STM32F3xx_HAL_Driver/Src/stm32f3xx_hal_spi.o
LOAD ./Drivers/STM32F3xx_HAL_Driver/Src/stm32f3xx_hal_spi_ex.o
LOAD ./Drivers/STM32F3xx_HAL_Driver/Src/stm32f3xx_hal_tim.o
LOAD ./Drivers/STM32F3xx_HAL_Driver/Src/stm32f3xx_hal_tim_ex.o
LOAD ./Drivers/STM32F3xx_HAL_Driver/Src/stm32f3xx_ll_usb.o
START GROUP
LOAD /Applications/STM32CubeIDE.app/Contents/Eclipse/plugins/com.st.stm32cube.ide.mcu.externaltools.gnu-tools-for-stm32.11.3.rel1.macos64_1.1.100.202310310803/tools/bin/../lib/gcc/arm-none-eabi/11.3.1/../../../../arm-none-eabi/lib/thumb/v7e-m+fp/hard/libc_nano.a
LOAD /Applications/STM32CubeIDE.app/Contents/Eclipse/plugins/com.st.stm32cube.ide.mcu.externaltools.gnu-tools-for-stm32.11.3.rel1.macos64_1.1.100.202310310803/tools/bin/../lib/gcc/arm-none-eabi/11.3.1/../../../../arm-none-eabi/lib/thumb/v7e-m+fp/hard/libm.a
END GROUP
START GROUP
LOAD /Applications/STM32CubeIDE.app/Contents/Eclipse/plugins/com.st.stm32cube.ide.mcu.externaltools.gnu-tools-for-stm32.11.3.rel1.macos64_1.1.100.202310310803/tools/bin/../lib/gcc/arm-none-eabi/11.3.1/thumb/v7e-m+fp/hard/libgcc.a
LOAD /Applications/STM32CubeIDE.app/Contents/Eclipse/plugins/com.st.stm32cube.ide.mcu.externaltools.gnu-tools-for-stm32.11.3.rel1.macos64_1.1.100.202310310803/tools/bin/../lib/gcc/arm-none-eabi/11.3.1/../../../../arm-none-eabi/lib/thumb/v7e-m+fp/hard/libc_nano.a
END GROUP
START GROUP
LOAD /Applications/STM32CubeIDE.app/Contents/Eclipse/plugins/com.st.stm32cube.ide.mcu.externaltools.gnu-tools-for-stm32.11.3.rel1.macos64_1.1.100.202310310803/tools/bin/../lib/gcc/arm-none-eabi/11.3.1/thumb/v7e-m+fp/hard/libgcc.a
LOAD /Applications/STM32CubeIDE.app/Contents/Eclipse/plugins/com.st.stm32cube.ide.mcu.externaltools.gnu-tools-for-stm32.11.3.rel1.macos64_1.1.100.202310310803/tools/bin/../lib/gcc/arm-none-eabi/11.3.1/../../../../arm-none-eabi/lib/thumb/v7e-m+fp/hard/libc_nano.a
LOAD /Applications/STM32CubeIDE.app/Contents/Eclipse/plugins/com.st.stm32cube.ide.mcu.externaltools.gnu-tools-for-stm32.11.3.rel1.macos64_1.1.100.202310310803/tools/bin/../lib/gcc/arm-none-eabi/11.3.1/../../../../arm-none-eabi/lib/thumb/v7e-m+fp/hard/libnosys.a
END GROUP
START GROUP
LOAD /Applications/STM32CubeIDE.app/Contents/Eclipse/plugins/com.st.stm32cube.ide.mcu.externaltools.gnu-tools-for-stm32.11.3.rel1.macos64_1.1.100.202310310803/tools/bin/../lib/gcc/arm-none-eabi/11.3.1/thumb/v7e-m+fp/hard/libgcc.a
LOAD /Applications/STM32CubeIDE.app/Contents/Eclipse/plugins/com.st.stm32cube.ide.mcu.externaltools.gnu-tools-for-stm32.11.3.rel1.macos64_1.1.100.202310310803/tools/bin/../lib/gcc/arm-none-eabi/11.3.1/../../../../arm-none-eabi/lib/thumb/v7e-m+fp/hard/libc_nano.a
LOAD /Applications/STM32CubeIDE.app/Contents/Eclipse/plugins/com.st.stm32cube.ide.mcu.externaltools.gnu-tools-for-stm32.11.3.rel1.macos64_1.1.100.202310310803/tools/bin/../lib/gcc/arm-none-eabi/11.3.1/../../../../arm-none-eabi/lib/thumb/v7e-m+fp/hard/libnosys.a
END GROUP
LOAD /Applications/STM32CubeIDE.app/Contents/Eclipse/plugins/com.st.stm32cube.ide.mcu.externaltools.gnu-tools-for-stm32.11.3.rel1.macos64_1.1.100.202310310803/tools/bin/../lib/gcc/arm-none-eabi/11.3.1/thumb/v7e-m+fp/hard/crtend.o
LOAD /Applications/STM32CubeIDE.app/Contents/Eclipse/plugins/com.st.stm32cube.ide.mcu.externaltools.gnu-tools-for-stm32.11.3.rel1.macos64_1.1.100.202310310803/tools/bin/../lib/gcc/arm-none-eabi/11.3.1/thumb/v7e-m+fp/hard/crtn.o
                0x000000002000a000                _estack = (ORIGIN (RAM) + LENGTH (RAM))
                0x0000000000000200                _Min_Heap_Size = 0x200
                0x0000000000000400                _Min_Stack_Size = 0x400

.isr_vector     0x0000000008000000      0x188
                0x0000000008000000                . = ALIGN (0x4)
 *(.isr_vector)
 .isr_vector    0x0000000008000000      0x188 ./Core/Startup/startup_stm32f303vctx.o
                0x0000000008000000                g_pfnVectors
                0x0000000008000188                . = ALIGN (0x4)

.text           0x0000000008000190     0x6280
                0x0000000008000190                . = ALIGN (0x4)
 *(.text)
 .text          0x0000000008000190       0x40 /Applications/STM32CubeIDE.app/Contents/Eclipse/plugins/com.st.stm32cube.ide.mcu.externaltools.gnu-tools-for-stm32.11.3.rel1.macos64_1.1.100.202310310803/tools/bin/../lib/gcc/arm-none-eabi/11.3.1/thumb/v7e-m+fp/hard/crtbegin.o
 .text          0x00000000080001d0       0xa0 /Applications/STM32CubeIDE.app/Contents/Eclipse/plugins/com.st.stm32cube.ide.mcu.externaltools.gnu-tools-for-stm32.11.3.rel1.macos64_1.1.100.202310310803/tools/bin/../lib/gcc/arm-none-eabi/11.3.1/../../../../arm-none-eabi/lib/thumb/v7e-m+fp/hard/libc_nano.a(libc_a-memchr.o)
                0x00000000080001d0                memchr
 *(.text*)
 .text.__NVIC_EnableIRQ
                0x0000000008000270       0x3c ./Core/Src/button_interrupt.o
 .text.__NVIC_SetPriority
                0x00000000080002ac       0x54 ./Core/Src/button_interrupt.o
 .text.enable_interrupt
                0x0000000008000300       0x54 ./Core/Src/button_interrupt.o
                0x0000000008000300                enable_interrupt
 .text.EXTI0_IRQHandler
                0x0000000008000354       0x2c ./Core/Src/button_interrupt.o
                0x0000000008000354                EXTI0_IRQHandler
 .text.button_init
                0x0000000008000380       0x20 ./Core/Src/button_interrupt.o
                0x0000000008000380                button_init
 .text.get_ptu_state
                0x00000000080003a0       0x18 ./Core/Src/button_interrupt.o
                0x00000000080003a0                get_ptu_state
 .text.pause_ptu
                0x00000000080003b8       0x18 ./Core/Src/button_interrupt.o
                0x00000000080003b8                pause_ptu
 .text.enable_clocks
                0x00000000080003d0       0x20 ./Core/Src/main.o
                0x00000000080003d0                enable_clocks
 .text.initialise_board
                0x00000000080003f0       0x24 ./Core/Src/main.o
                0x00000000080003f0                initialise_board
 .text.HAL_TIM_IC_CaptureCallback
                0x0000000008000414       0x80 ./Core/Src/main.o
                0x0000000008000414                HAL_TIM_IC_CaptureCallback
 .text.main     0x0000000008000494      0x3c4 ./Core/Src/main.o
                0x0000000008000494                main
 .text.SystemClock_Config
                0x0000000008000858       0xc8 ./Core/Src/main.o
                0x0000000008000858                SystemClock_Config
 .text.MX_I2C1_Init
                0x0000000008000920       0x80 ./Core/Src/main.o
 .text.MX_SPI1_Init
                0x00000000080009a0       0x7c ./Core/Src/main.o
 .text.MX_TIM1_Init
                0x0000000008000a1c       0xec ./Core/Src/main.o
 .text.MX_TIM2_Init
                0x0000000008000b08       0xcc ./Core/Src/main.o
 .text.MX_USB_PCD_Init
                0x0000000008000bd4       0x44 ./Core/Src/main.o
 .text.Error_Handler
                0x0000000008000c18        0xa ./Core/Src/main.o
                0x0000000008000c18                Error_Handler
 .text.initialise_ptu_i2c
                0x0000000008000c22       0x98 ./Core/Src/ptu_i2c.o
                0x0000000008000c22                initialise_ptu_i2c
 *fill*         0x0000000008000cba        0x2 
 .text.SerialInitialise
                0x0000000008000cbc       0xe8 ./Core/Src/serial.o
                0x0000000008000cbc                SerialInitialise
 .text.SerialOutputChar
                0x0000000008000da4       0x32 ./Core/Src/serial.o
                0x0000000008000da4                SerialOutputChar
 .text.SerialOutputString
                0x0000000008000dd6       0x48 ./Core/Src/serial.o
                0x0000000008000dd6                SerialOutputString
 *fill*         0x0000000008000e1e        0x2 
 .text.HAL_MspInit
                0x0000000008000e20       0x48 ./Core/Src/stm32f3xx_hal_msp.o
                0x0000000008000e20                HAL_MspInit
 .text.HAL_I2C_MspInit
                0x0000000008000e68       0x88 ./Core/Src/stm32f3xx_hal_msp.o
                0x0000000008000e68                HAL_I2C_MspInit
 .text.HAL_SPI_MspInit
                0x0000000008000ef0       0x84 ./Core/Src/stm32f3xx_hal_msp.o
                0x0000000008000ef0                HAL_SPI_MspInit
 .text.HAL_TIM_Base_MspInit
                0x0000000008000f74       0x98 ./Core/Src/stm32f3xx_hal_msp.o
                0x0000000008000f74                HAL_TIM_Base_MspInit
 .text.HAL_TIM_PWM_MspInit
                0x000000000800100c       0x48 ./Core/Src/stm32f3xx_hal_msp.o
                0x000000000800100c                HAL_TIM_PWM_MspInit
 .text.HAL_TIM_MspPostInit
                0x0000000008001054       0x6c ./Core/Src/stm32f3xx_hal_msp.o
                0x0000000008001054                HAL_TIM_MspPostInit
 .text.HAL_PCD_MspInit
                0x00000000080010c0       0x88 ./Core/Src/stm32f3xx_hal_msp.o
                0x00000000080010c0                HAL_PCD_MspInit
 .text.NMI_Handler
                0x0000000008001148        0x6 ./Core/Src/stm32f3xx_it.o
                0x0000000008001148                NMI_Handler
 .text.HardFault_Handler
                0x000000000800114e        0x6 ./Core/Src/stm32f3xx_it.o
                0x000000000800114e                HardFault_Handler
 .text.MemManage_Handler
                0x0000000008001154        0x6 ./Core/Src/stm32f3xx_it.o
                0x0000000008001154                MemManage_Handler
 .text.BusFault_Handler
                0x000000000800115a        0x6 ./Core/Src/stm32f3xx_it.o
                0x000000000800115a                BusFault_Handler
 .text.UsageFault_Handler
                0x0000000008001160        0x6 ./Core/Src/stm32f3xx_it.o
                0x0000000008001160                UsageFault_Handler
 .text.SVC_Handler
                0x0000000008001166        0xe ./Core/Src/stm32f3xx_it.o
                0x0000000008001166                SVC_Handler
 .text.DebugMon_Handler
                0x0000000008001174        0xe ./Core/Src/stm32f3xx_it.o
                0x0000000008001174                DebugMon_Handler
 .text.PendSV_Handler
                0x0000000008001182        0xe ./Core/Src/stm32f3xx_it.o
                0x0000000008001182                PendSV_Handler
 .text.SysTick_Handler
                0x0000000008001190        0xc ./Core/Src/stm32f3xx_it.o
                0x0000000008001190                SysTick_Handler
 .text.TIM1_CC_IRQHandler
                0x000000000800119c       0x14 ./Core/Src/stm32f3xx_it.o
                0x000000000800119c                TIM1_CC_IRQHandler
 .text.TIM2_IRQHandler
                0x00000000080011b0       0x14 ./Core/Src/stm32f3xx_it.o
                0x00000000080011b0                TIM2_IRQHandler
 .text._sbrk    0x00000000080011c4       0x6c ./Core/Src/sysmem.o
                0x00000000080011c4                _sbrk
 .text.SystemInit
                0x0000000008001230       0x24 ./Core/Src/system_stm32f3xx.o
                0x0000000008001230                SystemInit
 .text.Reset_Handler
                0x0000000008001254       0x50 ./Core/Startup/startup_stm32f303vctx.o
                0x0000000008001254                Reset_Handler
 .text.Default_Handler
                0x00000000080012a4        0x2 ./Core/Startup/startup_stm32f303vctx.o
                0x00000000080012a4                TIM1_BRK_TIM15_IRQHandler
                0x00000000080012a4                TIM8_TRG_COM_IRQHandler
                0x00000000080012a4                TIM8_CC_IRQHandler
                0x00000000080012a4                USB_HP_IRQHandler
                0x00000000080012a4                PVD_IRQHandler
                0x00000000080012a4                TAMP_STAMP_IRQHandler
                0x00000000080012a4                EXTI3_IRQHandler
                0x00000000080012a4                USB_HP_CAN_TX_IRQHandler
                0x00000000080012a4                I2C2_EV_IRQHandler
                0x00000000080012a4                FPU_IRQHandler
                0x00000000080012a4                TIM1_UP_TIM16_IRQHandler
                0x00000000080012a4                ADC1_2_IRQHandler
                0x00000000080012a4                SPI1_IRQHandler
                0x00000000080012a4                CAN_SCE_IRQHandler
                0x00000000080012a4                TIM6_DAC_IRQHandler
                0x00000000080012a4                TIM8_UP_IRQHandler
                0x00000000080012a4                DMA2_Channel2_IRQHandler
                0x00000000080012a4                DMA1_Channel4_IRQHandler
                0x00000000080012a4                USART3_IRQHandler
                0x00000000080012a4                DMA1_Channel7_IRQHandler
                0x00000000080012a4                UART5_IRQHandler
                0x00000000080012a4                ADC3_IRQHandler
                0x00000000080012a4                TIM4_IRQHandler
                0x00000000080012a4                CAN_RX1_IRQHandler
                0x00000000080012a4                DMA2_Channel1_IRQHandler
                0x00000000080012a4                I2C1_EV_IRQHandler
                0x00000000080012a4                DMA1_Channel6_IRQHandler
                0x00000000080012a4                UART4_IRQHandler
                0x00000000080012a4                DMA2_Channel4_IRQHandler
                0x00000000080012a4                TIM3_IRQHandler
                0x00000000080012a4                RCC_IRQHandler
                0x00000000080012a4                DMA1_Channel1_IRQHandler
                0x00000000080012a4                Default_Handler
                0x00000000080012a4                USBWakeUp_RMP_IRQHandler
                0x00000000080012a4                EXTI15_10_IRQHandler
                0x00000000080012a4                TIM7_IRQHandler
                0x00000000080012a4                EXTI9_5_IRQHandler
                0x00000000080012a4                RTC_WKUP_IRQHandler
                0x00000000080012a4                SPI2_IRQHandler
                0x00000000080012a4                USB_LP_CAN_RX0_IRQHandler
                0x00000000080012a4                DMA2_Channel5_IRQHandler
                0x00000000080012a4                DMA1_Channel5_IRQHandler
                0x00000000080012a4                USB_LP_IRQHandler
                0x00000000080012a4                EXTI4_IRQHandler
                0x00000000080012a4                TIM1_TRG_COM_TIM17_IRQHandler
                0x00000000080012a4                DMA1_Channel3_IRQHandler
                0x00000000080012a4                ADC4_IRQHandler
                0x00000000080012a4                WWDG_IRQHandler
                0x00000000080012a4                COMP7_IRQHandler
                0x00000000080012a4                COMP1_2_3_IRQHandler
                0x00000000080012a4                EXTI1_IRQHandler
                0x00000000080012a4                USART2_IRQHandler
                0x00000000080012a4                COMP4_5_6_IRQHandler
                0x00000000080012a4                I2C2_ER_IRQHandler
                0x00000000080012a4                DMA1_Channel2_IRQHandler
                0x00000000080012a4                TIM8_BRK_IRQHandler
                0x00000000080012a4                FLASH_IRQHandler
                0x00000000080012a4                USART1_IRQHandler
                0x00000000080012a4                SPI3_IRQHandler
                0x00000000080012a4                I2C1_ER_IRQHandler
                0x00000000080012a4                USBWakeUp_IRQHandler
                0x00000000080012a4                DMA2_Channel3_IRQHandler
                0x00000000080012a4                EXTI2_TSC_IRQHandler
                0x00000000080012a4                RTC_Alarm_IRQHandler
 *fill*         0x00000000080012a6        0x2 
 .text.HAL_Init
                0x00000000080012a8       0x2c ./Drivers/STM32F3xx_HAL_Driver/Src/stm32f3xx_hal.o
                0x00000000080012a8                HAL_Init
 .text.HAL_InitTick
                0x00000000080012d4       0x60 ./Drivers/STM32F3xx_HAL_Driver/Src/stm32f3xx_hal.o
                0x00000000080012d4                HAL_InitTick
 .text.HAL_IncTick
                0x0000000008001334       0x28 ./Drivers/STM32F3xx_HAL_Driver/Src/stm32f3xx_hal.o
                0x0000000008001334                HAL_IncTick
 .text.HAL_GetTick
                0x000000000800135c       0x18 ./Drivers/STM32F3xx_HAL_Driver/Src/stm32f3xx_hal.o
                0x000000000800135c                HAL_GetTick
 .text.HAL_Delay
                0x0000000008001374       0x48 ./Drivers/STM32F3xx_HAL_Driver/Src/stm32f3xx_hal.o
                0x0000000008001374                HAL_Delay
 .text.__NVIC_SetPriorityGrouping
                0x00000000080013bc       0x48 ./Drivers/STM32F3xx_HAL_Driver/Src/stm32f3xx_hal_cortex.o
 .text.__NVIC_GetPriorityGrouping
                0x0000000008001404       0x1c ./Drivers/STM32F3xx_HAL_Driver/Src/stm32f3xx_hal_cortex.o
 .text.__NVIC_EnableIRQ
                0x0000000008001420       0x3c ./Drivers/STM32F3xx_HAL_Driver/Src/stm32f3xx_hal_cortex.o
 .text.__NVIC_SetPriority
                0x000000000800145c       0x54 ./Drivers/STM32F3xx_HAL_Driver/Src/stm32f3xx_hal_cortex.o
 .text.NVIC_EncodePriority
                0x00000000080014b0       0x66 ./Drivers/STM32F3xx_HAL_Driver/Src/stm32f3xx_hal_cortex.o
 *fill*         0x0000000008001516        0x2 
 .text.SysTick_Config
                0x0000000008001518       0x44 ./Drivers/STM32F3xx_HAL_Driver/Src/stm32f3xx_hal_cortex.o
 .text.HAL_NVIC_SetPriorityGrouping
                0x000000000800155c       0x16 ./Drivers/STM32F3xx_HAL_Driver/Src/stm32f3xx_hal_cortex.o
                0x000000000800155c                HAL_NVIC_SetPriorityGrouping
 .text.HAL_NVIC_SetPriority
                0x0000000008001572       0x38 ./Drivers/STM32F3xx_HAL_Driver/Src/stm32f3xx_hal_cortex.o
                0x0000000008001572                HAL_NVIC_SetPriority
 .text.HAL_NVIC_EnableIRQ
                0x00000000080015aa       0x1c ./Drivers/STM32F3xx_HAL_Driver/Src/stm32f3xx_hal_cortex.o
                0x00000000080015aa                HAL_NVIC_EnableIRQ
 .text.HAL_SYSTICK_Config
                0x00000000080015c6       0x18 ./Drivers/STM32F3xx_HAL_Driver/Src/stm32f3xx_hal_cortex.o
                0x00000000080015c6                HAL_SYSTICK_Config
 *fill*         0x00000000080015de        0x2 
 .text.HAL_GPIO_Init
                0x00000000080015e0      0x2f4 ./Drivers/STM32F3xx_HAL_Driver/Src/stm32f3xx_hal_gpio.o
                0x00000000080015e0                HAL_GPIO_Init
 .text.HAL_GPIO_ReadPin
                0x00000000080018d4       0x30 ./Drivers/STM32F3xx_HAL_Driver/Src/stm32f3xx_hal_gpio.o
                0x00000000080018d4                HAL_GPIO_ReadPin
 .text.HAL_I2C_Init
                0x0000000008001904      0x11e ./Drivers/STM32F3xx_HAL_Driver/Src/stm32f3xx_hal_i2c.o
                0x0000000008001904                HAL_I2C_Init
 *fill*         0x0000000008001a22        0x2 
 .text.HAL_I2C_Mem_Write
                0x0000000008001a24      0x228 ./Drivers/STM32F3xx_HAL_Driver/Src/stm32f3xx_hal_i2c.o
                0x0000000008001a24                HAL_I2C_Mem_Write
 .text.HAL_I2C_Mem_Read
                0x0000000008001c4c      0x234 ./Drivers/STM32F3xx_HAL_Driver/Src/stm32f3xx_hal_i2c.o
                0x0000000008001c4c                HAL_I2C_Mem_Read
 .text.I2C_RequestMemoryWrite
                0x0000000008001e80       0xa8 ./Drivers/STM32F3xx_HAL_Driver/Src/stm32f3xx_hal_i2c.o
 .text.I2C_RequestMemoryRead
                0x0000000008001f28       0xa8 ./Drivers/STM32F3xx_HAL_Driver/Src/stm32f3xx_hal_i2c.o
 .text.I2C_Flush_TXDR
                0x0000000008001fd0       0x48 ./Drivers/STM32F3xx_HAL_Driver/Src/stm32f3xx_hal_i2c.o
 .text.I2C_WaitOnFlagUntilTimeout
                0x0000000008002018       0x9e ./Drivers/STM32F3xx_HAL_Driver/Src/stm32f3xx_hal_i2c.o
 .text.I2C_WaitOnTXISFlagUntilTimeout
                0x00000000080020b6       0x8e ./Drivers/STM32F3xx_HAL_Driver/Src/stm32f3xx_hal_i2c.o
 .text.I2C_WaitOnSTOPFlagUntilTimeout
                0x0000000008002144       0x86 ./Drivers/STM32F3xx_HAL_Driver/Src/stm32f3xx_hal_i2c.o
 *fill*         0x00000000080021ca        0x2 
 .text.I2C_IsErrorOccurred
                0x00000000080021cc      0x1c0 ./Drivers/STM32F3xx_HAL_Driver/Src/stm32f3xx_hal_i2c.o
 .text.I2C_TransferConfig
                0x000000000800238c       0x64 ./Drivers/STM32F3xx_HAL_Driver/Src/stm32f3xx_hal_i2c.o
 .text.HAL_I2CEx_ConfigAnalogFilter
                0x00000000080023f0       0x96 ./Drivers/STM32F3xx_HAL_Driver/Src/stm32f3xx_hal_i2c_ex.o
                0x00000000080023f0                HAL_I2CEx_ConfigAnalogFilter
 .text.HAL_I2CEx_ConfigDigitalFilter
                0x0000000008002486       0x98 ./Drivers/STM32F3xx_HAL_Driver/Src/stm32f3xx_hal_i2c_ex.o
                0x0000000008002486                HAL_I2CEx_ConfigDigitalFilter
 .text.HAL_PCD_Init
                0x000000000800251e      0x1a4 ./Drivers/STM32F3xx_HAL_Driver/Src/stm32f3xx_hal_pcd.o
                0x000000000800251e                HAL_PCD_Init
 *fill*         0x00000000080026c2        0x2 
 .text.HAL_RCC_OscConfig
                0x00000000080026c4     0x107c ./Drivers/STM32F3xx_HAL_Driver/Src/stm32f3xx_hal_rcc.o
                0x00000000080026c4                HAL_RCC_OscConfig
 .text.HAL_RCC_ClockConfig
                0x0000000008003740      0x2f8 ./Drivers/STM32F3xx_HAL_Driver/Src/stm32f3xx_hal_rcc.o
                0x0000000008003740                HAL_RCC_ClockConfig
 .text.HAL_RCC_GetSysClockFreq
                0x0000000008003a38       0xd4 ./Drivers/STM32F3xx_HAL_Driver/Src/stm32f3xx_hal_rcc.o
                0x0000000008003a38                HAL_RCC_GetSysClockFreq
 .text.HAL_RCCEx_PeriphCLKConfig
                0x0000000008003b0c      0x360 ./Drivers/STM32F3xx_HAL_Driver/Src/stm32f3xx_hal_rcc_ex.o
                0x0000000008003b0c                HAL_RCCEx_PeriphCLKConfig
 .text.HAL_SPI_Init
                0x0000000008003e6c      0x156 ./Drivers/STM32F3xx_HAL_Driver/Src/stm32f3xx_hal_spi.o
                0x0000000008003e6c                HAL_SPI_Init
 .text.HAL_TIM_Base_Init
                0x0000000008003fc2       0xae ./Drivers/STM32F3xx_HAL_Driver/Src/stm32f3xx_hal_tim.o
                0x0000000008003fc2                HAL_TIM_Base_Init
 .text.HAL_TIM_PWM_Init
                0x0000000008004070       0xae ./Drivers/STM32F3xx_HAL_Driver/Src/stm32f3xx_hal_tim.o
                0x0000000008004070                HAL_TIM_PWM_Init
 *fill*         0x000000000800411e        0x2 
 .text.HAL_TIM_PWM_Start
                0x0000000008004120      0x200 ./Drivers/STM32F3xx_HAL_Driver/Src/stm32f3xx_hal_tim.o
                0x0000000008004120                HAL_TIM_PWM_Start
 .text.HAL_TIM_IC_Init
                0x0000000008004320       0xae ./Drivers/STM32F3xx_HAL_Driver/Src/stm32f3xx_hal_tim.o
                0x0000000008004320                HAL_TIM_IC_Init
 .text.HAL_TIM_IC_MspInit
                0x00000000080043ce       0x14 ./Drivers/STM32F3xx_HAL_Driver/Src/stm32f3xx_hal_tim.o
                0x00000000080043ce                HAL_TIM_IC_MspInit
 *fill*         0x00000000080043e2        0x2 
 .text.HAL_TIM_IC_Start_IT
                0x00000000080043e4      0x284 ./Drivers/STM32F3xx_HAL_Driver/Src/stm32f3xx_hal_tim.o
                0x00000000080043e4                HAL_TIM_IC_Start_IT
 .text.HAL_TIM_IRQHandler
                0x0000000008004668      0x23e ./Drivers/STM32F3xx_HAL_Driver/Src/stm32f3xx_hal_tim.o
                0x0000000008004668                HAL_TIM_IRQHandler
 .text.HAL_TIM_IC_ConfigChannel
                0x00000000080048a6      0x138 ./Drivers/STM32F3xx_HAL_Driver/Src/stm32f3xx_hal_tim.o
                0x00000000080048a6                HAL_TIM_IC_ConfigChannel
 *fill*         0x00000000080049de        0x2 
 .text.HAL_TIM_PWM_ConfigChannel
                0x00000000080049e0      0x228 ./Drivers/STM32F3xx_HAL_Driver/Src/stm32f3xx_hal_tim.o
                0x00000000080049e0                HAL_TIM_PWM_ConfigChannel
 .text.HAL_TIM_ConfigClockSource
                0x0000000008004c08      0x192 ./Drivers/STM32F3xx_HAL_Driver/Src/stm32f3xx_hal_tim.o
                0x0000000008004c08                HAL_TIM_ConfigClockSource
 *fill*         0x0000000008004d9a        0x2 
 .text.HAL_TIM_ReadCapturedValue
                0x0000000008004d9c       0x88 ./Drivers/STM32F3xx_HAL_Driver/Src/stm32f3xx_hal_tim.o
                0x0000000008004d9c                HAL_TIM_ReadCapturedValue
 .text.HAL_TIM_PeriodElapsedCallback
                0x0000000008004e24       0x14 ./Drivers/STM32F3xx_HAL_Driver/Src/stm32f3xx_hal_tim.o
                0x0000000008004e24                HAL_TIM_PeriodElapsedCallback
 .text.HAL_TIM_OC_DelayElapsedCallback
                0x0000000008004e38       0x14 ./Drivers/STM32F3xx_HAL_Driver/Src/stm32f3xx_hal_tim.o
                0x0000000008004e38                HAL_TIM_OC_DelayElapsedCallback
 .text.HAL_TIM_PWM_PulseFinishedCallback
                0x0000000008004e4c       0x14 ./Drivers/STM32F3xx_HAL_Driver/Src/stm32f3xx_hal_tim.o
                0x0000000008004e4c                HAL_TIM_PWM_PulseFinishedCallback
 .text.HAL_TIM_TriggerCallback
                0x0000000008004e60       0x14 ./Drivers/STM32F3xx_HAL_Driver/Src/stm32f3xx_hal_tim.o
                0x0000000008004e60                HAL_TIM_TriggerCallback
 .text.TIM_Base_SetConfig
                0x0000000008004e74      0x120 ./Drivers/STM32F3xx_HAL_Driver/Src/stm32f3xx_hal_tim.o
                0x0000000008004e74                TIM_Base_SetConfig
 .text.TIM_OC1_SetConfig
                0x0000000008004f94      0x120 ./Drivers/STM32F3xx_HAL_Driver/Src/stm32f3xx_hal_tim.o
 .text.TIM_OC2_SetConfig
                0x00000000080050b4      0x114 ./Drivers/STM32F3xx_HAL_Driver/Src/stm32f3xx_hal_tim.o
                0x00000000080050b4                TIM_OC2_SetConfig
 .text.TIM_OC3_SetConfig
                0x00000000080051c8      0x110 ./Drivers/STM32F3xx_HAL_Driver/Src/stm32f3xx_hal_tim.o
 .text.TIM_OC4_SetConfig
                0x00000000080052d8       0xd4 ./Drivers/STM32F3xx_HAL_Driver/Src/stm32f3xx_hal_tim.o
 .text.TIM_OC5_SetConfig
                0x00000000080053ac       0xc8 ./Drivers/STM32F3xx_HAL_Driver/Src/stm32f3xx_hal_tim.o
 .text.TIM_OC6_SetConfig
                0x0000000008005474       0xcc ./Drivers/STM32F3xx_HAL_Driver/Src/stm32f3xx_hal_tim.o
 .text.TIM_TI1_SetConfig
                0x0000000008005540       0xd0 ./Drivers/STM32F3xx_HAL_Driver/Src/stm32f3xx_hal_tim.o
                0x0000000008005540                TIM_TI1_SetConfig
 .text.TIM_TI1_ConfigInputStage
                0x0000000008005610       0x5e ./Drivers/STM32F3xx_HAL_Driver/Src/stm32f3xx_hal_tim.o
 .text.TIM_TI2_SetConfig
                0x000000000800566e       0x7a ./Drivers/STM32F3xx_HAL_Driver/Src/stm32f3xx_hal_tim.o
 .text.TIM_TI2_ConfigInputStage
                0x00000000080056e8       0x60 ./Drivers/STM32F3xx_HAL_Driver/Src/stm32f3xx_hal_tim.o
 .text.TIM_TI3_SetConfig
                0x0000000008005748       0x78 ./Drivers/STM32F3xx_HAL_Driver/Src/stm32f3xx_hal_tim.o
 .text.TIM_TI4_SetConfig
                0x00000000080057c0       0x7a ./Drivers/STM32F3xx_HAL_Driver/Src/stm32f3xx_hal_tim.o
 .text.TIM_ITRx_SetConfig
                0x000000000800583a       0x36 ./Drivers/STM32F3xx_HAL_Driver/Src/stm32f3xx_hal_tim.o
 .text.TIM_ETR_SetConfig
                0x0000000008005870       0x40 ./Drivers/STM32F3xx_HAL_Driver/Src/stm32f3xx_hal_tim.o
                0x0000000008005870                TIM_ETR_SetConfig
 .text.TIM_CCxChannelCmd
                0x00000000080058b0       0x4a ./Drivers/STM32F3xx_HAL_Driver/Src/stm32f3xx_hal_tim.o
                0x00000000080058b0                TIM_CCxChannelCmd
 *fill*         0x00000000080058fa        0x2 
 .text.HAL_TIMEx_MasterConfigSynchronization
                0x00000000080058fc      0x100 ./Drivers/STM32F3xx_HAL_Driver/Src/stm32f3xx_hal_tim_ex.o
                0x00000000080058fc                HAL_TIMEx_MasterConfigSynchronization
 .text.HAL_TIMEx_CommutCallback
                0x00000000080059fc       0x14 ./Drivers/STM32F3xx_HAL_Driver/Src/stm32f3xx_hal_tim_ex.o
                0x00000000080059fc                HAL_TIMEx_CommutCallback
 .text.HAL_TIMEx_BreakCallback
                0x0000000008005a10       0x14 ./Drivers/STM32F3xx_HAL_Driver/Src/stm32f3xx_hal_tim_ex.o
                0x0000000008005a10                HAL_TIMEx_BreakCallback
 .text.HAL_TIMEx_Break2Callback
                0x0000000008005a24       0x14 ./Drivers/STM32F3xx_HAL_Driver/Src/stm32f3xx_hal_tim_ex.o
                0x0000000008005a24                HAL_TIMEx_Break2Callback
 .text.USB_DisableGlobalInt
                0x0000000008005a38       0x36 ./Drivers/STM32F3xx_HAL_Driver/Src/stm32f3xx_ll_usb.o
                0x0000000008005a38                USB_DisableGlobalInt
 .text.USB_DevInit
                0x0000000008005a6e       0x42 ./Drivers/STM32F3xx_HAL_Driver/Src/stm32f3xx_ll_usb.o
                0x0000000008005a6e                USB_DevInit
 .text.sprintf  0x0000000008005ab0       0x40 /Applications/STM32CubeIDE.app/Contents/Eclipse/plugins/com.st.stm32cube.ide.mcu.externaltools.gnu-tools-for-stm32.11.3.rel1.macos64_1.1.100.202310310803/tools/bin/../lib/gcc/arm-none-eabi/11.3.1/../../../../arm-none-eabi/lib/thumb/v7e-m+fp/hard/libc_nano.a(libc_a-sprintf.o)
                0x0000000008005ab0                sprintf
                0x0000000008005ab0                siprintf
 .text.memset   0x0000000008005af0       0x10 /Applications/STM32CubeIDE.app/Contents/Eclipse/plugins/com.st.stm32cube.ide.mcu.externaltools.gnu-tools-for-stm32.11.3.rel1.macos64_1.1.100.202310310803/tools/bin/../lib/gcc/arm-none-eabi/11.3.1/../../../../arm-none-eabi/lib/thumb/v7e-m+fp/hard/libc_nano.a(libc_a-memset.o)
                0x0000000008005af0                memset
 .text.__errno  0x0000000008005b00        0xc /Applications/STM32CubeIDE.app/Contents/Eclipse/plugins/com.st.stm32cube.ide.mcu.externaltools.gnu-tools-for-stm32.11.3.rel1.macos64_1.1.100.202310310803/tools/bin/../lib/gcc/arm-none-eabi/11.3.1/../../../../arm-none-eabi/lib/thumb/v7e-m+fp/hard/libc_nano.a(libc_a-errno.o)
                0x0000000008005b00                __errno
 .text.__libc_init_array
                0x0000000008005b0c       0x48 /Applications/STM32CubeIDE.app/Contents/Eclipse/plugins/com.st.stm32cube.ide.mcu.externaltools.gnu-tools-for-stm32.11.3.rel1.macos64_1.1.100.202310310803/tools/bin/../lib/gcc/arm-none-eabi/11.3.1/../../../../arm-none-eabi/lib/thumb/v7e-m+fp/hard/libc_nano.a(libc_a-init.o)
                0x0000000008005b0c                __libc_init_array
 .text.__retarget_lock_acquire_recursive
                0x0000000008005b54        0x2 /Applications/STM32CubeIDE.app/Contents/Eclipse/plugins/com.st.stm32cube.ide.mcu.externaltools.gnu-tools-for-stm32.11.3.rel1.macos64_1.1.100.202310310803/tools/bin/../lib/gcc/arm-none-eabi/11.3.1/../../../../arm-none-eabi/lib/thumb/v7e-m+fp/hard/libc_nano.a(libc_a-lock.o)
                0x0000000008005b54                __retarget_lock_acquire_recursive
 .text.__retarget_lock_release_recursive
                0x0000000008005b56        0x2 /Applications/STM32CubeIDE.app/Contents/Eclipse/plugins/com.st.stm32cube.ide.mcu.externaltools.gnu-tools-for-stm32.11.3.rel1.macos64_1.1.100.202310310803/tools/bin/../lib/gcc/arm-none-eabi/11.3.1/../../../../arm-none-eabi/lib/thumb/v7e-m+fp/hard/libc_nano.a(libc_a-lock.o)
                0x0000000008005b56                __retarget_lock_release_recursive
 .text.memcpy   0x0000000008005b58       0x1c /Applications/STM32CubeIDE.app/Contents/Eclipse/plugins/com.st.stm32cube.ide.mcu.externaltools.gnu-tools-for-stm32.11.3.rel1.macos64_1.1.100.202310310803/tools/bin/../lib/gcc/arm-none-eabi/11.3.1/../../../../arm-none-eabi/lib/thumb/v7e-m+fp/hard/libc_nano.a(libc_a-memcpy-stub.o)
                0x0000000008005b58                memcpy
 .text.__ssputs_r
                0x0000000008005b74       0xb4 /Applications/STM32CubeIDE.app/Contents/Eclipse/plugins/com.st.stm32cube.ide.mcu.externaltools.gnu-tools-for-stm32.11.3.rel1.macos64_1.1.100.202310310803/tools/bin/../lib/gcc/arm-none-eabi/11.3.1/../../../../arm-none-eabi/lib/thumb/v7e-m+fp/hard/libc_nano.a(libc_a-nano-svfprintf.o)
                0x0000000008005b74                __ssputs_r
 .text._svfprintf_r
                0x0000000008005c28      0x1fc /Applications/STM32CubeIDE.app/Contents/Eclipse/plugins/com.st.stm32cube.ide.mcu.externaltools.gnu-tools-for-stm32.11.3.rel1.macos64_1.1.100.202310310803/tools/bin/../lib/gcc/arm-none-eabi/11.3.1/../../../../arm-none-eabi/lib/thumb/v7e-m+fp/hard/libc_nano.a(libc_a-nano-svfprintf.o)
                0x0000000008005c28                _svfprintf_r
                0x0000000008005c28                _svfiprintf_r
 .text.sbrk_aligned
                0x0000000008005e24       0x40 /Applications/STM32CubeIDE.app/Contents/Eclipse/plugins/com.st.stm32cube.ide.mcu.externaltools.gnu-tools-for-stm32.11.3.rel1.macos64_1.1.100.202310310803/tools/bin/../lib/gcc/arm-none-eabi/11.3.1/../../../../arm-none-eabi/lib/thumb/v7e-m+fp/hard/libc_nano.a(libc_a-mallocr.o)
 .text._malloc_r
                0x0000000008005e64      0x100 /Applications/STM32CubeIDE.app/Contents/Eclipse/plugins/com.st.stm32cube.ide.mcu.externaltools.gnu-tools-for-stm32.11.3.rel1.macos64_1.1.100.202310310803/tools/bin/../lib/gcc/arm-none-eabi/11.3.1/../../../../arm-none-eabi/lib/thumb/v7e-m+fp/hard/libc_nano.a(libc_a-mallocr.o)
                0x0000000008005e64                _malloc_r
 .text._printf_common
                0x0000000008005f64       0xda /Applications/STM32CubeIDE.app/Contents/Eclipse/plugins/com.st.stm32cube.ide.mcu.externaltools.gnu-tools-for-stm32.11.3.rel1.macos64_1.1.100.202310310803/tools/bin/../lib/gcc/arm-none-eabi/11.3.1/../../../../arm-none-eabi/lib/thumb/v7e-m+fp/hard/libc_nano.a(libc_a-nano-vfprintf_i.o)
                0x0000000008005f64                _printf_common
 *fill*         0x000000000800603e        0x2 
 .text._printf_i
                0x0000000008006040      0x244 /Applications/STM32CubeIDE.app/Contents/Eclipse/plugins/com.st.stm32cube.ide.mcu.externaltools.gnu-tools-for-stm32.11.3.rel1.macos64_1.1.100.202310310803/tools/bin/../lib/gcc/arm-none-eabi/11.3.1/../../../../arm-none-eabi/lib/thumb/v7e-m+fp/hard/libc_nano.a(libc_a-nano-vfprintf_i.o)
                0x0000000008006040                _printf_i
 .text.__malloc_lock
                0x0000000008006284        0xc /Applications/STM32CubeIDE.app/Contents/Eclipse/plugins/com.st.stm32cube.ide.mcu.externaltools.gnu-tools-for-stm32.11.3.rel1.macos64_1.1.100.202310310803/tools/bin/../lib/gcc/arm-none-eabi/11.3.1/../../../../arm-none-eabi/lib/thumb/v7e-m+fp/hard/libc_nano.a(libc_a-mlock.o)
                0x0000000008006284                __malloc_lock
 .text.__malloc_unlock
                0x0000000008006290        0xc /Applications/STM32CubeIDE.app/Contents/Eclipse/plugins/com.st.stm32cube.ide.mcu.externaltools.gnu-tools-for-stm32.11.3.rel1.macos64_1.1.100.202310310803/tools/bin/../lib/gcc/arm-none-eabi/11.3.1/../../../../arm-none-eabi/lib/thumb/v7e-m+fp/hard/libc_nano.a(libc_a-mlock.o)
                0x0000000008006290                __malloc_unlock
 .text._realloc_r
                0x000000000800629c       0x5e /Applications/STM32CubeIDE.app/Contents/Eclipse/plugins/com.st.stm32cube.ide.mcu.externaltools.gnu-tools-for-stm32.11.3.rel1.macos64_1.1.100.202310310803/tools/bin/../lib/gcc/arm-none-eabi/11.3.1/../../../../arm-none-eabi/lib/thumb/v7e-m+fp/hard/libc_nano.a(libc_a-reallocr.o)
                0x000000000800629c                _realloc_r
 .text.memmove  0x00000000080062fa       0x34 /Applications/STM32CubeIDE.app/Contents/Eclipse/plugins/com.st.stm32cube.ide.mcu.externaltools.gnu-tools-for-stm32.11.3.rel1.macos64_1.1.100.202310310803/tools/bin/../lib/gcc/arm-none-eabi/11.3.1/../../../../arm-none-eabi/lib/thumb/v7e-m+fp/hard/libc_nano.a(libc_a-memmove.o)
                0x00000000080062fa                memmove
 *fill*         0x000000000800632e        0x2 
 .text._sbrk_r  0x0000000008006330       0x20 /Applications/STM32CubeIDE.app/Contents/Eclipse/plugins/com.st.stm32cube.ide.mcu.externaltools.gnu-tools-for-stm32.11.3.rel1.macos64_1.1.100.202310310803/tools/bin/../lib/gcc/arm-none-eabi/11.3.1/../../../../arm-none-eabi/lib/thumb/v7e-m+fp/hard/libc_nano.a(libc_a-sbrkr.o)
                0x0000000008006330                _sbrk_r
 .text._free_r  0x0000000008006350       0x98 /Applications/STM32CubeIDE.app/Contents/Eclipse/plugins/com.st.stm32cube.ide.mcu.externaltools.gnu-tools-for-stm32.11.3.rel1.macos64_1.1.100.202310310803/tools/bin/../lib/gcc/arm-none-eabi/11.3.1/../../../../arm-none-eabi/lib/thumb/v7e-m+fp/hard/libc_nano.a(libc_a-freer.o)
                0x0000000008006350                _free_r
 .text._malloc_usable_size_r
                0x00000000080063e8       0x10 /Applications/STM32CubeIDE.app/Contents/Eclipse/plugins/com.st.stm32cube.ide.mcu.externaltools.gnu-tools-for-stm32.11.3.rel1.macos64_1.1.100.202310310803/tools/bin/../lib/gcc/arm-none-eabi/11.3.1/../../../../arm-none-eabi/lib/thumb/v7e-m+fp/hard/libc_nano.a(libc_a-msizer.o)
                0x00000000080063e8                _malloc_usable_size_r
 *(.glue_7)
 .glue_7        0x00000000080063f8        0x0 linker stubs
 *(.glue_7t)
 .glue_7t       0x00000000080063f8        0x0 linker stubs
 *(.eh_frame)
 .eh_frame      0x00000000080063f8        0x0 /Applications/STM32CubeIDE.app/Contents/Eclipse/plugins/com.st.stm32cube.ide.mcu.externaltools.gnu-tools-for-stm32.11.3.rel1.macos64_1.1.100.202310310803/tools/bin/../lib/gcc/arm-none-eabi/11.3.1/thumb/v7e-m+fp/hard/crtbegin.o
 *(.init)
 .init          0x00000000080063f8        0x4 /Applications/STM32CubeIDE.app/Contents/Eclipse/plugins/com.st.stm32cube.ide.mcu.externaltools.gnu-tools-for-stm32.11.3.rel1.macos64_1.1.100.202310310803/tools/bin/../lib/gcc/arm-none-eabi/11.3.1/thumb/v7e-m+fp/hard/crti.o
                0x00000000080063f8                _init
 .init          0x00000000080063fc        0x8 /Applications/STM32CubeIDE.app/Contents/Eclipse/plugins/com.st.stm32cube.ide.mcu.externaltools.gnu-tools-for-stm32.11.3.rel1.macos64_1.1.100.202310310803/tools/bin/../lib/gcc/arm-none-eabi/11.3.1/thumb/v7e-m+fp/hard/crtn.o
 *(.fini)
 .fini          0x0000000008006404        0x4 /Applications/STM32CubeIDE.app/Contents/Eclipse/plugins/com.st.stm32cube.ide.mcu.externaltools.gnu-tools-for-stm32.11.3.rel1.macos64_1.1.100.202310310803/tools/bin/../lib/gcc/arm-none-eabi/11.3.1/thumb/v7e-m+fp/hard/crti.o
                0x0000000008006404                _fini
 .fini          0x0000000008006408        0x8 /Applications/STM32CubeIDE.app/Contents/Eclipse/plugins/com.st.stm32cube.ide.mcu.externaltools.gnu-tools-for-stm32.11.3.rel1.macos64_1.1.100.202310310803/tools/bin/../lib/gcc/arm-none-eabi/11.3.1/thumb/v7e-m+fp/hard/crtn.o
                0x0000000008006410                . = ALIGN (0x4)
                0x0000000008006410                _etext = .

.vfp11_veneer   0x0000000008006410        0x0
 .vfp11_veneer  0x0000000008006410        0x0 linker stubs

.v4_bx          0x0000000008006410        0x0
 .v4_bx         0x0000000008006410        0x0 linker stubs

.iplt           0x0000000008006410        0x0
 .iplt          0x0000000008006410        0x0 /Applications/STM32CubeIDE.app/Contents/Eclipse/plugins/com.st.stm32cube.ide.mcu.externaltools.gnu-tools-for-stm32.11.3.rel1.macos64_1.1.100.202310310803/tools/bin/../lib/gcc/arm-none-eabi/11.3.1/thumb/v7e-m+fp/hard/crtbegin.o

.rodata         0x0000000008006410       0x94
                0x0000000008006410                . = ALIGN (0x4)
 *(.rodata)
 .rodata        0x0000000008006410       0x2d ./Core/Src/main.o
 *(.rodata*)
 *fill*         0x000000000800643d        0x3 
 .rodata.AHBPrescTable
                0x0000000008006440       0x10 ./Core/Src/system_stm32f3xx.o
                0x0000000008006440                AHBPrescTable
 .rodata.aPLLMULFactorTable
                0x0000000008006450       0x10 ./Drivers/STM32F3xx_HAL_Driver/Src/stm32f3xx_hal_rcc.o
 .rodata.aPredivFactorTable
                0x0000000008006460       0x10 ./Drivers/STM32F3xx_HAL_Driver/Src/stm32f3xx_hal_rcc.o
 .rodata._svfprintf_r.str1.1
                0x0000000008006470       0x11 /Applications/STM32CubeIDE.app/Contents/Eclipse/plugins/com.st.stm32cube.ide.mcu.externaltools.gnu-tools-for-stm32.11.3.rel1.macos64_1.1.100.202310310803/tools/bin/../lib/gcc/arm-none-eabi/11.3.1/../../../../arm-none-eabi/lib/thumb/v7e-m+fp/hard/libc_nano.a(libc_a-nano-svfprintf.o)
 .rodata._printf_i.str1.1
                0x0000000008006481       0x22 /Applications/STM32CubeIDE.app/Contents/Eclipse/plugins/com.st.stm32cube.ide.mcu.externaltools.gnu-tools-for-stm32.11.3.rel1.macos64_1.1.100.202310310803/tools/bin/../lib/gcc/arm-none-eabi/11.3.1/../../../../arm-none-eabi/lib/thumb/v7e-m+fp/hard/libc_nano.a(libc_a-nano-vfprintf_i.o)
                0x00000000080064a4                . = ALIGN (0x4)
 *fill*         0x00000000080064a3        0x1 

.rel.dyn        0x00000000080064a4        0x0
 .rel.iplt      0x00000000080064a4        0x0 /Applications/STM32CubeIDE.app/Contents/Eclipse/plugins/com.st.stm32cube.ide.mcu.externaltools.gnu-tools-for-stm32.11.3.rel1.macos64_1.1.100.202310310803/tools/bin/../lib/gcc/arm-none-eabi/11.3.1/thumb/v7e-m+fp/hard/crtbegin.o

.ARM.extab      0x00000000080064a4        0x0
                0x00000000080064a4                . = ALIGN (0x4)
 *(.ARM.extab* .gnu.linkonce.armextab.*)
                0x00000000080064a4                . = ALIGN (0x4)

.ARM            0x00000000080064a4        0x0
                0x00000000080064a4                . = ALIGN (0x4)
                0x00000000080064a4                __exidx_start = .
 *(.ARM.exidx*)
                0x00000000080064a4                __exidx_end = .
                0x00000000080064a4                . = ALIGN (0x4)

.preinit_array  0x00000000080064a4        0x0
                0x00000000080064a4                . = ALIGN (0x4)
                0x00000000080064a4                PROVIDE (__preinit_array_start = .)
 *(.preinit_array*)
                0x00000000080064a4                PROVIDE (__preinit_array_end = .)
                0x00000000080064a4                . = ALIGN (0x4)

.init_array     0x00000000080064a4        0x4
                0x00000000080064a4                . = ALIGN (0x4)
                0x00000000080064a4                PROVIDE (__init_array_start = .)
 *(SORT_BY_NAME(.init_array.*))
 *(.init_array*)
 .init_array    0x00000000080064a4        0x4 /Applications/STM32CubeIDE.app/Contents/Eclipse/plugins/com.st.stm32cube.ide.mcu.externaltools.gnu-tools-for-stm32.11.3.rel1.macos64_1.1.100.202310310803/tools/bin/../lib/gcc/arm-none-eabi/11.3.1/thumb/v7e-m+fp/hard/crtbegin.o
                0x00000000080064a8                PROVIDE (__init_array_end = .)
                0x00000000080064a8                . = ALIGN (0x4)

.fini_array     0x00000000080064a8        0x4
                0x00000000080064a8                . = ALIGN (0x4)
                [!provide]                        PROVIDE (__fini_array_start = .)
 *(SORT_BY_NAME(.fini_array.*))
 *(.fini_array*)
 .fini_array    0x00000000080064a8        0x4 /Applications/STM32CubeIDE.app/Contents/Eclipse/plugins/com.st.stm32cube.ide.mcu.externaltools.gnu-tools-for-stm32.11.3.rel1.macos64_1.1.100.202310310803/tools/bin/../lib/gcc/arm-none-eabi/11.3.1/thumb/v7e-m+fp/hard/crtbegin.o
                [!provide]                        PROVIDE (__fini_array_end = .)
                0x00000000080064ac                . = ALIGN (0x4)
                0x00000000080064ac                _sidata = LOADADDR (.data)

.data           0x0000000020000000       0xa0 load address 0x00000000080064ac
                0x0000000020000000                . = ALIGN (0x4)
                0x0000000020000000                _sdata = .
 *(.data)
 *(.data*)
 .data.ptu_on_state
                0x0000000020000000        0x1 ./Core/Src/button_interrupt.o
                0x0000000020000000                ptu_on_state
 *fill*         0x0000000020000001        0x3 
 .data.USART1_PORT
                0x0000000020000004       0x40 ./Core/Src/serial.o
                0x0000000020000004                USART1_PORT
 .data.SystemCoreClock
                0x0000000020000044        0x4 ./Core/Src/system_stm32f3xx.o
                0x0000000020000044                SystemCoreClock
 .data.uwTickPrio
                0x0000000020000048        0x4 ./Drivers/STM32F3xx_HAL_Driver/Src/stm32f3xx_hal.o
                0x0000000020000048                uwTickPrio
 .data.uwTickFreq
                0x000000002000004c        0x1 ./Drivers/STM32F3xx_HAL_Driver/Src/stm32f3xx_hal.o
                0x000000002000004c                uwTickFreq
 *fill*         0x000000002000004d        0x3 
 .data._impure_data
                0x0000000020000050       0x4c /Applications/STM32CubeIDE.app/Contents/Eclipse/plugins/com.st.stm32cube.ide.mcu.externaltools.gnu-tools-for-stm32.11.3.rel1.macos64_1.1.100.202310310803/tools/bin/../lib/gcc/arm-none-eabi/11.3.1/../../../../arm-none-eabi/lib/thumb/v7e-m+fp/hard/libc_nano.a(libc_a-impure.o)
                0x0000000020000050                _impure_data
 .data._impure_ptr
                0x000000002000009c        0x4 /Applications/STM32CubeIDE.app/Contents/Eclipse/plugins/com.st.stm32cube.ide.mcu.externaltools.gnu-tools-for-stm32.11.3.rel1.macos64_1.1.100.202310310803/tools/bin/../lib/gcc/arm-none-eabi/11.3.1/../../../../arm-none-eabi/lib/thumb/v7e-m+fp/hard/libc_nano.a(libc_a-impure.o)
                0x000000002000009c                _impure_ptr
 *(.RamFunc)
 *(.RamFunc*)
                0x00000000200000a0                . = ALIGN (0x4)
                0x00000000200000a0                _edata = .
                0x000000000800654c                _siccmram = LOADADDR (.ccmram)

.igot.plt       0x00000000200000a0        0x0 load address 0x000000000800654c
 .igot.plt      0x00000000200000a0        0x0 /Applications/STM32CubeIDE.app/Contents/Eclipse/plugins/com.st.stm32cube.ide.mcu.externaltools.gnu-tools-for-stm32.11.3.rel1.macos64_1.1.100.202310310803/tools/bin/../lib/gcc/arm-none-eabi/11.3.1/thumb/v7e-m+fp/hard/crtbegin.o

.ccmram         0x0000000010000000        0x0 load address 0x000000000800654c
                0x0000000010000000                . = ALIGN (0x4)
                0x0000000010000000                _sccmram = .
 *(.ccmram)
 *(.ccmram*)
                0x0000000010000000                . = ALIGN (0x4)
                0x0000000010000000                _eccmram = .
                0x0000000010000000                . = ALIGN (0x4)

.bss            0x00000000200000a0      0x5b4
                0x00000000200000a0                _sbss = .
                0x00000000200000a0                __bss_start__ = _sbss
 *(.bss)
 .bss           0x00000000200000a0       0x1c /Applications/STM32CubeIDE.app/Contents/Eclipse/plugins/com.st.stm32cube.ide.mcu.externaltools.gnu-tools-for-stm32.11.3.rel1.macos64_1.1.100.202310310803/tools/bin/../lib/gcc/arm-none-eabi/11.3.1/thumb/v7e-m+fp/hard/crtbegin.o
 *(.bss*)
 .bss.on_button_press
                0x00000000200000bc        0x4 ./Core/Src/button_interrupt.o
                0x00000000200000bc                on_button_press
 .bss.hi2c1     0x00000000200000c0       0x54 ./Core/Src/main.o
                0x00000000200000c0                hi2c1
 .bss.hspi1     0x0000000020000114       0x64 ./Core/Src/main.o
                0x0000000020000114                hspi1
 .bss.htim1     0x0000000020000178       0x4c ./Core/Src/main.o
                0x0000000020000178                htim1
 .bss.htim2     0x00000000200001c4       0x4c ./Core/Src/main.o
                0x00000000200001c4                htim2
 .bss.hpcd_USB_FS
                0x0000000020000210      0x2ec ./Core/Src/main.o
                0x0000000020000210                hpcd_USB_FS
 .bss.last_capture
                0x00000000200004fc        0x2 ./Core/Src/main.o
                0x00000000200004fc                last_capture
 .bss.diff      0x00000000200004fe        0x2 ./Core/Src/main.o
                0x00000000200004fe                diff
 .bss.rise_time
                0x0000000020000500        0x2 ./Core/Src/main.o
                0x0000000020000500                rise_time
 .bss.last_period
                0x0000000020000502        0x2 ./Core/Src/main.o
                0x0000000020000502                last_period
 .bss.__sbrk_heap_end
                0x0000000020000504        0x4 ./Core/Src/sysmem.o
 .bss.uwTick    0x0000000020000508        0x4 ./Drivers/STM32F3xx_HAL_Driver/Src/stm32f3xx_hal.o
                0x0000000020000508                uwTick
 .bss.__sf      0x000000002000050c      0x138 /Applications/STM32CubeIDE.app/Contents/Eclipse/plugins/com.st.stm32cube.ide.mcu.externaltools.gnu-tools-for-stm32.11.3.rel1.macos64_1.1.100.202310310803/tools/bin/../lib/gcc/arm-none-eabi/11.3.1/../../../../arm-none-eabi/lib/thumb/v7e-m+fp/hard/libc_nano.a(libc_a-findfp.o)
                0x000000002000050c                __sf
 .bss.__lock___malloc_recursive_mutex
                0x0000000020000644        0x1 /Applications/STM32CubeIDE.app/Contents/Eclipse/plugins/com.st.stm32cube.ide.mcu.externaltools.gnu-tools-for-stm32.11.3.rel1.macos64_1.1.100.202310310803/tools/bin/../lib/gcc/arm-none-eabi/11.3.1/../../../../arm-none-eabi/lib/thumb/v7e-m+fp/hard/libc_nano.a(libc_a-lock.o)
                0x0000000020000644                __lock___malloc_recursive_mutex
 *fill*         0x0000000020000645        0x3 
 .bss.__malloc_free_list
                0x0000000020000648        0x4 /Applications/STM32CubeIDE.app/Contents/Eclipse/plugins/com.st.stm32cube.ide.mcu.externaltools.gnu-tools-for-stm32.11.3.rel1.macos64_1.1.100.202310310803/tools/bin/../lib/gcc/arm-none-eabi/11.3.1/../../../../arm-none-eabi/lib/thumb/v7e-m+fp/hard/libc_nano.a(libc_a-mallocr.o)
                0x0000000020000648                __malloc_free_list
 .bss.__malloc_sbrk_start
                0x000000002000064c        0x4 /Applications/STM32CubeIDE.app/Contents/Eclipse/plugins/com.st.stm32cube.ide.mcu.externaltools.gnu-tools-for-stm32.11.3.rel1.macos64_1.1.100.202310310803/tools/bin/../lib/gcc/arm-none-eabi/11.3.1/../../../../arm-none-eabi/lib/thumb/v7e-m+fp/hard/libc_nano.a(libc_a-mallocr.o)
                0x000000002000064c                __malloc_sbrk_start
 .bss.errno     0x0000000020000650        0x4 /Applications/STM32CubeIDE.app/Contents/Eclipse/plugins/com.st.stm32cube.ide.mcu.externaltools.gnu-tools-for-stm32.11.3.rel1.macos64_1.1.100.202310310803/tools/bin/../lib/gcc/arm-none-eabi/11.3.1/../../../../arm-none-eabi/lib/thumb/v7e-m+fp/hard/libc_nano.a(libc_a-reent.o)
                0x0000000020000650                errno
 *(COMMON)
                0x0000000020000654                . = ALIGN (0x4)
                0x0000000020000654                _ebss = .
                0x0000000020000654                __bss_end__ = _ebss

._user_heap_stack
                0x0000000020000654      0x604
                0x0000000020000658                . = ALIGN (0x8)
 *fill*         0x0000000020000654        0x4 
                [!provide]                        PROVIDE (end = .)
                0x0000000020000658                PROVIDE (_end = .)
                0x0000000020000858                . = (. + _Min_Heap_Size)
 *fill*         0x0000000020000658      0x200 
                0x0000000020000c58                . = (. + _Min_Stack_Size)
 *fill*         0x0000000020000858      0x400 
                0x0000000020000c58                . = ALIGN (0x8)

/DISCARD/
 libc.a(*)
 libm.a(*)
 libgcc.a(*)

.ARM.attributes
                0x0000000000000000       0x30
 *(.ARM.attributes)
 .ARM.attributes
                0x0000000000000000       0x1e /Applications/STM32CubeIDE.app/Contents/Eclipse/plugins/com.st.stm32cube.ide.mcu.externaltools.gnu-tools-for-stm32.11.3.rel1.macos64_1.1.100.202310310803/tools/bin/../lib/gcc/arm-none-eabi/11.3.1/thumb/v7e-m+fp/hard/crti.o
 .ARM.attributes
                0x000000000000001e       0x34 /Applications/STM32CubeIDE.app/Contents/Eclipse/plugins/com.st.stm32cube.ide.mcu.externaltools.gnu-tools-for-stm32.11.3.rel1.macos64_1.1.100.202310310803/tools/bin/../lib/gcc/arm-none-eabi/11.3.1/thumb/v7e-m+fp/hard/crtbegin.o
 .ARM.attributes
                0x0000000000000052       0x34 ./Core/Src/button_interrupt.o
 .ARM.attributes
                0x0000000000000086       0x34 ./Core/Src/main.o
 .ARM.attributes
                0x00000000000000ba       0x34 ./Core/Src/ptu_i2c.o
 .ARM.attributes
                0x00000000000000ee       0x34 ./Core/Src/serial.o
 .ARM.attributes
                0x0000000000000122       0x34 ./Core/Src/stm32f3xx_hal_msp.o
 .ARM.attributes
                0x0000000000000156       0x34 ./Core/Src/stm32f3xx_it.o
 .ARM.attributes
                0x000000000000018a       0x34 ./Core/Src/sysmem.o
 .ARM.attributes
                0x00000000000001be       0x34 ./Core/Src/system_stm32f3xx.o
 .ARM.attributes
                0x00000000000001f2       0x21 ./Core/Startup/startup_stm32f303vctx.o
 .ARM.attributes
                0x0000000000000213       0x34 ./Drivers/STM32F3xx_HAL_Driver/Src/stm32f3xx_hal.o
 .ARM.attributes
                0x0000000000000247       0x34 ./Drivers/STM32F3xx_HAL_Driver/Src/stm32f3xx_hal_cortex.o
 .ARM.attributes
                0x000000000000027b       0x34 ./Drivers/STM32F3xx_HAL_Driver/Src/stm32f3xx_hal_gpio.o
 .ARM.attributes
                0x00000000000002af       0x34 ./Drivers/STM32F3xx_HAL_Driver/Src/stm32f3xx_hal_i2c.o
 .ARM.attributes
                0x00000000000002e3       0x34 ./Drivers/STM32F3xx_HAL_Driver/Src/stm32f3xx_hal_i2c_ex.o
 .ARM.attributes
                0x0000000000000317       0x34 ./Drivers/STM32F3xx_HAL_Driver/Src/stm32f3xx_hal_pcd.o
 .ARM.attributes
                0x000000000000034b       0x34 ./Drivers/STM32F3xx_HAL_Driver/Src/stm32f3xx_hal_rcc.o
 .ARM.attributes
                0x000000000000037f       0x34 ./Drivers/STM32F3xx_HAL_Driver/Src/stm32f3xx_hal_rcc_ex.o
 .ARM.attributes
                0x00000000000003b3       0x34 ./Drivers/STM32F3xx_HAL_Driver/Src/stm32f3xx_hal_spi.o
 .ARM.attributes
                0x00000000000003e7       0x34 ./Drivers/STM32F3xx_HAL_Driver/Src/stm32f3xx_hal_tim.o
 .ARM.attributes
                0x000000000000041b       0x34 ./Drivers/STM32F3xx_HAL_Driver/Src/stm32f3xx_hal_tim_ex.o
 .ARM.attributes
                0x000000000000044f       0x34 ./Drivers/STM32F3xx_HAL_Driver/Src/stm32f3xx_ll_usb.o
 .ARM.attributes
                0x0000000000000483       0x34 /Applications/STM32CubeIDE.app/Contents/Eclipse/plugins/com.st.stm32cube.ide.mcu.externaltools.gnu-tools-for-stm32.11.3.rel1.macos64_1.1.100.202310310803/tools/bin/../lib/gcc/arm-none-eabi/11.3.1/../../../../arm-none-eabi/lib/thumb/v7e-m+fp/hard/libc_nano.a(libc_a-sprintf.o)
 .ARM.attributes
                0x00000000000004b7       0x34 /Applications/STM32CubeIDE.app/Contents/Eclipse/plugins/com.st.stm32cube.ide.mcu.externaltools.gnu-tools-for-stm32.11.3.rel1.macos64_1.1.100.202310310803/tools/bin/../lib/gcc/arm-none-eabi/11.3.1/../../../../arm-none-eabi/lib/thumb/v7e-m+fp/hard/libc_nano.a(libc_a-findfp.o)
 .ARM.attributes
                0x00000000000004eb       0x34 /Applications/STM32CubeIDE.app/Contents/Eclipse/plugins/com.st.stm32cube.ide.mcu.externaltools.gnu-tools-for-stm32.11.3.rel1.macos64_1.1.100.202310310803/tools/bin/../lib/gcc/arm-none-eabi/11.3.1/../../../../arm-none-eabi/lib/thumb/v7e-m+fp/hard/libc_nano.a(libc_a-memset.o)
 .ARM.attributes
                0x000000000000051f       0x34 /Applications/STM32CubeIDE.app/Contents/Eclipse/plugins/com.st.stm32cube.ide.mcu.externaltools.gnu-tools-for-stm32.11.3.rel1.macos64_1.1.100.202310310803/tools/bin/../lib/gcc/arm-none-eabi/11.3.1/../../../../arm-none-eabi/lib/thumb/v7e-m+fp/hard/libc_nano.a(libc_a-impure.o)
 .ARM.attributes
                0x0000000000000553       0x34 /Applications/STM32CubeIDE.app/Contents/Eclipse/plugins/com.st.stm32cube.ide.mcu.externaltools.gnu-tools-for-stm32.11.3.rel1.macos64_1.1.100.202310310803/tools/bin/../lib/gcc/arm-none-eabi/11.3.1/../../../../arm-none-eabi/lib/thumb/v7e-m+fp/hard/libc_nano.a(libc_a-errno.o)
 .ARM.attributes
                0x0000000000000587       0x34 /Applications/STM32CubeIDE.app/Contents/Eclipse/plugins/com.st.stm32cube.ide.mcu.externaltools.gnu-tools-for-stm32.11.3.rel1.macos64_1.1.100.202310310803/tools/bin/../lib/gcc/arm-none-eabi/11.3.1/../../../../arm-none-eabi/lib/thumb/v7e-m+fp/hard/libc_nano.a(libc_a-init.o)
 .ARM.attributes
                0x00000000000005bb       0x34 /Applications/STM32CubeIDE.app/Contents/Eclipse/plugins/com.st.stm32cube.ide.mcu.externaltools.gnu-tools-for-stm32.11.3.rel1.macos64_1.1.100.202310310803/tools/bin/../lib/gcc/arm-none-eabi/11.3.1/../../../../arm-none-eabi/lib/thumb/v7e-m+fp/hard/libc_nano.a(libc_a-lock.o)
 .ARM.attributes
                0x00000000000005ef       0x34 /Applications/STM32CubeIDE.app/Contents/Eclipse/plugins/com.st.stm32cube.ide.mcu.externaltools.gnu-tools-for-stm32.11.3.rel1.macos64_1.1.100.202310310803/tools/bin/../lib/gcc/arm-none-eabi/11.3.1/../../../../arm-none-eabi/lib/thumb/v7e-m+fp/hard/libc_nano.a(libc_a-memcpy-stub.o)
 .ARM.attributes
                0x0000000000000623       0x34 /Applications/STM32CubeIDE.app/Contents/Eclipse/plugins/com.st.stm32cube.ide.mcu.externaltools.gnu-tools-for-stm32.11.3.rel1.macos64_1.1.100.202310310803/tools/bin/../lib/gcc/arm-none-eabi/11.3.1/../../../../arm-none-eabi/lib/thumb/v7e-m+fp/hard/libc_nano.a(libc_a-nano-svfprintf.o)
 .ARM.attributes
                0x0000000000000657       0x34 /Applications/STM32CubeIDE.app/Contents/Eclipse/plugins/com.st.stm32cube.ide.mcu.externaltools.gnu-tools-for-stm32.11.3.rel1.macos64_1.1.100.202310310803/tools/bin/../lib/gcc/arm-none-eabi/11.3.1/../../../../arm-none-eabi/lib/thumb/v7e-m+fp/hard/libc_nano.a(libc_a-mallocr.o)
 .ARM.attributes
                0x000000000000068b       0x34 /Applications/STM32CubeIDE.app/Contents/Eclipse/plugins/com.st.stm32cube.ide.mcu.externaltools.gnu-tools-for-stm32.11.3.rel1.macos64_1.1.100.202310310803/tools/bin/../lib/gcc/arm-none-eabi/11.3.1/../../../../arm-none-eabi/lib/thumb/v7e-m+fp/hard/libc_nano.a(libc_a-nano-vfprintf_i.o)
 .ARM.attributes
                0x00000000000006bf       0x34 /Applications/STM32CubeIDE.app/Contents/Eclipse/plugins/com.st.stm32cube.ide.mcu.externaltools.gnu-tools-for-stm32.11.3.rel1.macos64_1.1.100.202310310803/tools/bin/../lib/gcc/arm-none-eabi/11.3.1/../../../../arm-none-eabi/lib/thumb/v7e-m+fp/hard/libc_nano.a(libc_a-mlock.o)
 .ARM.attributes
                0x00000000000006f3       0x34 /Applications/STM32CubeIDE.app/Contents/Eclipse/plugins/com.st.stm32cube.ide.mcu.externaltools.gnu-tools-for-stm32.11.3.rel1.macos64_1.1.100.202310310803/tools/bin/../lib/gcc/arm-none-eabi/11.3.1/../../../../arm-none-eabi/lib/thumb/v7e-m+fp/hard/libc_nano.a(libc_a-reallocr.o)
 .ARM.attributes
                0x0000000000000727       0x34 /Applications/STM32CubeIDE.app/Contents/Eclipse/plugins/com.st.stm32cube.ide.mcu.externaltools.gnu-tools-for-stm32.11.3.rel1.macos64_1.1.100.202310310803/tools/bin/../lib/gcc/arm-none-eabi/11.3.1/../../../../arm-none-eabi/lib/thumb/v7e-m+fp/hard/libc_nano.a(libc_a-memmove.o)
 .ARM.attributes
                0x000000000000075b       0x34 /Applications/STM32CubeIDE.app/Contents/Eclipse/plugins/com.st.stm32cube.ide.mcu.externaltools.gnu-tools-for-stm32.11.3.rel1.macos64_1.1.100.202310310803/tools/bin/../lib/gcc/arm-none-eabi/11.3.1/../../../../arm-none-eabi/lib/thumb/v7e-m+fp/hard/libc_nano.a(libc_a-reent.o)
 .ARM.attributes
                0x000000000000078f       0x34 /Applications/STM32CubeIDE.app/Contents/Eclipse/plugins/com.st.stm32cube.ide.mcu.externaltools.gnu-tools-for-stm32.11.3.rel1.macos64_1.1.100.202310310803/tools/bin/../lib/gcc/arm-none-eabi/11.3.1/../../../../arm-none-eabi/lib/thumb/v7e-m+fp/hard/libc_nano.a(libc_a-sbrkr.o)
 .ARM.attributes
                0x00000000000007c3       0x1c /Applications/STM32CubeIDE.app/Contents/Eclipse/plugins/com.st.stm32cube.ide.mcu.externaltools.gnu-tools-for-stm32.11.3.rel1.macos64_1.1.100.202310310803/tools/bin/../lib/gcc/arm-none-eabi/11.3.1/../../../../arm-none-eabi/lib/thumb/v7e-m+fp/hard/libc_nano.a(libc_a-memchr.o)
 .ARM.attributes
                0x00000000000007df       0x34 /Applications/STM32CubeIDE.app/Contents/Eclipse/plugins/com.st.stm32cube.ide.mcu.externaltools.gnu-tools-for-stm32.11.3.rel1.macos64_1.1.100.202310310803/tools/bin/../lib/gcc/arm-none-eabi/11.3.1/../../../../arm-none-eabi/lib/thumb/v7e-m+fp/hard/libc_nano.a(libc_a-freer.o)
 .ARM.attributes
                0x0000000000000813       0x34 /Applications/STM32CubeIDE.app/Contents/Eclipse/plugins/com.st.stm32cube.ide.mcu.externaltools.gnu-tools-for-stm32.11.3.rel1.macos64_1.1.100.202310310803/tools/bin/../lib/gcc/arm-none-eabi/11.3.1/../../../../arm-none-eabi/lib/thumb/v7e-m+fp/hard/libc_nano.a(libc_a-msizer.o)
 .ARM.attributes
                0x0000000000000847       0x1e /Applications/STM32CubeIDE.app/Contents/Eclipse/plugins/com.st.stm32cube.ide.mcu.externaltools.gnu-tools-for-stm32.11.3.rel1.macos64_1.1.100.202310310803/tools/bin/../lib/gcc/arm-none-eabi/11.3.1/thumb/v7e-m+fp/hard/crtn.o
OUTPUT(major-project-base-serialise.elf elf32-littlearm)
LOAD linker stubs
LOAD /Applications/STM32CubeIDE.app/Contents/Eclipse/plugins/com.st.stm32cube.ide.mcu.externaltools.gnu-tools-for-stm32.11.3.rel1.macos64_1.1.100.202310310803/tools/bin/../lib/gcc/arm-none-eabi/11.3.1/../../../../arm-none-eabi/lib/thumb/v7e-m+fp/hard/libc.a
LOAD /Applications/STM32CubeIDE.app/Contents/Eclipse/plugins/com.st.stm32cube.ide.mcu.externaltools.gnu-tools-for-stm32.11.3.rel1.macos64_1.1.100.202310310803/tools/bin/../lib/gcc/arm-none-eabi/11.3.1/../../../../arm-none-eabi/lib/thumb/v7e-m+fp/hard/libm.a
LOAD /Applications/STM32CubeIDE.app/Contents/Eclipse/plugins/com.st.stm32cube.ide.mcu.externaltools.gnu-tools-for-stm32.11.3.rel1.macos64_1.1.100.202310310803/tools/bin/../lib/gcc/arm-none-eabi/11.3.1/thumb/v7e-m+fp/hard/libgcc.a

.comment        0x0000000000000000       0x43
 .comment       0x0000000000000000       0x43 /Applications/STM32CubeIDE.app/Contents/Eclipse/plugins/com.st.stm32cube.ide.mcu.externaltools.gnu-tools-for-stm32.11.3.rel1.macos64_1.1.100.202310310803/tools/bin/../lib/gcc/arm-none-eabi/11.3.1/thumb/v7e-m+fp/hard/crtbegin.o
                                         0x44 (size before relaxing)
 .comment       0x0000000000000043       0x44 ./Core/Src/button_interrupt.o
 .comment       0x0000000000000043       0x44 ./Core/Src/main.o
 .comment       0x0000000000000043       0x44 ./Core/Src/ptu_i2c.o
 .comment       0x0000000000000043       0x44 ./Core/Src/serial.o
 .comment       0x0000000000000043       0x44 ./Core/Src/stm32f3xx_hal_msp.o
 .comment       0x0000000000000043       0x44 ./Core/Src/stm32f3xx_it.o
 .comment       0x0000000000000043       0x44 ./Core/Src/sysmem.o
 .comment       0x0000000000000043       0x44 ./Core/Src/system_stm32f3xx.o
 .comment       0x0000000000000043       0x44 ./Drivers/STM32F3xx_HAL_Driver/Src/stm32f3xx_hal.o
 .comment       0x0000000000000043       0x44 ./Drivers/STM32F3xx_HAL_Driver/Src/stm32f3xx_hal_cortex.o
 .comment       0x0000000000000043       0x44 ./Drivers/STM32F3xx_HAL_Driver/Src/stm32f3xx_hal_gpio.o
 .comment       0x0000000000000043       0x44 ./Drivers/STM32F3xx_HAL_Driver/Src/stm32f3xx_hal_i2c.o
 .comment       0x0000000000000043       0x44 ./Drivers/STM32F3xx_HAL_Driver/Src/stm32f3xx_hal_i2c_ex.o
 .comment       0x0000000000000043       0x44 ./Drivers/STM32F3xx_HAL_Driver/Src/stm32f3xx_hal_pcd.o
 .comment       0x0000000000000043       0x44 ./Drivers/STM32F3xx_HAL_Driver/Src/stm32f3xx_hal_rcc.o
 .comment       0x0000000000000043       0x44 ./Drivers/STM32F3xx_HAL_Driver/Src/stm32f3xx_hal_rcc_ex.o
 .comment       0x0000000000000043       0x44 ./Drivers/STM32F3xx_HAL_Driver/Src/stm32f3xx_hal_spi.o
 .comment       0x0000000000000043       0x44 ./Drivers/STM32F3xx_HAL_Driver/Src/stm32f3xx_hal_tim.o
 .comment       0x0000000000000043       0x44 ./Drivers/STM32F3xx_HAL_Driver/Src/stm32f3xx_hal_tim_ex.o
 .comment       0x0000000000000043       0x44 ./Drivers/STM32F3xx_HAL_Driver/Src/stm32f3xx_ll_usb.o

.debug_info     0x0000000000000000    0x13981
 .debug_info    0x0000000000000000      0x8ac ./Core/Src/button_interrupt.o
 .debug_info    0x00000000000008ac     0x1f43 ./Core/Src/main.o
 .debug_info    0x00000000000027ef      0x6c9 ./Core/Src/ptu_i2c.o
 .debug_info    0x0000000000002eb8      0x6cb ./Core/Src/serial.o
 .debug_info    0x0000000000003583     0x17be ./Core/Src/stm32f3xx_hal_msp.o
 .debug_info    0x0000000000004d41      0x6f7 ./Core/Src/stm32f3xx_it.o
 .debug_info    0x0000000000005438      0x168 ./Core/Src/sysmem.o
 .debug_info    0x00000000000055a0      0x407 ./Core/Src/system_stm32f3xx.o
 .debug_info    0x00000000000059a7       0x23 ./Core/Startup/startup_stm32f303vctx.o
 .debug_info    0x00000000000059ca      0x7d4 ./Drivers/STM32F3xx_HAL_Driver/Src/stm32f3xx_hal.o
 .debug_info    0x000000000000619e      0xcaf ./Drivers/STM32F3xx_HAL_Driver/Src/stm32f3xx_hal_cortex.o
 .debug_info    0x0000000000006e4d      0x5fe ./Drivers/STM32F3xx_HAL_Driver/Src/stm32f3xx_hal_gpio.o
 .debug_info    0x000000000000744b     0x2048 ./Drivers/STM32F3xx_HAL_Driver/Src/stm32f3xx_hal_i2c.o
 .debug_info    0x0000000000009493      0x824 ./Drivers/STM32F3xx_HAL_Driver/Src/stm32f3xx_hal_i2c_ex.o
 .debug_info    0x0000000000009cb7     0x162f ./Drivers/STM32F3xx_HAL_Driver/Src/stm32f3xx_hal_pcd.o
 .debug_info    0x000000000000b2e6     0x14f1 ./Drivers/STM32F3xx_HAL_Driver/Src/stm32f3xx_hal_rcc.o
 .debug_info    0x000000000000c7d7      0x601 ./Drivers/STM32F3xx_HAL_Driver/Src/stm32f3xx_hal_rcc_ex.o
 .debug_info    0x000000000000cdd8     0x1622 ./Drivers/STM32F3xx_HAL_Driver/Src/stm32f3xx_hal_spi.o
 .debug_info    0x000000000000e3fa     0x2a52 ./Drivers/STM32F3xx_HAL_Driver/Src/stm32f3xx_hal_tim.o
 .debug_info    0x0000000000010e4c     0x156d ./Drivers/STM32F3xx_HAL_Driver/Src/stm32f3xx_hal_tim_ex.o
 .debug_info    0x00000000000123b9     0x15c8 ./Drivers/STM32F3xx_HAL_Driver/Src/stm32f3xx_ll_usb.o

.debug_abbrev   0x0000000000000000     0x2b97
 .debug_abbrev  0x0000000000000000      0x210 ./Core/Src/button_interrupt.o
 .debug_abbrev  0x0000000000000210      0x3ba ./Core/Src/main.o
 .debug_abbrev  0x00000000000005ca      0x16e ./Core/Src/ptu_i2c.o
 .debug_abbrev  0x0000000000000738      0x1d5 ./Core/Src/serial.o
 .debug_abbrev  0x000000000000090d      0x22a ./Core/Src/stm32f3xx_hal_msp.o
 .debug_abbrev  0x0000000000000b37      0x194 ./Core/Src/stm32f3xx_it.o
 .debug_abbrev  0x0000000000000ccb       0xbc ./Core/Src/sysmem.o
 .debug_abbrev  0x0000000000000d87      0x11a ./Core/Src/system_stm32f3xx.o
 .debug_abbrev  0x0000000000000ea1       0x12 ./Core/Startup/startup_stm32f303vctx.o
 .debug_abbrev  0x0000000000000eb3      0x215 ./Drivers/STM32F3xx_HAL_Driver/Src/stm32f3xx_hal.o
 .debug_abbrev  0x00000000000010c8      0x329 ./Drivers/STM32F3xx_HAL_Driver/Src/stm32f3xx_hal_cortex.o
 .debug_abbrev  0x00000000000013f1      0x1ca ./Drivers/STM32F3xx_HAL_Driver/Src/stm32f3xx_hal_gpio.o
 .debug_abbrev  0x00000000000015bb      0x260 ./Drivers/STM32F3xx_HAL_Driver/Src/stm32f3xx_hal_i2c.o
 .debug_abbrev  0x000000000000181b      0x1c2 ./Drivers/STM32F3xx_HAL_Driver/Src/stm32f3xx_hal_i2c_ex.o
 .debug_abbrev  0x00000000000019dd      0x2d2 ./Drivers/STM32F3xx_HAL_Driver/Src/stm32f3xx_hal_pcd.o
 .debug_abbrev  0x0000000000001caf      0x300 ./Drivers/STM32F3xx_HAL_Driver/Src/stm32f3xx_hal_rcc.o
 .debug_abbrev  0x0000000000001faf      0x245 ./Drivers/STM32F3xx_HAL_Driver/Src/stm32f3xx_hal_rcc_ex.o
 .debug_abbrev  0x00000000000021f4      0x269 ./Drivers/STM32F3xx_HAL_Driver/Src/stm32f3xx_hal_spi.o
 .debug_abbrev  0x000000000000245d      0x278 ./Drivers/STM32F3xx_HAL_Driver/Src/stm32f3xx_hal_tim.o
 .debug_abbrev  0x00000000000026d5      0x283 ./Drivers/STM32F3xx_HAL_Driver/Src/stm32f3xx_hal_tim_ex.o
 .debug_abbrev  0x0000000000002958      0x23f ./Drivers/STM32F3xx_HAL_Driver/Src/stm32f3xx_ll_usb.o

.debug_aranges  0x0000000000000000     0x11b0
 .debug_aranges
                0x0000000000000000       0x50 ./Core/Src/button_interrupt.o
 .debug_aranges
                0x0000000000000050       0x78 ./Core/Src/main.o
 .debug_aranges
                0x00000000000000c8       0x20 ./Core/Src/ptu_i2c.o
 .debug_aranges
                0x00000000000000e8       0x50 ./Core/Src/serial.o
 .debug_aranges
                0x0000000000000138       0x78 ./Core/Src/stm32f3xx_hal_msp.o
 .debug_aranges
                0x00000000000001b0       0x70 ./Core/Src/stm32f3xx_it.o
 .debug_aranges
                0x0000000000000220       0x20 ./Core/Src/sysmem.o
 .debug_aranges
                0x0000000000000240       0x28 ./Core/Src/system_stm32f3xx.o
 .debug_aranges
                0x0000000000000268       0x28 ./Core/Startup/startup_stm32f303vctx.o
 .debug_aranges
                0x0000000000000290       0xe0 ./Drivers/STM32F3xx_HAL_Driver/Src/stm32f3xx_hal.o
 .debug_aranges
                0x0000000000000370      0x118 ./Drivers/STM32F3xx_HAL_Driver/Src/stm32f3xx_hal_cortex.o
 .debug_aranges
                0x0000000000000488       0x58 ./Drivers/STM32F3xx_HAL_Driver/Src/stm32f3xx_hal_gpio.o
 .debug_aranges
                0x00000000000004e0      0x2a0 ./Drivers/STM32F3xx_HAL_Driver/Src/stm32f3xx_hal_i2c.o
 .debug_aranges
                0x0000000000000780       0x48 ./Drivers/STM32F3xx_HAL_Driver/Src/stm32f3xx_hal_i2c_ex.o
 .debug_aranges
                0x00000000000007c8      0x140 ./Drivers/STM32F3xx_HAL_Driver/Src/stm32f3xx_hal_pcd.o
 .debug_aranges
                0x0000000000000908       0x88 ./Drivers/STM32F3xx_HAL_Driver/Src/stm32f3xx_hal_rcc.o
 .debug_aranges
                0x0000000000000990       0x38 ./Drivers/STM32F3xx_HAL_Driver/Src/stm32f3xx_hal_rcc_ex.o
 .debug_aranges
                0x00000000000009c8      0x1d8 ./Drivers/STM32F3xx_HAL_Driver/Src/stm32f3xx_hal_spi.o
 .debug_aranges
                0x0000000000000ba0      0x3e0 ./Drivers/STM32F3xx_HAL_Driver/Src/stm32f3xx_hal_tim.o
 .debug_aranges
                0x0000000000000f80      0x178 ./Drivers/STM32F3xx_HAL_Driver/Src/stm32f3xx_hal_tim_ex.o
 .debug_aranges
                0x00000000000010f8       0xb8 ./Drivers/STM32F3xx_HAL_Driver/Src/stm32f3xx_ll_usb.o

.debug_rnglists
                0x0000000000000000      0xdc7
 .debug_rnglists
                0x0000000000000000       0x37 ./Core/Src/button_interrupt.o
 .debug_rnglists
                0x0000000000000037       0x5c ./Core/Src/main.o
 .debug_rnglists
                0x0000000000000093       0x14 ./Core/Src/ptu_i2c.o
 .debug_rnglists
                0x00000000000000a7       0x45 ./Core/Src/serial.o
 .debug_rnglists
                0x00000000000000ec       0x59 ./Core/Src/stm32f3xx_hal_msp.o
 .debug_rnglists
                0x0000000000000145       0x4f ./Core/Src/stm32f3xx_it.o
 .debug_rnglists
                0x0000000000000194       0x13 ./Core/Src/sysmem.o
 .debug_rnglists
                0x00000000000001a7       0x1a ./Core/Src/system_stm32f3xx.o
 .debug_rnglists
                0x00000000000001c1       0x19 ./Core/Startup/startup_stm32f303vctx.o
 .debug_rnglists
                0x00000000000001da       0xa3 ./Drivers/STM32F3xx_HAL_Driver/Src/stm32f3xx_hal.o
 .debug_rnglists
                0x000000000000027d       0xce ./Drivers/STM32F3xx_HAL_Driver/Src/stm32f3xx_hal_cortex.o
 .debug_rnglists
                0x000000000000034b       0x3f ./Drivers/STM32F3xx_HAL_Driver/Src/stm32f3xx_hal_gpio.o
 .debug_rnglists
                0x000000000000038a      0x228 ./Drivers/STM32F3xx_HAL_Driver/Src/stm32f3xx_hal_i2c.o
 .debug_rnglists
                0x00000000000005b2       0x35 ./Drivers/STM32F3xx_HAL_Driver/Src/stm32f3xx_hal_i2c_ex.o
 .debug_rnglists
                0x00000000000005e7       0xf4 ./Drivers/STM32F3xx_HAL_Driver/Src/stm32f3xx_hal_pcd.o
 .debug_rnglists
                0x00000000000006db       0x66 ./Drivers/STM32F3xx_HAL_Driver/Src/stm32f3xx_hal_rcc.o
 .debug_rnglists
                0x0000000000000741       0x28 ./Drivers/STM32F3xx_HAL_Driver/Src/stm32f3xx_hal_rcc_ex.o
 .debug_rnglists
                0x0000000000000769      0x178 ./Drivers/STM32F3xx_HAL_Driver/Src/stm32f3xx_hal_spi.o
 .debug_rnglists
                0x00000000000008e1      0x328 ./Drivers/STM32F3xx_HAL_Driver/Src/stm32f3xx_hal_tim.o
 .debug_rnglists
                0x0000000000000c09      0x131 ./Drivers/STM32F3xx_HAL_Driver/Src/stm32f3xx_hal_tim_ex.o
 .debug_rnglists
                0x0000000000000d3a       0x8d ./Drivers/STM32F3xx_HAL_Driver/Src/stm32f3xx_ll_usb.o

.debug_macro    0x0000000000000000    0x1eeef
 .debug_macro   0x0000000000000000       0xc9 ./Core/Src/button_interrupt.o
 .debug_macro   0x00000000000000c9      0xaa8 ./Core/Src/button_interrupt.o
 .debug_macro   0x0000000000000b71       0x22 ./Core/Src/button_interrupt.o
 .debug_macro   0x0000000000000b93       0x8e ./Core/Src/button_interrupt.o
 .debug_macro   0x0000000000000c21       0x51 ./Core/Src/button_interrupt.o
 .debug_macro   0x0000000000000c72      0x103 ./Core/Src/button_interrupt.o
 .debug_macro   0x0000000000000d75       0x6a ./Core/Src/button_interrupt.o
 .debug_macro   0x0000000000000ddf      0x1df ./Core/Src/button_interrupt.o
 .debug_macro   0x0000000000000fbe       0x28 ./Core/Src/button_interrupt.o
 .debug_macro   0x0000000000000fe6       0x1c ./Core/Src/button_interrupt.o
 .debug_macro   0x0000000000001002       0x22 ./Core/Src/button_interrupt.o
 .debug_macro   0x0000000000001024       0xd9 ./Core/Src/button_interrupt.o
 .debug_macro   0x00000000000010fd     0x102d ./Core/Src/button_interrupt.o
 .debug_macro   0x000000000000212a      0x11f ./Core/Src/button_interrupt.o
 .debug_macro   0x0000000000002249    0x12a3a ./Core/Src/button_interrupt.o
 .debug_macro   0x0000000000014c83      0x32f ./Core/Src/main.o
 .debug_macro   0x0000000000014fb2      0x15d ./Core/Src/main.o
 .debug_macro   0x000000000001510f       0x2e ./Core/Src/main.o
 .debug_macro   0x000000000001513d       0x6d ./Core/Src/main.o
 .debug_macro   0x00000000000151aa     0x3558 ./Core/Src/main.o
 .debug_macro   0x0000000000018702      0x174 ./Core/Src/main.o
 .debug_macro   0x0000000000018876       0x55 ./Core/Src/main.o
 .debug_macro   0x00000000000188cb      0x961 ./Core/Src/main.o
 .debug_macro   0x000000000001922c      0x5fe ./Core/Src/main.o
 .debug_macro   0x000000000001982a      0x1b5 ./Core/Src/main.o
 .debug_macro   0x00000000000199df      0x1fb ./Core/Src/main.o
 .debug_macro   0x0000000000019bda      0x1dc ./Core/Src/main.o
 .debug_macro   0x0000000000019db6      0x1bc ./Core/Src/main.o
 .debug_macro   0x0000000000019f72       0x30 ./Core/Src/main.o
 .debug_macro   0x0000000000019fa2       0x3c ./Core/Src/main.o
 .debug_macro   0x0000000000019fde      0x235 ./Core/Src/main.o
 .debug_macro   0x000000000001a213       0xc5 ./Core/Src/main.o
 .debug_macro   0x000000000001a2d8      0x21d ./Core/Src/main.o
 .debug_macro   0x000000000001a4f5      0x22c ./Core/Src/main.o
 .debug_macro   0x000000000001a721       0x5b ./Core/Src/main.o
 .debug_macro   0x000000000001a77c       0xa5 ./Core/Src/main.o
 .debug_macro   0x000000000001a821       0x73 ./Core/Src/main.o
 .debug_macro   0x000000000001a894      0x242 ./Core/Src/main.o
 .debug_macro   0x000000000001aad6       0x81 ./Core/Src/main.o
 .debug_macro   0x000000000001ab57       0xd3 ./Core/Src/main.o
 .debug_macro   0x000000000001ac2a      0x2fe ./Core/Src/main.o
 .debug_macro   0x000000000001af28      0xa59 ./Core/Src/main.o
 .debug_macro   0x000000000001b981       0x89 ./Core/Src/main.o
 .debug_macro   0x000000000001ba0a      0x275 ./Core/Src/main.o
 .debug_macro   0x000000000001bc7f      0x160 ./Core/Src/main.o
 .debug_macro   0x000000000001bddf      0x142 ./Core/Src/main.o
 .debug_macro   0x000000000001bf21       0x61 ./Core/Src/main.o
 .debug_macro   0x000000000001bf82       0x2a ./Core/Src/main.o
 .debug_macro   0x000000000001bfac       0x43 ./Core/Src/main.o
 .debug_macro   0x000000000001bfef       0x34 ./Core/Src/main.o
 .debug_macro   0x000000000001c023       0x16 ./Core/Src/main.o
 .debug_macro   0x000000000001c039       0x43 ./Core/Src/main.o
 .debug_macro   0x000000000001c07c       0x34 ./Core/Src/main.o
 .debug_macro   0x000000000001c0b0       0x10 ./Core/Src/main.o
 .debug_macro   0x000000000001c0c0       0x58 ./Core/Src/main.o
 .debug_macro   0x000000000001c118       0x8e ./Core/Src/main.o
 .debug_macro   0x000000000001c1a6       0x1c ./Core/Src/main.o
 .debug_macro   0x000000000001c1c2      0x177 ./Core/Src/main.o
 .debug_macro   0x000000000001c339      0x369 ./Core/Src/main.o
 .debug_macro   0x000000000001c6a2       0x10 ./Core/Src/main.o
 .debug_macro   0x000000000001c6b2       0x35 ./Core/Src/main.o
 .debug_macro   0x000000000001c6e7       0x20 ./Core/Src/main.o
 .debug_macro   0x000000000001c707       0x22 ./Core/Src/main.o
 .debug_macro   0x000000000001c729       0x10 ./Core/Src/main.o
 .debug_macro   0x000000000001c739      0x19b ./Core/Src/main.o
 .debug_macro   0x000000000001c8d4      0x20f ./Core/Src/ptu_i2c.o
 .debug_macro   0x000000000001cae3      0x1b5 ./Core/Src/serial.o
 .debug_macro   0x000000000001cc98      0x20b ./Core/Src/stm32f3xx_hal_msp.o
 .debug_macro   0x000000000001cea3      0x215 ./Core/Src/stm32f3xx_it.o
 .debug_macro   0x000000000001d0b8       0xff ./Core/Src/sysmem.o
 .debug_macro   0x000000000001d1b7      0x23c ./Core/Src/sysmem.o
 .debug_macro   0x000000000001d3f3      0x1fc ./Core/Src/system_stm32f3xx.o
 .debug_macro   0x000000000001d5ef      0x220 ./Drivers/STM32F3xx_HAL_Driver/Src/stm32f3xx_hal.o
 .debug_macro   0x000000000001d80f      0x1fc ./Drivers/STM32F3xx_HAL_Driver/Src/stm32f3xx_hal_cortex.o
 .debug_macro   0x000000000001da0b      0x203 ./Drivers/STM32F3xx_HAL_Driver/Src/stm32f3xx_hal_gpio.o
 .debug_macro   0x000000000001dc0e      0x2c8 ./Drivers/STM32F3xx_HAL_Driver/Src/stm32f3xx_hal_i2c.o
 .debug_macro   0x000000000001ded6      0x1fc ./Drivers/STM32F3xx_HAL_Driver/Src/stm32f3xx_hal_i2c_ex.o
 .debug_macro   0x000000000001e0d2      0x208 ./Drivers/STM32F3xx_HAL_Driver/Src/stm32f3xx_hal_pcd.o
 .debug_macro   0x000000000001e2da      0x220 ./Drivers/STM32F3xx_HAL_Driver/Src/stm32f3xx_hal_rcc.o
 .debug_macro   0x000000000001e4fa      0x1fc ./Drivers/STM32F3xx_HAL_Driver/Src/stm32f3xx_hal_rcc_ex.o
 .debug_macro   0x000000000001e6f6      0x204 ./Drivers/STM32F3xx_HAL_Driver/Src/stm32f3xx_hal_spi.o
 .debug_macro   0x000000000001e8fa      0x1fd ./Drivers/STM32F3xx_HAL_Driver/Src/stm32f3xx_hal_tim.o
 .debug_macro   0x000000000001eaf7      0x1fc ./Drivers/STM32F3xx_HAL_Driver/Src/stm32f3xx_hal_tim_ex.o
 .debug_macro   0x000000000001ecf3      0x1fc ./Drivers/STM32F3xx_HAL_Driver/Src/stm32f3xx_ll_usb.o

.debug_line     0x0000000000000000    0x1613d
 .debug_line    0x0000000000000000      0x59a ./Core/Src/button_interrupt.o
 .debug_line    0x000000000000059a      0xd24 ./Core/Src/main.o
 .debug_line    0x00000000000012be      0x773 ./Core/Src/ptu_i2c.o
 .debug_line    0x0000000000001a31      0x827 ./Core/Src/serial.o
 .debug_line    0x0000000000002258      0x8f7 ./Core/Src/stm32f3xx_hal_msp.o
 .debug_line    0x0000000000002b4f      0x846 ./Core/Src/stm32f3xx_it.o
 .debug_line    0x0000000000003395      0x51c ./Core/Src/sysmem.o
 .debug_line    0x00000000000038b1      0x7ca ./Core/Src/system_stm32f3xx.o
 .debug_line    0x000000000000407b       0x7a ./Core/Startup/startup_stm32f303vctx.o
 .debug_line    0x00000000000040f5      0x9ff ./Drivers/STM32F3xx_HAL_Driver/Src/stm32f3xx_hal.o
 .debug_line    0x0000000000004af4      0xcc4 ./Drivers/STM32F3xx_HAL_Driver/Src/stm32f3xx_hal_cortex.o
 .debug_line    0x00000000000057b8      0xb5e ./Drivers/STM32F3xx_HAL_Driver/Src/stm32f3xx_hal_gpio.o
 .debug_line    0x0000000000006316     0x37d8 ./Drivers/STM32F3xx_HAL_Driver/Src/stm32f3xx_hal_i2c.o
 .debug_line    0x0000000000009aee      0x971 ./Drivers/STM32F3xx_HAL_Driver/Src/stm32f3xx_hal_i2c_ex.o
 .debug_line    0x000000000000a45f     0x1343 ./Drivers/STM32F3xx_HAL_Driver/Src/stm32f3xx_hal_pcd.o
 .debug_line    0x000000000000b7a2     0x13d9 ./Drivers/STM32F3xx_HAL_Driver/Src/stm32f3xx_hal_rcc.o
 .debug_line    0x000000000000cb7b      0xd65 ./Drivers/STM32F3xx_HAL_Driver/Src/stm32f3xx_hal_rcc_ex.o
 .debug_line    0x000000000000d8e0     0x1fb2 ./Drivers/STM32F3xx_HAL_Driver/Src/stm32f3xx_hal_spi.o
 .debug_line    0x000000000000f892     0x3dc4 ./Drivers/STM32F3xx_HAL_Driver/Src/stm32f3xx_hal_tim.o
 .debug_line    0x0000000000013656     0x1aef ./Drivers/STM32F3xx_HAL_Driver/Src/stm32f3xx_hal_tim_ex.o
 .debug_line    0x0000000000015145      0xff8 ./Drivers/STM32F3xx_HAL_Driver/Src/stm32f3xx_ll_usb.o

.debug_str      0x0000000000000000    0xb9937
 .debug_str     0x0000000000000000    0x725eb ./Core/Src/button_interrupt.o
                                      0x728a7 (size before relaxing)
 .debug_str     0x00000000000725eb    0x431b0 ./Core/Src/main.o
                                      0xb5bcf (size before relaxing)
 .debug_str     0x00000000000b579b       0x97 ./Core/Src/ptu_i2c.o
                                      0xb0b45 (size before relaxing)
 .debug_str     0x00000000000b5832      0x290 ./Core/Src/serial.o
                                      0x75afd (size before relaxing)
 .debug_str     0x00000000000b5ac2      0x173 ./Core/Src/stm32f3xx_hal_msp.o
                                      0xb19c5 (size before relaxing)
 .debug_str     0x00000000000b5c35       0xec ./Core/Src/stm32f3xx_it.o
                                      0xb0c4c (size before relaxing)
 .debug_str     0x00000000000b5d21      0x4dc ./Core/Src/sysmem.o
                                       0x6071 (size before relaxing)
 .debug_str     0x00000000000b61fd       0x8b ./Core/Src/system_stm32f3xx.o
                                      0xb0276 (size before relaxing)
 .debug_str     0x00000000000b6288       0x34 ./Core/Startup/startup_stm32f303vctx.o
                                         0x83 (size before relaxing)
 .debug_str     0x00000000000b62bc      0x370 ./Drivers/STM32F3xx_HAL_Driver/Src/stm32f3xx_hal.o
                                      0xb0ab4 (size before relaxing)
 .debug_str     0x00000000000b662c      0x2e3 ./Drivers/STM32F3xx_HAL_Driver/Src/stm32f3xx_hal_cortex.o
                                      0xb0b06 (size before relaxing)
 .debug_str     0x00000000000b690f       0xd0 ./Drivers/STM32F3xx_HAL_Driver/Src/stm32f3xx_hal_gpio.o
                                      0xb03e3 (size before relaxing)
 .debug_str     0x00000000000b69df      0xe27 ./Drivers/STM32F3xx_HAL_Driver/Src/stm32f3xx_hal_i2c.o
                                      0xb1579 (size before relaxing)
 .debug_str     0x00000000000b7806       0xb8 ./Drivers/STM32F3xx_HAL_Driver/Src/stm32f3xx_hal_i2c_ex.o
                                      0xb0797 (size before relaxing)
 .debug_str     0x00000000000b78be      0x507 ./Drivers/STM32F3xx_HAL_Driver/Src/stm32f3xx_hal_pcd.o
                                      0xb0a8b (size before relaxing)
 .debug_str     0x00000000000b7dc5      0x2c6 ./Drivers/STM32F3xx_HAL_Driver/Src/stm32f3xx_hal_rcc.o
                                      0xb0716 (size before relaxing)
 .debug_str     0x00000000000b808b       0xbe ./Drivers/STM32F3xx_HAL_Driver/Src/stm32f3xx_hal_rcc_ex.o
                                      0xb04da (size before relaxing)
 .debug_str     0x00000000000b8149      0x574 ./Drivers/STM32F3xx_HAL_Driver/Src/stm32f3xx_hal_spi.o
                                      0xb0b9c (size before relaxing)
 .debug_str     0x00000000000b86bd      0xcc6 ./Drivers/STM32F3xx_HAL_Driver/Src/stm32f3xx_hal_tim.o
                                      0xb169d (size before relaxing)
 .debug_str     0x00000000000b9383      0x4dc ./Drivers/STM32F3xx_HAL_Driver/Src/stm32f3xx_hal_tim_ex.o
                                      0xb0ef3 (size before relaxing)
 .debug_str     0x00000000000b985f       0xd8 ./Drivers/STM32F3xx_HAL_Driver/Src/stm32f3xx_ll_usb.o
                                      0xb05e0 (size before relaxing)

.debug_frame    0x0000000000000000     0x4fec
 .debug_frame   0x0000000000000000      0x100 ./Core/Src/button_interrupt.o
 .debug_frame   0x0000000000000100      0x1a8 ./Core/Src/main.o
 .debug_frame   0x00000000000002a8       0x38 ./Core/Src/ptu_i2c.o
 .debug_frame   0x00000000000002e0      0x118 ./Core/Src/serial.o
 .debug_frame   0x00000000000003f8      0x1c0 ./Core/Src/stm32f3xx_hal_msp.o
 .debug_frame   0x00000000000005b8      0x13c ./Core/Src/stm32f3xx_it.o
 .debug_frame   0x00000000000006f4       0x34 ./Core/Src/sysmem.o
 .debug_frame   0x0000000000000728       0x58 ./Core/Src/system_stm32f3xx.o
 .debug_frame   0x0000000000000780      0x334 ./Drivers/STM32F3xx_HAL_Driver/Src/stm32f3xx_hal.o
 .debug_frame   0x0000000000000ab4      0x498 ./Drivers/STM32F3xx_HAL_Driver/Src/stm32f3xx_hal_cortex.o
 .debug_frame   0x0000000000000f4c      0x14c ./Drivers/STM32F3xx_HAL_Driver/Src/stm32f3xx_hal_gpio.o
 .debug_frame   0x0000000000001098      0xc34 ./Drivers/STM32F3xx_HAL_Driver/Src/stm32f3xx_hal_i2c.o
 .debug_frame   0x0000000000001ccc      0x100 ./Drivers/STM32F3xx_HAL_Driver/Src/stm32f3xx_hal_i2c_ex.o
 .debug_frame   0x0000000000001dcc      0x59c ./Drivers/STM32F3xx_HAL_Driver/Src/stm32f3xx_hal_pcd.o
 .debug_frame   0x0000000000002368      0x214 ./Drivers/STM32F3xx_HAL_Driver/Src/stm32f3xx_hal_rcc.o
 .debug_frame   0x000000000000257c       0xb0 ./Drivers/STM32F3xx_HAL_Driver/Src/stm32f3xx_hal_rcc_ex.o
 .debug_frame   0x000000000000262c      0x860 ./Drivers/STM32F3xx_HAL_Driver/Src/stm32f3xx_hal_spi.o
 .debug_frame   0x0000000000002e8c     0x121c ./Drivers/STM32F3xx_HAL_Driver/Src/stm32f3xx_hal_tim.o
 .debug_frame   0x00000000000040a8      0x688 ./Drivers/STM32F3xx_HAL_Driver/Src/stm32f3xx_hal_tim_ex.o
 .debug_frame   0x0000000000004730      0x338 ./Drivers/STM32F3xx_HAL_Driver/Src/stm32f3xx_ll_usb.o
 .debug_frame   0x0000000000004a68       0x6c /Applications/STM32CubeIDE.app/Contents/Eclipse/plugins/com.st.stm32cube.ide.mcu.externaltools.gnu-tools-for-stm32.11.3.rel1.macos64_1.1.100.202310310803/tools/bin/../lib/gcc/arm-none-eabi/11.3.1/../../../../arm-none-eabi/lib/thumb/v7e-m+fp/hard/libc_nano.a(libc_a-sprintf.o)
 .debug_frame   0x0000000000004ad4      0x144 /Applications/STM32CubeIDE.app/Contents/Eclipse/plugins/com.st.stm32cube.ide.mcu.externaltools.gnu-tools-for-stm32.11.3.rel1.macos64_1.1.100.202310310803/tools/bin/../lib/gcc/arm-none-eabi/11.3.1/../../../../arm-none-eabi/lib/thumb/v7e-m+fp/hard/libc_nano.a(libc_a-findfp.o)
 .debug_frame   0x0000000000004c18       0x20 /Applications/STM32CubeIDE.app/Contents/Eclipse/plugins/com.st.stm32cube.ide.mcu.externaltools.gnu-tools-for-stm32.11.3.rel1.macos64_1.1.100.202310310803/tools/bin/../lib/gcc/arm-none-eabi/11.3.1/../../../../arm-none-eabi/lib/thumb/v7e-m+fp/hard/libc_nano.a(libc_a-memset.o)
 .debug_frame   0x0000000000004c38       0x20 /Applications/STM32CubeIDE.app/Contents/Eclipse/plugins/com.st.stm32cube.ide.mcu.externaltools.gnu-tools-for-stm32.11.3.rel1.macos64_1.1.100.202310310803/tools/bin/../lib/gcc/arm-none-eabi/11.3.1/../../../../arm-none-eabi/lib/thumb/v7e-m+fp/hard/libc_nano.a(libc_a-errno.o)
 .debug_frame   0x0000000000004c58       0x2c /Applications/STM32CubeIDE.app/Contents/Eclipse/plugins/com.st.stm32cube.ide.mcu.externaltools.gnu-tools-for-stm32.11.3.rel1.macos64_1.1.100.202310310803/tools/bin/../lib/gcc/arm-none-eabi/11.3.1/../../../../arm-none-eabi/lib/thumb/v7e-m+fp/hard/libc_nano.a(libc_a-init.o)
 .debug_frame   0x0000000000004c84       0xb0 /Applications/STM32CubeIDE.app/Contents/Eclipse/plugins/com.st.stm32cube.ide.mcu.externaltools.gnu-tools-for-stm32.11.3.rel1.macos64_1.1.100.202310310803/tools/bin/../lib/gcc/arm-none-eabi/11.3.1/../../../../arm-none-eabi/lib/thumb/v7e-m+fp/hard/libc_nano.a(libc_a-lock.o)
 .debug_frame   0x0000000000004d34       0x28 /Applications/STM32CubeIDE.app/Contents/Eclipse/plugins/com.st.stm32cube.ide.mcu.externaltools.gnu-tools-for-stm32.11.3.rel1.macos64_1.1.100.202310310803/tools/bin/../lib/gcc/arm-none-eabi/11.3.1/../../../../arm-none-eabi/lib/thumb/v7e-m+fp/hard/libc_nano.a(libc_a-memcpy-stub.o)
 .debug_frame   0x0000000000004d5c       0x90 /Applications/STM32CubeIDE.app/Contents/Eclipse/plugins/com.st.stm32cube.ide.mcu.externaltools.gnu-tools-for-stm32.11.3.rel1.macos64_1.1.100.202310310803/tools/bin/../lib/gcc/arm-none-eabi/11.3.1/../../../../arm-none-eabi/lib/thumb/v7e-m+fp/hard/libc_nano.a(libc_a-nano-svfprintf.o)
 .debug_frame   0x0000000000004dec       0x50 /Applications/STM32CubeIDE.app/Contents/Eclipse/plugins/com.st.stm32cube.ide.mcu.externaltools.gnu-tools-for-stm32.11.3.rel1.macos64_1.1.100.202310310803/tools/bin/../lib/gcc/arm-none-eabi/11.3.1/../../../../arm-none-eabi/lib/thumb/v7e-m+fp/hard/libc_nano.a(libc_a-mallocr.o)
 .debug_frame   0x0000000000004e3c       0x60 /Applications/STM32CubeIDE.app/Contents/Eclipse/plugins/com.st.stm32cube.ide.mcu.externaltools.gnu-tools-for-stm32.11.3.rel1.macos64_1.1.100.202310310803/tools/bin/../lib/gcc/arm-none-eabi/11.3.1/../../../../arm-none-eabi/lib/thumb/v7e-m+fp/hard/libc_nano.a(libc_a-nano-vfprintf_i.o)
 .debug_frame   0x0000000000004e9c       0x30 /Applications/STM32CubeIDE.app/Contents/Eclipse/plugins/com.st.stm32cube.ide.mcu.externaltools.gnu-tools-for-stm32.11.3.rel1.macos64_1.1.100.202310310803/tools/bin/../lib/gcc/arm-none-eabi/11.3.1/../../../../arm-none-eabi/lib/thumb/v7e-m+fp/hard/libc_nano.a(libc_a-mlock.o)
 .debug_frame   0x0000000000004ecc       0x3c /Applications/STM32CubeIDE.app/Contents/Eclipse/plugins/com.st.stm32cube.ide.mcu.externaltools.gnu-tools-for-stm32.11.3.rel1.macos64_1.1.100.202310310803/tools/bin/../lib/gcc/arm-none-eabi/11.3.1/../../../../arm-none-eabi/lib/thumb/v7e-m+fp/hard/libc_nano.a(libc_a-reallocr.o)
 .debug_frame   0x0000000000004f08       0x28 /Applications/STM32CubeIDE.app/Contents/Eclipse/plugins/com.st.stm32cube.ide.mcu.externaltools.gnu-tools-for-stm32.11.3.rel1.macos64_1.1.100.202310310803/tools/bin/../lib/gcc/arm-none-eabi/11.3.1/../../../../arm-none-eabi/lib/thumb/v7e-m+fp/hard/libc_nano.a(libc_a-memmove.o)
 .debug_frame   0x0000000000004f30       0x38 /Applications/STM32CubeIDE.app/Contents/Eclipse/plugins/com.st.stm32cube.ide.mcu.externaltools.gnu-tools-for-stm32.11.3.rel1.macos64_1.1.100.202310310803/tools/bin/../lib/gcc/arm-none-eabi/11.3.1/../../../../arm-none-eabi/lib/thumb/v7e-m+fp/hard/libc_nano.a(libc_a-reent.o)
 .debug_frame   0x0000000000004f68       0x2c /Applications/STM32CubeIDE.app/Contents/Eclipse/plugins/com.st.stm32cube.ide.mcu.externaltools.gnu-tools-for-stm32.11.3.rel1.macos64_1.1.100.202310310803/tools/bin/../lib/gcc/arm-none-eabi/11.3.1/../../../../arm-none-eabi/lib/thumb/v7e-m+fp/hard/libc_nano.a(libc_a-sbrkr.o)
 .debug_frame   0x0000000000004f94       0x38 /Applications/STM32CubeIDE.app/Contents/Eclipse/plugins/com.st.stm32cube.ide.mcu.externaltools.gnu-tools-for-stm32.11.3.rel1.macos64_1.1.100.202310310803/tools/bin/../lib/gcc/arm-none-eabi/11.3.1/../../../../arm-none-eabi/lib/thumb/v7e-m+fp/hard/libc_nano.a(libc_a-freer.o)
 .debug_frame   0x0000000000004fcc       0x20 /Applications/STM32CubeIDE.app/Contents/Eclipse/plugins/com.st.stm32cube.ide.mcu.externaltools.gnu-tools-for-stm32.11.3.rel1.macos64_1.1.100.202310310803/tools/bin/../lib/gcc/arm-none-eabi/11.3.1/../../../../arm-none-eabi/lib/thumb/v7e-m+fp/hard/libc_nano.a(libc_a-msizer.o)

.debug_line_str
                0x0000000000000000       0x77
 .debug_line_str
                0x0000000000000000       0x77 ./Core/Startup/startup_stm32f303vctx.o
                                         0x8f (size before relaxing)