Archive member included to satisfy reference by file (symbol)

/Applications/STM32CubeIDE.app/Contents/Eclipse/plugins/com.st.stm32cube.ide.mcu.externaltools.gnu-tools-for-stm32.11.3.rel1.macos64_1.1.100.202310310803/tools/bin/../lib/gcc/arm-none-eabi/11.3.1/../../../../arm-none-eabi/lib/thumb/v7e-m+fp/hard/libc_nano.a(libc_a-exit.o)
                              /Applications/STM32CubeIDE.app/Contents/Eclipse/plugins/com.st.stm32cube.ide.mcu.externaltools.gnu-tools-for-stm32.11.3.rel1.macos64_1.1.100.202310310803/tools/bin/../lib/gcc/arm-none-eabi/11.3.1/../../../../arm-none-eabi/lib/thumb/v7e-m+fp/hard/crt0.o (exit)
/Applications/STM32CubeIDE.app/Contents/Eclipse/plugins/com.st.stm32cube.ide.mcu.externaltools.gnu-tools-for-stm32.11.3.rel1.macos64_1.1.100.202310310803/tools/bin/../lib/gcc/arm-none-eabi/11.3.1/../../../../arm-none-eabi/lib/thumb/v7e-m+fp/hard/libc_nano.a(libc_a-findfp.o)
                              /Applications/STM32CubeIDE.app/Contents/Eclipse/plugins/com.st.stm32cube.ide.mcu.externaltools.gnu-tools-for-stm32.11.3.rel1.macos64_1.1.100.202310310803/tools/bin/../lib/gcc/arm-none-eabi/11.3.1/../../../../arm-none-eabi/lib/thumb/v7e-m+fp/hard/libc_nano.a(libc_a-exit.o) (__stdio_exit_handler)
/Applications/STM32CubeIDE.app/Contents/Eclipse/plugins/com.st.stm32cube.ide.mcu.externaltools.gnu-tools-for-stm32.11.3.rel1.macos64_1.1.100.202310310803/tools/bin/../lib/gcc/arm-none-eabi/11.3.1/../../../../arm-none-eabi/lib/thumb/v7e-m+fp/hard/libc_nano.a(libc_a-fwalk.o)
                              /Applications/STM32CubeIDE.app/Contents/Eclipse/plugins/com.st.stm32cube.ide.mcu.externaltools.gnu-tools-for-stm32.11.3.rel1.macos64_1.1.100.202310310803/tools/bin/../lib/gcc/arm-none-eabi/11.3.1/../../../../arm-none-eabi/lib/thumb/v7e-m+fp/hard/libc_nano.a(libc_a-findfp.o) (_fwalk_sglue)
/Applications/STM32CubeIDE.app/Contents/Eclipse/plugins/com.st.stm32cube.ide.mcu.externaltools.gnu-tools-for-stm32.11.3.rel1.macos64_1.1.100.202310310803/tools/bin/../lib/gcc/arm-none-eabi/11.3.1/../../../../arm-none-eabi/lib/thumb/v7e-m+fp/hard/libc_nano.a(libc_a-memset.o)
                              /Applications/STM32CubeIDE.app/Contents/Eclipse/plugins/com.st.stm32cube.ide.mcu.externaltools.gnu-tools-for-stm32.11.3.rel1.macos64_1.1.100.202310310803/tools/bin/../lib/gcc/arm-none-eabi/11.3.1/../../../../arm-none-eabi/lib/thumb/v7e-m+fp/hard/crt0.o (memset)
/Applications/STM32CubeIDE.app/Contents/Eclipse/plugins/com.st.stm32cube.ide.mcu.externaltools.gnu-tools-for-stm32.11.3.rel1.macos64_1.1.100.202310310803/tools/bin/../lib/gcc/arm-none-eabi/11.3.1/../../../../arm-none-eabi/lib/thumb/v7e-m+fp/hard/libc_nano.a(libc_a-impure.o)
                              /Applications/STM32CubeIDE.app/Contents/Eclipse/plugins/com.st.stm32cube.ide.mcu.externaltools.gnu-tools-for-stm32.11.3.rel1.macos64_1.1.100.202310310803/tools/bin/../lib/gcc/arm-none-eabi/11.3.1/../../../../arm-none-eabi/lib/thumb/v7e-m+fp/hard/libc_nano.a(libc_a-findfp.o) (_impure_data)
/Applications/STM32CubeIDE.app/Contents/Eclipse/plugins/com.st.stm32cube.ide.mcu.externaltools.gnu-tools-for-stm32.11.3.rel1.macos64_1.1.100.202310310803/tools/bin/../lib/gcc/arm-none-eabi/11.3.1/../../../../arm-none-eabi/lib/thumb/v7e-m+fp/hard/libc_nano.a(libc_a-errno.o)
                              ./Core/Src/syscalls.o (__errno)
/Applications/STM32CubeIDE.app/Contents/Eclipse/plugins/com.st.stm32cube.ide.mcu.externaltools.gnu-tools-for-stm32.11.3.rel1.macos64_1.1.100.202310310803/tools/bin/../lib/gcc/arm-none-eabi/11.3.1/../../../../arm-none-eabi/lib/thumb/v7e-m+fp/hard/libc_nano.a(libc_a-init.o)
                              /Applications/STM32CubeIDE.app/Contents/Eclipse/plugins/com.st.stm32cube.ide.mcu.externaltools.gnu-tools-for-stm32.11.3.rel1.macos64_1.1.100.202310310803/tools/bin/../lib/gcc/arm-none-eabi/11.3.1/../../../../arm-none-eabi/lib/thumb/v7e-m+fp/hard/crt0.o (__libc_init_array)
/Applications/STM32CubeIDE.app/Contents/Eclipse/plugins/com.st.stm32cube.ide.mcu.externaltools.gnu-tools-for-stm32.11.3.rel1.macos64_1.1.100.202310310803/tools/bin/../lib/gcc/arm-none-eabi/11.3.1/../../../../arm-none-eabi/lib/thumb/v7e-m+fp/hard/libc_nano.a(libc_a-lock.o)
                              /Applications/STM32CubeIDE.app/Contents/Eclipse/plugins/com.st.stm32cube.ide.mcu.externaltools.gnu-tools-for-stm32.11.3.rel1.macos64_1.1.100.202310310803/tools/bin/../lib/gcc/arm-none-eabi/11.3.1/../../../../arm-none-eabi/lib/thumb/v7e-m+fp/hard/libc_nano.a(libc_a-findfp.o) (__retarget_lock_init_recursive)
/Applications/STM32CubeIDE.app/Contents/Eclipse/plugins/com.st.stm32cube.ide.mcu.externaltools.gnu-tools-for-stm32.11.3.rel1.macos64_1.1.100.202310310803/tools/bin/../lib/gcc/arm-none-eabi/11.3.1/../../../../arm-none-eabi/lib/thumb/v7e-m+fp/hard/libc_nano.a(libc_a-memcpy-stub.o)
                              ./Core/Src/serialise.o (memcpy)
[...]
Memory Configuration

Name             Origin             Length             Attributes
CCMRAM           0x0000000010000000 0x0000000000002000 xrw
RAM              0x0000000020000000 0x000000000000a000 xrw
FLASH            0x0000000008000000 0x0000000000040000 xr
*default*        0x0000000000000000 0xffffffffffffffff

Linker script and memory map

LOAD /Applications/STM32CubeIDE.app/Contents/Eclipse/plugins/com.st.stm32cube.ide.mcu.externaltools.gnu-tools-for-stm32.11.3.rel1.macos64_1.1.100.202310310803/tools/bin/../lib/gcc/arm-none-eabi/11.3.1/thumb/v7e-m+fp/hard/crti.o
LOAD /Applications/STM32CubeIDE.app/Contents/Eclipse/plugins/com.st.stm32cube.ide.mcu.externaltools.gnu-tools-for-stm32.11.3.rel1.macos64_1.1.100.202310310803/tools/bin/../lib/gcc/arm-none-eabi/11.3.1/thumb/v7e-m+fp/hard/crtbegin.o
LOAD /Applications/STM32CubeIDE.app/Contents/Eclipse/plugins/com.st.stm32cube.ide.mcu.externaltools.gnu-tools-for-stm32.11.3.rel1.macos64_1.1.100.202310310803/tools/bin/../lib/gcc/arm-none-eabi/11.3.1/../../../../arm-none-eabi/lib/thumb/v7e-m+fp/hard/crt0.o
LOAD ./Core/Src/digital_io_interface.o
LOAD ./Core/Src/main.o
LOAD ./Core/Src/pause_ptu.o
LOAD ./Core/Src/ptu_i2c.o
LOAD ./Core/Src/serial.o
LOAD ./Core/Src/serialise.o
LOAD ./Core/Src/stm32f3xx_hal_msp.o
LOAD ./Core/Src/stm32f3xx_it.o
LOAD ./Core/Src/syscalls.o
LOAD ./Core/Src/sysmem.o
LOAD ./Core/Src/system_stm32f3xx.o
LOAD ./Core/Startup/startup_stm32f303vctx.o
LOAD ./Drivers/STM32F3xx_HAL_Driver/Src/stm32f3xx_hal.o
LOAD ./Drivers/STM32F3xx_HAL_Driver/Src/stm32f3xx_hal_cortex.o
LOAD ./Drivers/STM32F3xx_HAL_Driver/Src/stm32f3xx_hal_dma.o
LOAD ./Drivers/STM32F3xx_HAL_Driver/Src/stm32f3xx_hal_exti.o
LOAD ./Drivers/STM32F3xx_HAL_Driver/Src/stm32f3xx_hal_flash.o
LOAD ./Drivers/STM32F3xx_HAL_Driver/Src/stm32f3xx_hal_flash_ex.o
LOAD ./Drivers/STM32F3xx_HAL_Driver/Src/stm32f3xx_hal_gpio.o
LOAD ./Drivers/STM32F3xx_HAL_Driver/Src/stm32f3xx_hal_i2c.o
LOAD ./Drivers/STM32F3xx_HAL_Driver/Src/stm32f3xx_hal_i2c_ex.o
LOAD ./Drivers/STM32F3xx_HAL_Driver/Src/stm32f3xx_hal_pcd.o
LOAD ./Drivers/STM32F3xx_HAL_Driver/Src/stm32f3xx_hal_pcd_ex.o
LOAD ./Drivers/STM32F3xx_HAL_Driver/Src/stm32f3xx_hal_pwr.o
LOAD ./Drivers/STM32F3xx_HAL_Driver/Src/stm32f3xx_hal_pwr_ex.o
LOAD ./Drivers/STM32F3xx_HAL_Driver/Src/stm32f3xx_hal_rcc.o
LOAD ./Drivers/STM32F3xx_HAL_Driver/Src/stm32f3xx_hal_rcc_ex.o
LOAD ./Drivers/STM32F3xx_HAL_Driver/Src/stm32f3xx_hal_spi.o
LOAD ./Drivers/STM32F3xx_HAL_Driver/Src/stm32f3xx_hal_spi_ex.o
LOAD ./Drivers/STM32F3xx_HAL_Driver/Src/stm32f3xx_hal_tim.o
LOAD ./Drivers/STM32F3xx_HAL_Driver/Src/stm32f3xx_hal_tim_ex.o
LOAD ./Drivers/STM32F3xx_HAL_Driver/Src/stm32f3xx_ll_usb.o
START GROUP
LOAD /Applications/STM32CubeIDE.app/Contents/Eclipse/plugins/com.st.stm32cube.ide.mcu.externaltools.gnu-tools-for-stm32.11.3.rel1.macos64_1.1.100.202310310803/tools/bin/../lib/gcc/arm-none-eabi/11.3.1/../../../../arm-none-eabi/lib/thumb/v7e-m+fp/hard/libc_nano.a
LOAD /Applications/STM32CubeIDE.app/Contents/Eclipse/plugins/com.st.stm32cube.ide.mcu.externaltools.gnu-tools-for-stm32.11.3.rel1.macos64_1.1.100.202310310803/tools/bin/../lib/gcc/arm-none-eabi/11.3.1/../../../../arm-none-eabi/lib/thumb/v7e-m+fp/hard/libm.a
END GROUP
START GROUP
LOAD /Applications/STM32CubeIDE.app/Contents/Eclipse/plugins/com.st.stm32cube.ide.mcu.externaltools.gnu-tools-for-stm32.11.3.rel1.macos64_1.1.100.202310310803/tools/bin/../lib/gcc/arm-none-eabi/11.3.1/thumb/v7e-m+fp/hard/libgcc.a
LOAD /Applications/STM32CubeIDE.app/Contents/Eclipse/plugins/com.st.stm32cube.ide.mcu.externaltools.gnu-tools-for-stm32.11.3.rel1.macos64_1.1.100.202310310803/tools/bin/../lib/gcc/arm-none-eabi/11.3.1/../../../../arm-none-eabi/lib/thumb/v7e-m+fp/hard/libc_nano.a
END GROUP
START GROUP
LOAD /Applications/STM32CubeIDE.app/Contents/Eclipse/plugins/com.st.stm32cube.ide.mcu.externaltools.gnu-tools-for-stm32.11.3.rel1.macos64_1.1.100.202310310803/tools/bin/../lib/gcc/arm-none-eabi/11.3.1/thumb/v7e-m+fp/hard/libgcc.a
LOAD /Applications/STM32CubeIDE.app/Contents/Eclipse/plugins/com.st.stm32cube.ide.mcu.externaltools.gnu-tools-for-stm32.11.3.rel1.macos64_1.1.100.202310310803/tools/bin/../lib/gcc/arm-none-eabi/11.3.1/../../../../arm-none-eabi/lib/thumb/v7e-m+fp/hard/libc_nano.a
LOAD /Applications/STM32CubeIDE.app/Contents/Eclipse/plugins/com.st.stm32cube.ide.mcu.externaltools.gnu-tools-for-stm32.11.3.rel1.macos64_1.1.100.202310310803/tools/bin/../lib/gcc/arm-none-eabi/11.3.1/../../../../arm-none-eabi/lib/thumb/v7e-m+fp/hard/libnosys.a
END GROUP
START GROUP
LOAD /Applications/STM32CubeIDE.app/Contents/Eclipse/plugins/com.st.stm32cube.ide.mcu.externaltools.gnu-tools-for-stm32.11.3.rel1.macos64_1.1.100.202310310803/tools/bin/../lib/gcc/arm-none-eabi/11.3.1/thumb/v7e-m+fp/hard/libgcc.a
LOAD /Applications/STM32CubeIDE.app/Contents/Eclipse/plugins/com.st.stm32cube.ide.mcu.externaltools.gnu-tools-for-stm32.11.3.rel1.macos64_1.1.100.202310310803/tools/bin/../lib/gcc/arm-none-eabi/11.3.1/../../../../arm-none-eabi/lib/thumb/v7e-m+fp/hard/libc_nano.a
LOAD /Applications/STM32CubeIDE.app/Contents/Eclipse/plugins/com.st.stm32cube.ide.mcu.externaltools.gnu-tools-for-stm32.11.3.rel1.macos64_1.1.100.202310310803/tools/bin/../lib/gcc/arm-none-eabi/11.3.1/../../../../arm-none-eabi/lib/thumb/v7e-m+fp/hard/libnosys.a
END GROUP
LOAD /Applications/STM32CubeIDE.app/Contents/Eclipse/plugins/com.st.stm32cube.ide.mcu.externaltools.gnu-tools-for-stm32.11.3.rel1.macos64_1.1.100.202310310803/tools/bin/../lib/gcc/arm-none-eabi/11.3.1/thumb/v7e-m+fp/hard/crtend.o
LOAD /Applications/STM32CubeIDE.app/Contents/Eclipse/plugins/com.st.stm32cube.ide.mcu.externaltools.gnu-tools-for-stm32.11.3.rel1.macos64_1.1.100.202310310803/tools/bin/../lib/gcc/arm-none-eabi/11.3.1/thumb/v7e-m+fp/hard/crtn.o
                0x000000002000a000                _estack = (ORIGIN (RAM) + LENGTH (RAM))
                0x0000000000000200                _Min_Heap_Size = 0x200
                0x0000000000000400                _Min_Stack_Size = 0x400

.isr_vector     0x0000000008000000      0x188
                0x0000000008000000                . = ALIGN (0x4)
 *(.isr_vector)
 .isr_vector    0x0000000008000000      0x188 ./Core/Startup/startup_stm32f303vctx.o
                0x0000000008000000                g_pfnVectors
                0x0000000008000188                . = ALIGN (0x4)

.text           0x0000000008000188     0x55f4
                0x0000000008000188                . = ALIGN (0x4)
 *(.text)
 .text          0x0000000008000188       0x40 /Applications/STM32CubeIDE.app/Contents/Eclipse/plugins/com.st.stm32cube.ide.mcu.externaltools.gnu-tools-for-stm32.11.3.rel1.macos64_1.1.100.202310310803/tools/bin/../lib/gcc/arm-none-eabi/11.3.1/thumb/v7e-m+fp/hard/crtbegin.o
 *(.text*)
 .text.enable_clocks
                0x00000000080001c8       0x20 ./Core/Src/main.o
                0x00000000080001c8                enable_clocks
 .text.initialise_board
                0x00000000080001e8       0x24 ./Core/Src/main.o
                0x00000000080001e8                initialise_board
 .text.HAL_TIM_IC_CaptureCallback
                0x000000000800020c       0x80 ./Core/Src/main.o
                0x000000000800020c                HAL_TIM_IC_CaptureCallback
 .text.main     0x000000000800028c      0x298 ./Core/Src/main.o
                0x000000000800028c                main
 .text.SystemClock_Config
                0x0000000008000524       0xc8 ./Core/Src/main.o
                0x0000000008000524                SystemClock_Config
 .text.MX_I2C1_Init
                0x00000000080005ec       0x80 ./Core/Src/main.o
 .text.MX_SPI1_Init
                0x000000000800066c       0x7c ./Core/Src/main.o
 .text.MX_TIM1_Init
                0x00000000080006e8       0xec ./Core/Src/main.o
 .text.MX_TIM2_Init
                0x00000000080007d4       0xcc ./Core/Src/main.o
 .text.MX_USB_PCD_Init
                0x00000000080008a0       0x44 ./Core/Src/main.o
 .text.Error_Handler
                0x00000000080008e4        0xa ./Core/Src/main.o
                0x00000000080008e4                Error_Handler
 *fill*         0x00000000080008ee        0x2 
 .text.__NVIC_EnableIRQ
                0x00000000080008f0       0x3c ./Core/Src/pause_ptu.o
 .text.__NVIC_SetPriority
                0x000000000800092c       0x54 ./Core/Src/pause_ptu.o
 .text.enable_interrupt
                0x0000000008000980       0x54 ./Core/Src/pause_ptu.o
                0x0000000008000980                enable_interrupt
 .text.EXTI0_IRQHandler
                0x00000000080009d4       0x2c ./Core/Src/pause_ptu.o
                0x00000000080009d4                EXTI0_IRQHandler
 .text.button_initialise
                0x0000000008000a00       0x20 ./Core/Src/pause_ptu.o
                0x0000000008000a00                button_initialise
 .text.get_ptu_state
                0x0000000008000a20       0x18 ./Core/Src/pause_ptu.o
                0x0000000008000a20                get_ptu_state
 .text.pause_ptu
                0x0000000008000a38       0x18 ./Core/Src/pause_ptu.o
                0x0000000008000a38                pause_ptu
 .text.initialise_ptu_i2c
                0x0000000008000a50       0x98 ./Core/Src/ptu_i2c.o
                0x0000000008000a50                initialise_ptu_i2c
 .text.HAL_MspInit
                0x0000000008000ae8       0x48 ./Core/Src/stm32f3xx_hal_msp.o
                0x0000000008000ae8                HAL_MspInit
 .text.HAL_I2C_MspInit
                0x0000000008000b30       0x88 ./Core/Src/stm32f3xx_hal_msp.o
                0x0000000008000b30                HAL_I2C_MspInit
 .text.HAL_SPI_MspInit
                0x0000000008000bb8       0x84 ./Core/Src/stm32f3xx_hal_msp.o
                0x0000000008000bb8                HAL_SPI_MspInit
 .text.HAL_TIM_Base_MspInit
                0x0000000008000c3c       0x98 ./Core/Src/stm32f3xx_hal_msp.o
                0x0000000008000c3c                HAL_TIM_Base_MspInit
 .text.HAL_TIM_PWM_MspInit
                0x0000000008000cd4       0x48 ./Core/Src/stm32f3xx_hal_msp.o
                0x0000000008000cd4                HAL_TIM_PWM_MspInit
 .text.HAL_TIM_MspPostInit
                0x0000000008000d1c       0x6c ./Core/Src/stm32f3xx_hal_msp.o
                0x0000000008000d1c                HAL_TIM_MspPostInit
 .text.HAL_PCD_MspInit
                0x0000000008000d88       0x88 ./Core/Src/stm32f3xx_hal_msp.o
                0x0000000008000d88                HAL_PCD_MspInit
 .text.NMI_Handler
                0x0000000008000e10        0x6 ./Core/Src/stm32f3xx_it.o
                0x0000000008000e10                NMI_Handler
 .text.HardFault_Handler
                0x0000000008000e16        0x6 ./Core/Src/stm32f3xx_it.o
                0x0000000008000e16                HardFault_Handler
 .text.MemManage_Handler
                0x0000000008000e1c        0x6 ./Core/Src/stm32f3xx_it.o
                0x0000000008000e1c                MemManage_Handler
 .text.BusFault_Handler
                0x0000000008000e22        0x6 ./Core/Src/stm32f3xx_it.o
                0x0000000008000e22                BusFault_Handler
 .text.UsageFault_Handler
                0x0000000008000e28        0x6 ./Core/Src/stm32f3xx_it.o
                0x0000000008000e28                UsageFault_Handler
 .text.SVC_Handler
                0x0000000008000e2e        0xe ./Core/Src/stm32f3xx_it.o
                0x0000000008000e2e                SVC_Handler
 .text.DebugMon_Handler
                0x0000000008000e3c        0xe ./Core/Src/stm32f3xx_it.o
                0x0000000008000e3c                DebugMon_Handler
 .text.PendSV_Handler
                0x0000000008000e4a        0xe ./Core/Src/stm32f3xx_it.o
                0x0000000008000e4a                PendSV_Handler
 .text.SysTick_Handler
                0x0000000008000e58        0xc ./Core/Src/stm32f3xx_it.o
                0x0000000008000e58                SysTick_Handler
 .text.TIM1_CC_IRQHandler
                0x0000000008000e64       0x14 ./Core/Src/stm32f3xx_it.o
                0x0000000008000e64                TIM1_CC_IRQHandler
 .text.TIM2_IRQHandler
                0x0000000008000e78       0x14 ./Core/Src/stm32f3xx_it.o
                0x0000000008000e78                TIM2_IRQHandler
 .text.SystemInit
                0x0000000008000e8c       0x24 ./Core/Src/system_stm32f3xx.o
                0x0000000008000e8c                SystemInit
 .text.Reset_Handler
                0x0000000008000eb0       0x50 ./Core/Startup/startup_stm32f303vctx.o
                0x0000000008000eb0                Reset_Handler
 .text.Default_Handler
                0x0000000008000f00        0x2 ./Core/Startup/startup_stm32f303vctx.o
                0x0000000008000f00                TIM1_BRK_TIM15_IRQHandler
                0x0000000008000f00                TIM8_TRG_COM_IRQHandler
                0x0000000008000f00                TIM8_CC_IRQHandler
                0x0000000008000f00                USB_HP_IRQHandler
                0x0000000008000f00                PVD_IRQHandler
                0x0000000008000f00                TAMP_STAMP_IRQHandler
                0x0000000008000f00                EXTI3_IRQHandler
                0x0000000008000f00                USB_HP_CAN_TX_IRQHandler
                0x0000000008000f00                I2C2_EV_IRQHandler
                0x0000000008000f00                FPU_IRQHandler
                0x0000000008000f00                TIM1_UP_TIM16_IRQHandler
                0x0000000008000f00                ADC1_2_IRQHandler
                0x0000000008000f00                SPI1_IRQHandler
                0x0000000008000f00                CAN_SCE_IRQHandler
                0x0000000008000f00                TIM6_DAC_IRQHandler
                0x0000000008000f00                TIM8_UP_IRQHandler
                0x0000000008000f00                DMA2_Channel2_IRQHandler
                0x0000000008000f00                DMA1_Channel4_IRQHandler
                0x0000000008000f00                USART3_IRQHandler
                0x0000000008000f00                DMA1_Channel7_IRQHandler
                0x0000000008000f00                UART5_IRQHandler
                0x0000000008000f00                ADC3_IRQHandler
                0x0000000008000f00                TIM4_IRQHandler
                0x0000000008000f00                CAN_RX1_IRQHandler
                0x0000000008000f00                DMA2_Channel1_IRQHandler
                0x0000000008000f00                I2C1_EV_IRQHandler
                0x0000000008000f00                DMA1_Channel6_IRQHandler
                0x0000000008000f00                UART4_IRQHandler
                0x0000000008000f00                DMA2_Channel4_IRQHandler
                0x0000000008000f00                TIM3_IRQHandler
                0x0000000008000f00                RCC_IRQHandler
                0x0000000008000f00                DMA1_Channel1_IRQHandler
                0x0000000008000f00                Default_Handler
                0x0000000008000f00                USBWakeUp_RMP_IRQHandler
                0x0000000008000f00                EXTI15_10_IRQHandler
                0x0000000008000f00                TIM7_IRQHandler
                0x0000000008000f00                EXTI9_5_IRQHandler
                0x0000000008000f00                RTC_WKUP_IRQHandler
                0x0000000008000f00                SPI2_IRQHandler
                0x0000000008000f00                USB_LP_CAN_RX0_IRQHandler
                0x0000000008000f00                DMA2_Channel5_IRQHandler
                0x0000000008000f00                DMA1_Channel5_IRQHandler
                0x0000000008000f00                USB_LP_IRQHandler
                0x0000000008000f00                EXTI4_IRQHandler
                0x0000000008000f00                TIM1_TRG_COM_TIM17_IRQHandler
                0x0000000008000f00                DMA1_Channel3_IRQHandler
                0x0000000008000f00                ADC4_IRQHandler
                0x0000000008000f00                WWDG_IRQHandler
                0x0000000008000f00                COMP7_IRQHandler
                0x0000000008000f00                COMP1_2_3_IRQHandler
                0x0000000008000f00                EXTI1_IRQHandler
                0x0000000008000f00                USART2_IRQHandler
                0x0000000008000f00                COMP4_5_6_IRQHandler
                0x0000000008000f00                I2C2_ER_IRQHandler
                0x0000000008000f00                DMA1_Channel2_IRQHandler
                0x0000000008000f00                TIM8_BRK_IRQHandler
                0x0000000008000f00                FLASH_IRQHandler
                0x0000000008000f00                USART1_IRQHandler
                0x0000000008000f00                SPI3_IRQHandler
                0x0000000008000f00                I2C1_ER_IRQHandler
                0x0000000008000f00                USBWakeUp_IRQHandler
                0x0000000008000f00                DMA2_Channel3_IRQHandler
                0x0000000008000f00                EXTI2_TSC_IRQHandler
                0x0000000008000f00                RTC_Alarm_IRQHandler
 *fill*         0x0000000008000f02        0x2 
 .text.HAL_Init
                0x0000000008000f04       0x2c ./Drivers/STM32F3xx_HAL_Driver/Src/stm32f3xx_hal.o
                0x0000000008000f04                HAL_Init
 .text.HAL_InitTick
                0x0000000008000f30       0x60 ./Drivers/STM32F3xx_HAL_Driver/Src/stm32f3xx_hal.o
                0x0000000008000f30                HAL_InitTick
 .text.HAL_IncTick
                0x0000000008000f90       0x28 ./Drivers/STM32F3xx_HAL_Driver/Src/stm32f3xx_hal.o
                0x0000000008000f90                HAL_IncTick
 .text.HAL_GetTick
                0x0000000008000fb8       0x18 ./Drivers/STM32F3xx_HAL_Driver/Src/stm32f3xx_hal.o
                0x0000000008000fb8                HAL_GetTick
 .text.HAL_Delay
                0x0000000008000fd0       0x48 ./Drivers/STM32F3xx_HAL_Driver/Src/stm32f3xx_hal.o
                0x0000000008000fd0                HAL_Delay
 .text.__NVIC_SetPriorityGrouping
                0x0000000008001018       0x48 ./Drivers/STM32F3xx_HAL_Driver/Src/stm32f3xx_hal_cortex.o
 .text.__NVIC_GetPriorityGrouping
                0x0000000008001060       0x1c ./Drivers/STM32F3xx_HAL_Driver/Src/stm32f3xx_hal_cortex.o
 .text.__NVIC_EnableIRQ
                0x000000000800107c       0x3c ./Drivers/STM32F3xx_HAL_Driver/Src/stm32f3xx_hal_cortex.o
 .text.__NVIC_SetPriority
                0x00000000080010b8       0x54 ./Drivers/STM32F3xx_HAL_Driver/Src/stm32f3xx_hal_cortex.o
 .text.NVIC_EncodePriority
                0x000000000800110c       0x66 ./Drivers/STM32F3xx_HAL_Driver/Src/stm32f3xx_hal_cortex.o
 *fill*         0x0000000008001172        0x2 
 .text.SysTick_Config
                0x0000000008001174       0x44 ./Drivers/STM32F3xx_HAL_Driver/Src/stm32f3xx_hal_cortex.o
 .text.HAL_NVIC_SetPriorityGrouping
                0x00000000080011b8       0x16 ./Drivers/STM32F3xx_HAL_Driver/Src/stm32f3xx_hal_cortex.o
                0x00000000080011b8                HAL_NVIC_SetPriorityGrouping
 .text.HAL_NVIC_SetPriority
                0x00000000080011ce       0x38 ./Drivers/STM32F3xx_HAL_Driver/Src/stm32f3xx_hal_cortex.o
                0x00000000080011ce                HAL_NVIC_SetPriority
 .text.HAL_NVIC_EnableIRQ
                0x0000000008001206       0x1c ./Drivers/STM32F3xx_HAL_Driver/Src/stm32f3xx_hal_cortex.o
                0x0000000008001206                HAL_NVIC_EnableIRQ
 .text.HAL_SYSTICK_Config
                0x0000000008001222       0x18 ./Drivers/STM32F3xx_HAL_Driver/Src/stm32f3xx_hal_cortex.o
                0x0000000008001222                HAL_SYSTICK_Config
 *fill*         0x000000000800123a        0x2 
 .text.HAL_GPIO_Init
                0x000000000800123c      0x2f4 ./Drivers/STM32F3xx_HAL_Driver/Src/stm32f3xx_hal_gpio.o
                0x000000000800123c                HAL_GPIO_Init
 .text.HAL_GPIO_ReadPin
                0x0000000008001530       0x30 ./Drivers/STM32F3xx_HAL_Driver/Src/stm32f3xx_hal_gpio.o
                0x0000000008001530                HAL_GPIO_ReadPin
 .text.HAL_I2C_Init
                0x0000000008001560      0x11e ./Drivers/STM32F3xx_HAL_Driver/Src/stm32f3xx_hal_i2c.o
                0x0000000008001560                HAL_I2C_Init
 *fill*         0x000000000800167e        0x2 
 .text.HAL_I2C_Mem_Write
                0x0000000008001680      0x228 ./Drivers/STM32F3xx_HAL_Driver/Src/stm32f3xx_hal_i2c.o
                0x0000000008001680                HAL_I2C_Mem_Write
 .text.HAL_I2C_Mem_Read
                0x00000000080018a8      0x234 ./Drivers/STM32F3xx_HAL_Driver/Src/stm32f3xx_hal_i2c.o
                0x00000000080018a8                HAL_I2C_Mem_Read
 .text.I2C_RequestMemoryWrite
                0x0000000008001adc       0xa8 ./Drivers/STM32F3xx_HAL_Driver/Src/stm32f3xx_hal_i2c.o
 .text.I2C_RequestMemoryRead
                0x0000000008001b84       0xa8 ./Drivers/STM32F3xx_HAL_Driver/Src/stm32f3xx_hal_i2c.o
 .text.I2C_Flush_TXDR
                0x0000000008001c2c       0x48 ./Drivers/STM32F3xx_HAL_Driver/Src/stm32f3xx_hal_i2c.o
 .text.I2C_WaitOnFlagUntilTimeout
                0x0000000008001c74       0x9e ./Drivers/STM32F3xx_HAL_Driver/Src/stm32f3xx_hal_i2c.o
 .text.I2C_WaitOnTXISFlagUntilTimeout
                0x0000000008001d12       0x8e ./Drivers/STM32F3xx_HAL_Driver/Src/stm32f3xx_hal_i2c.o
 .text.I2C_WaitOnSTOPFlagUntilTimeout
                0x0000000008001da0       0x86 ./Drivers/STM32F3xx_HAL_Driver/Src/stm32f3xx_hal_i2c.o
 *fill*         0x0000000008001e26        0x2 
 .text.I2C_IsErrorOccurred
                0x0000000008001e28      0x1c0 ./Drivers/STM32F3xx_HAL_Driver/Src/stm32f3xx_hal_i2c.o
 .text.I2C_TransferConfig
                0x0000000008001fe8       0x64 ./Drivers/STM32F3xx_HAL_Driver/Src/stm32f3xx_hal_i2c.o
 .text.HAL_I2CEx_ConfigAnalogFilter
                0x000000000800204c       0x96 ./Drivers/STM32F3xx_HAL_Driver/Src/stm32f3xx_hal_i2c_ex.o
                0x000000000800204c                HAL_I2CEx_ConfigAnalogFilter
 .text.HAL_I2CEx_ConfigDigitalFilter
                0x00000000080020e2       0x98 ./Drivers/STM32F3xx_HAL_Driver/Src/stm32f3xx_hal_i2c_ex.o
                0x00000000080020e2                HAL_I2CEx_ConfigDigitalFilter
 .text.HAL_PCD_Init
                0x000000000800217a      0x1a4 ./Drivers/STM32F3xx_HAL_Driver/Src/stm32f3xx_hal_pcd.o
                0x000000000800217a                HAL_PCD_Init
 *fill*         0x000000000800231e        0x2 
 .text.HAL_RCC_OscConfig
                0x0000000008002320     0x107c ./Drivers/STM32F3xx_HAL_Driver/Src/stm32f3xx_hal_rcc.o
                0x0000000008002320                HAL_RCC_OscConfig
 .text.HAL_RCC_ClockConfig
                0x000000000800339c      0x2f8 ./Drivers/STM32F3xx_HAL_Driver/Src/stm32f3xx_hal_rcc.o
                0x000000000800339c                HAL_RCC_ClockConfig
 .text.HAL_RCC_GetSysClockFreq
                0x0000000008003694       0xd4 ./Drivers/STM32F3xx_HAL_Driver/Src/stm32f3xx_hal_rcc.o
                0x0000000008003694                HAL_RCC_GetSysClockFreq
 .text.HAL_RCCEx_PeriphCLKConfig
                0x0000000008003768      0x360 ./Drivers/STM32F3xx_HAL_Driver/Src/stm32f3xx_hal_rcc_ex.o
                0x0000000008003768                HAL_RCCEx_PeriphCLKConfig
 .text.HAL_SPI_Init
                0x0000000008003ac8      0x156 ./Drivers/STM32F3xx_HAL_Driver/Src/stm32f3xx_hal_spi.o
                0x0000000008003ac8                HAL_SPI_Init
 .text.HAL_TIM_Base_Init
                0x0000000008003c1e       0xae ./Drivers/STM32F3xx_HAL_Driver/Src/stm32f3xx_hal_tim.o
                0x0000000008003c1e                HAL_TIM_Base_Init
 .text.HAL_TIM_PWM_Init
                0x0000000008003ccc       0xae ./Drivers/STM32F3xx_HAL_Driver/Src/stm32f3xx_hal_tim.o
                0x0000000008003ccc                HAL_TIM_PWM_Init
 *fill*         0x0000000008003d7a        0x2 
 .text.HAL_TIM_PWM_Start
                0x0000000008003d7c      0x200 ./Drivers/STM32F3xx_HAL_Driver/Src/stm32f3xx_hal_tim.o
                0x0000000008003d7c                HAL_TIM_PWM_Start
 .text.HAL_TIM_IC_Init
                0x0000000008003f7c       0xae ./Drivers/STM32F3xx_HAL_Driver/Src/stm32f3xx_hal_tim.o
                0x0000000008003f7c                HAL_TIM_IC_Init
 .text.HAL_TIM_IC_MspInit
                0x000000000800402a       0x14 ./Drivers/STM32F3xx_HAL_Driver/Src/stm32f3xx_hal_tim.o
                0x000000000800402a                HAL_TIM_IC_MspInit
 *fill*         0x000000000800403e        0x2 
 .text.HAL_TIM_IC_Start_IT
                0x0000000008004040      0x284 ./Drivers/STM32F3xx_HAL_Driver/Src/stm32f3xx_hal_tim.o
                0x0000000008004040                HAL_TIM_IC_Start_IT
 .text.HAL_TIM_IRQHandler
                0x00000000080042c4      0x23e ./Drivers/STM32F3xx_HAL_Driver/Src/stm32f3xx_hal_tim.o
                0x00000000080042c4                HAL_TIM_IRQHandler
 .text.HAL_TIM_IC_ConfigChannel
                0x0000000008004502      0x138 ./Drivers/STM32F3xx_HAL_Driver/Src/stm32f3xx_hal_tim.o
                0x0000000008004502                HAL_TIM_IC_ConfigChannel
 *fill*         0x000000000800463a        0x2 
 .text.HAL_TIM_PWM_ConfigChannel
                0x000000000800463c      0x228 ./Drivers/STM32F3xx_HAL_Driver/Src/stm32f3xx_hal_tim.o
                0x000000000800463c                HAL_TIM_PWM_ConfigChannel
 .text.HAL_TIM_ConfigClockSource
                0x0000000008004864      0x192 ./Drivers/STM32F3xx_HAL_Driver/Src/stm32f3xx_hal_tim.o
                0x0000000008004864                HAL_TIM_ConfigClockSource
 *fill*         0x00000000080049f6        0x2 
 .text.HAL_TIM_ReadCapturedValue
                0x00000000080049f8       0x88 ./Drivers/STM32F3xx_HAL_Driver/Src/stm32f3xx_hal_tim.o
                0x00000000080049f8                HAL_TIM_ReadCapturedValue
 .text.HAL_TIM_PeriodElapsedCallback
                0x0000000008004a80       0x14 ./Drivers/STM32F3xx_HAL_Driver/Src/stm32f3xx_hal_tim.o
                0x0000000008004a80                HAL_TIM_PeriodElapsedCallback
 .text.HAL_TIM_OC_DelayElapsedCallback
                0x0000000008004a94       0x14 ./Drivers/STM32F3xx_HAL_Driver/Src/stm32f3xx_hal_tim.o
                0x0000000008004a94                HAL_TIM_OC_DelayElapsedCallback
 .text.HAL_TIM_PWM_PulseFinishedCallback
                0x0000000008004aa8       0x14 ./Drivers/STM32F3xx_HAL_Driver/Src/stm32f3xx_hal_tim.o
                0x0000000008004aa8                HAL_TIM_PWM_PulseFinishedCallback
 .text.HAL_TIM_TriggerCallback
                0x0000000008004abc       0x14 ./Drivers/STM32F3xx_HAL_Driver/Src/stm32f3xx_hal_tim.o
                0x0000000008004abc                HAL_TIM_TriggerCallback
 .text.TIM_Base_SetConfig
                0x0000000008004ad0      0x120 ./Drivers/STM32F3xx_HAL_Driver/Src/stm32f3xx_hal_tim.o
                0x0000000008004ad0                TIM_Base_SetConfig
 .text.TIM_OC1_SetConfig
                0x0000000008004bf0      0x120 ./Drivers/STM32F3xx_HAL_Driver/Src/stm32f3xx_hal_tim.o
 .text.TIM_OC2_SetConfig
                0x0000000008004d10      0x114 ./Drivers/STM32F3xx_HAL_Driver/Src/stm32f3xx_hal_tim.o
                0x0000000008004d10                TIM_OC2_SetConfig
 .text.TIM_OC3_SetConfig
                0x0000000008004e24      0x110 ./Drivers/STM32F3xx_HAL_Driver/Src/stm32f3xx_hal_tim.o
 .text.TIM_OC4_SetConfig
                0x0000000008004f34       0xd4 ./Drivers/STM32F3xx_HAL_Driver/Src/stm32f3xx_hal_tim.o
 .text.TIM_OC5_SetConfig
                0x0000000008005008       0xc8 ./Drivers/STM32F3xx_HAL_Driver/Src/stm32f3xx_hal_tim.o
 .text.TIM_OC6_SetConfig
                0x00000000080050d0       0xcc ./Drivers/STM32F3xx_HAL_Driver/Src/stm32f3xx_hal_tim.o
 .text.TIM_TI1_SetConfig
                0x000000000800519c       0xd0 ./Drivers/STM32F3xx_HAL_Driver/Src/stm32f3xx_hal_tim.o
                0x000000000800519c                TIM_TI1_SetConfig
 .text.TIM_TI1_ConfigInputStage
                0x000000000800526c       0x5e ./Drivers/STM32F3xx_HAL_Driver/Src/stm32f3xx_hal_tim.o
 .text.TIM_TI2_SetConfig
                0x00000000080052ca       0x7a ./Drivers/STM32F3xx_HAL_Driver/Src/stm32f3xx_hal_tim.o
 .text.TIM_TI2_ConfigInputStage
                0x0000000008005344       0x60 ./Drivers/STM32F3xx_HAL_Driver/Src/stm32f3xx_hal_tim.o
 .text.TIM_TI3_SetConfig
                0x00000000080053a4       0x78 ./Drivers/STM32F3xx_HAL_Driver/Src/stm32f3xx_hal_tim.o
 .text.TIM_TI4_SetConfig
                0x000000000800541c       0x7a ./Drivers/STM32F3xx_HAL_Driver/Src/stm32f3xx_hal_tim.o
 .text.TIM_ITRx_SetConfig
                0x0000000008005496       0x36 ./Drivers/STM32F3xx_HAL_Driver/Src/stm32f3xx_hal_tim.o
 .text.TIM_ETR_SetConfig
                0x00000000080054cc       0x40 ./Drivers/STM32F3xx_HAL_Driver/Src/stm32f3xx_hal_tim.o
                0x00000000080054cc                TIM_ETR_SetConfig
 .text.TIM_CCxChannelCmd
                0x000000000800550c       0x4a ./Drivers/STM32F3xx_HAL_Driver/Src/stm32f3xx_hal_tim.o
                0x000000000800550c                TIM_CCxChannelCmd
 *fill*         0x0000000008005556        0x2 
 .text.HAL_TIMEx_MasterConfigSynchronization
                0x0000000008005558      0x100 ./Drivers/STM32F3xx_HAL_Driver/Src/stm32f3xx_hal_tim_ex.o
                0x0000000008005558                HAL_TIMEx_MasterConfigSynchronization
 .text.HAL_TIMEx_CommutCallback
                0x0000000008005658       0x14 ./Drivers/STM32F3xx_HAL_Driver/Src/stm32f3xx_hal_tim_ex.o
                0x0000000008005658                HAL_TIMEx_CommutCallback
 .text.HAL_TIMEx_BreakCallback
                0x000000000800566c       0x14 ./Drivers/STM32F3xx_HAL_Driver/Src/stm32f3xx_hal_tim_ex.o
                0x000000000800566c                HAL_TIMEx_BreakCallback
 .text.HAL_TIMEx_Break2Callback
                0x0000000008005680       0x14 ./Drivers/STM32F3xx_HAL_Driver/Src/stm32f3xx_hal_tim_ex.o
                0x0000000008005680                HAL_TIMEx_Break2Callback
 .text.USB_DisableGlobalInt
                0x0000000008005694       0x36 ./Drivers/STM32F3xx_HAL_Driver/Src/stm32f3xx_ll_usb.o
                0x0000000008005694                USB_DisableGlobalInt
 .text.USB_DevInit
                0x00000000080056ca       0x42 ./Drivers/STM32F3xx_HAL_Driver/Src/stm32f3xx_ll_usb.o
                0x00000000080056ca                USB_DevInit
 .text.memset   0x000000000800570c       0x10 /Applications/STM32CubeIDE.app/Contents/Eclipse/plugins/com.st.stm32cube.ide.mcu.externaltools.gnu-tools-for-stm32.11.3.rel1.macos64_1.1.100.202310310803/tools/bin/../lib/gcc/arm-none-eabi/11.3.1/../../../../arm-none-eabi/lib/thumb/v7e-m+fp/hard/libc_nano.a(libc_a-memset.o)
                0x000000000800570c                memset
 .text.__libc_init_array
                0x000000000800571c       0x48 /Applications/STM32CubeIDE.app/Contents/Eclipse/plugins/com.st.stm32cube.ide.mcu.externaltools.gnu-tools-for-stm32.11.3.rel1.macos64_1.1.100.202310310803/tools/bin/../lib/gcc/arm-none-eabi/11.3.1/../../../../arm-none-eabi/lib/thumb/v7e-m+fp/hard/libc_nano.a(libc_a-init.o)
                0x000000000800571c                __libc_init_array
 *(.glue_7)
 .glue_7        0x0000000008005764        0x0 linker stubs
 *(.glue_7t)
 .glue_7t       0x0000000008005764        0x0 linker stubs
 *(.eh_frame)
 .eh_frame      0x0000000008005764        0x0 /Applications/STM32CubeIDE.app/Contents/Eclipse/plugins/com.st.stm32cube.ide.mcu.externaltools.gnu-tools-for-stm32.11.3.rel1.macos64_1.1.100.202310310803/tools/bin/../lib/gcc/arm-none-eabi/11.3.1/thumb/v7e-m+fp/hard/crtbegin.o
 *(.init)
 .init          0x0000000008005764        0x4 /Applications/STM32CubeIDE.app/Contents/Eclipse/plugins/com.st.stm32cube.ide.mcu.externaltools.gnu-tools-for-stm32.11.3.rel1.macos64_1.1.100.202310310803/tools/bin/../lib/gcc/arm-none-eabi/11.3.1/thumb/v7e-m+fp/hard/crti.o
                0x0000000008005764                _init
 .init          0x0000000008005768        0x8 /Applications/STM32CubeIDE.app/Contents/Eclipse/plugins/com.st.stm32cube.ide.mcu.externaltools.gnu-tools-for-stm32.11.3.rel1.macos64_1.1.100.202310310803/tools/bin/../lib/gcc/arm-none-eabi/11.3.1/thumb/v7e-m+fp/hard/crtn.o
 *(.fini)
 .fini          0x0000000008005770        0x4 /Applications/STM32CubeIDE.app/Contents/Eclipse/plugins/com.st.stm32cube.ide.mcu.externaltools.gnu-tools-for-stm32.11.3.rel1.macos64_1.1.100.202310310803/tools/bin/../lib/gcc/arm-none-eabi/11.3.1/thumb/v7e-m+fp/hard/crti.o
                0x0000000008005770                _fini
 .fini          0x0000000008005774        0x8 /Applications/STM32CubeIDE.app/Contents/Eclipse/plugins/com.st.stm32cube.ide.mcu.externaltools.gnu-tools-for-stm32.11.3.rel1.macos64_1.1.100.202310310803/tools/bin/../lib/gcc/arm-none-eabi/11.3.1/thumb/v7e-m+fp/hard/crtn.o
                0x000000000800577c                . = ALIGN (0x4)
                0x000000000800577c                _etext = .

.vfp11_veneer   0x000000000800577c        0x0
 .vfp11_veneer  0x000000000800577c        0x0 linker stubs

.v4_bx          0x000000000800577c        0x0
 .v4_bx         0x000000000800577c        0x0 linker stubs

.iplt           0x000000000800577c        0x0
 .iplt          0x000000000800577c        0x0 /Applications/STM32CubeIDE.app/Contents/Eclipse/plugins/com.st.stm32cube.ide.mcu.externaltools.gnu-tools-for-stm32.11.3.rel1.macos64_1.1.100.202310310803/tools/bin/../lib/gcc/arm-none-eabi/11.3.1/thumb/v7e-m+fp/hard/crtbegin.o

.rodata         0x000000000800577c       0x48
                0x000000000800577c                . = ALIGN (0x4)
 *(.rodata)
 .rodata        0x000000000800577c       0x15 ./Core/Src/main.o
 *(.rodata*)
 *fill*         0x0000000008005791        0x3 
 .rodata.AHBPrescTable
                0x0000000008005794       0x10 ./Core/Src/system_stm32f3xx.o
                0x0000000008005794                AHBPrescTable
 .rodata.aPLLMULFactorTable
                0x00000000080057a4       0x10 ./Drivers/STM32F3xx_HAL_Driver/Src/stm32f3xx_hal_rcc.o
 .rodata.aPredivFactorTable
                0x00000000080057b4       0x10 ./Drivers/STM32F3xx_HAL_Driver/Src/stm32f3xx_hal_rcc.o
                0x00000000080057c4                . = ALIGN (0x4)

.rel.dyn        0x00000000080057c4        0x0
 .rel.iplt      0x00000000080057c4        0x0 /Applications/STM32CubeIDE.app/Contents/Eclipse/plugins/com.st.stm32cube.ide.mcu.externaltools.gnu-tools-for-stm32.11.3.rel1.macos64_1.1.100.202310310803/tools/bin/../lib/gcc/arm-none-eabi/11.3.1/thumb/v7e-m+fp/hard/crtbegin.o

.ARM.extab      0x00000000080057c4        0x0
                0x00000000080057c4                . = ALIGN (0x4)
 *(.ARM.extab* .gnu.linkonce.armextab.*)
                0x00000000080057c4                . = ALIGN (0x4)

.ARM            0x00000000080057c4        0x0
                0x00000000080057c4                . = ALIGN (0x4)
                0x00000000080057c4                __exidx_start = .
 *(.ARM.exidx*)
                0x00000000080057c4                __exidx_end = .
                0x00000000080057c4                . = ALIGN (0x4)

.preinit_array  0x00000000080057c4        0x0
                0x00000000080057c4                . = ALIGN (0x4)
                0x00000000080057c4                PROVIDE (__preinit_array_start = .)
 *(.preinit_array*)
                0x00000000080057c4                PROVIDE (__preinit_array_end = .)
                0x00000000080057c4                . = ALIGN (0x4)

.init_array     0x00000000080057c4        0x4
                0x00000000080057c4                . = ALIGN (0x4)
                0x00000000080057c4                PROVIDE (__init_array_start = .)
 *(SORT_BY_NAME(.init_array.*))
 *(.init_array*)
 .init_array    0x00000000080057c4        0x4 /Applications/STM32CubeIDE.app/Contents/Eclipse/plugins/com.st.stm32cube.ide.mcu.externaltools.gnu-tools-for-stm32.11.3.rel1.macos64_1.1.100.202310310803/tools/bin/../lib/gcc/arm-none-eabi/11.3.1/thumb/v7e-m+fp/hard/crtbegin.o
                0x00000000080057c8                PROVIDE (__init_array_end = .)
                0x00000000080057c8                . = ALIGN (0x4)

.fini_array     0x00000000080057c8        0x4
                0x00000000080057c8                . = ALIGN (0x4)
                [!provide]                        PROVIDE (__fini_array_start = .)
 *(SORT_BY_NAME(.fini_array.*))
 *(.fini_array*)
 .fini_array    0x00000000080057c8        0x4 /Applications/STM32CubeIDE.app/Contents/Eclipse/plugins/com.st.stm32cube.ide.mcu.externaltools.gnu-tools-for-stm32.11.3.rel1.macos64_1.1.100.202310310803/tools/bin/../lib/gcc/arm-none-eabi/11.3.1/thumb/v7e-m+fp/hard/crtbegin.o
                [!provide]                        PROVIDE (__fini_array_end = .)
                0x00000000080057cc                . = ALIGN (0x4)
                0x00000000080057cc                _sidata = LOADADDR (.data)

.data           0x0000000020000000       0x10 load address 0x00000000080057cc
                0x0000000020000000                . = ALIGN (0x4)
                0x0000000020000000                _sdata = .
 *(.data)
 *(.data*)
 .data.ptu_on_state
                0x0000000020000000        0x1 ./Core/Src/pause_ptu.o
                0x0000000020000000                ptu_on_state
 *fill*         0x0000000020000001        0x3 
 .data.SystemCoreClock
                0x0000000020000004        0x4 ./Core/Src/system_stm32f3xx.o
                0x0000000020000004                SystemCoreClock
 .data.uwTickPrio
                0x0000000020000008        0x4 ./Drivers/STM32F3xx_HAL_Driver/Src/stm32f3xx_hal.o
                0x0000000020000008                uwTickPrio
 .data.uwTickFreq
                0x000000002000000c        0x1 ./Drivers/STM32F3xx_HAL_Driver/Src/stm32f3xx_hal.o
                0x000000002000000c                uwTickFreq
 *(.RamFunc)
 *(.RamFunc*)
                0x0000000020000010                . = ALIGN (0x4)
 *fill*         0x000000002000000d        0x3 
                0x0000000020000010                _edata = .
                0x00000000080057dc                _siccmram = LOADADDR (.ccmram)

.igot.plt       0x0000000020000010        0x0 load address 0x00000000080057dc
 .igot.plt      0x0000000020000010        0x0 /Applications/STM32CubeIDE.app/Contents/Eclipse/plugins/com.st.stm32cube.ide.mcu.externaltools.gnu-tools-for-stm32.11.3.rel1.macos64_1.1.100.202310310803/tools/bin/../lib/gcc/arm-none-eabi/11.3.1/thumb/v7e-m+fp/hard/crtbegin.o

.ccmram         0x0000000010000000        0x0 load address 0x00000000080057dc
                0x0000000010000000                . = ALIGN (0x4)
                0x0000000010000000                _sccmram = .
 *(.ccmram)
 *(.ccmram*)
                0x0000000010000000                . = ALIGN (0x4)
                0x0000000010000000                _eccmram = .
                0x0000000010000000                . = ALIGN (0x4)

.bss            0x0000000020000010      0x468
                0x0000000020000010                _sbss = .
                0x0000000020000010                __bss_start__ = _sbss
 *(.bss)
 .bss           0x0000000020000010       0x1c /Applications/STM32CubeIDE.app/Contents/Eclipse/plugins/com.st.stm32cube.ide.mcu.externaltools.gnu-tools-for-stm32.11.3.rel1.macos64_1.1.100.202310310803/tools/bin/../lib/gcc/arm-none-eabi/11.3.1/thumb/v7e-m+fp/hard/crtbegin.o
 *(.bss*)
 .bss.hi2c1     0x000000002000002c       0x54 ./Core/Src/main.o
                0x000000002000002c                hi2c1
 .bss.hspi1     0x0000000020000080       0x64 ./Core/Src/main.o
                0x0000000020000080                hspi1
 .bss.htim1     0x00000000200000e4       0x4c ./Core/Src/main.o
                0x00000000200000e4                htim1
 .bss.htim2     0x0000000020000130       0x4c ./Core/Src/main.o
                0x0000000020000130                htim2
 .bss.hpcd_USB_FS
                0x000000002000017c      0x2ec ./Core/Src/main.o
                0x000000002000017c                hpcd_USB_FS
 .bss.last_capture
                0x0000000020000468        0x2 ./Core/Src/main.o
                0x0000000020000468                last_capture
 .bss.diff      0x000000002000046a        0x2 ./Core/Src/main.o
                0x000000002000046a                diff
 .bss.rise_time
                0x000000002000046c        0x2 ./Core/Src/main.o
                0x000000002000046c                rise_time
 .bss.last_period
                0x000000002000046e        0x2 ./Core/Src/main.o
                0x000000002000046e                last_period
 .bss.on_button_press
                0x0000000020000470        0x4 ./Core/Src/pause_ptu.o
                0x0000000020000470                on_button_press
 .bss.uwTick    0x0000000020000474        0x4 ./Drivers/STM32F3xx_HAL_Driver/Src/stm32f3xx_hal.o
                0x0000000020000474                uwTick
 *(COMMON)
                0x0000000020000478                . = ALIGN (0x4)
                0x0000000020000478                _ebss = .
                0x0000000020000478                __bss_end__ = _ebss

._user_heap_stack
                0x0000000020000478      0x600
                0x0000000020000478                . = ALIGN (0x8)
                [!provide]                        PROVIDE (end = .)
                0x0000000020000478                PROVIDE (_end = .)
                0x0000000020000678                . = (. + _Min_Heap_Size)
 *fill*         0x0000000020000478      0x200 
                0x0000000020000a78                . = (. + _Min_Stack_Size)
 *fill*         0x0000000020000678      0x400 
                0x0000000020000a78                . = ALIGN (0x8)

/DISCARD/
 libc.a(*)
 libm.a(*)
 libgcc.a(*)

.ARM.attributes
                0x0000000000000000       0x30
 *(.ARM.attributes)
 .ARM.attributes
                0x0000000000000000       0x1e /Applications/STM32CubeIDE.app/Contents/Eclipse/plugins/com.st.stm32cube.ide.mcu.externaltools.gnu-tools-for-stm32.11.3.rel1.macos64_1.1.100.202310310803/tools/bin/../lib/gcc/arm-none-eabi/11.3.1/thumb/v7e-m+fp/hard/crti.o
 .ARM.attributes
                0x000000000000001e       0x34 /Applications/STM32CubeIDE.app/Contents/Eclipse/plugins/com.st.stm32cube.ide.mcu.externaltools.gnu-tools-for-stm32.11.3.rel1.macos64_1.1.100.202310310803/tools/bin/../lib/gcc/arm-none-eabi/11.3.1/thumb/v7e-m+fp/hard/crtbegin.o
 .ARM.attributes
                0x0000000000000052       0x34 ./Core/Src/main.o
 .ARM.attributes
                0x0000000000000086       0x34 ./Core/Src/pause_ptu.o
 .ARM.attributes
                0x00000000000000ba       0x34 ./Core/Src/ptu_i2c.o
 .ARM.attributes
                0x00000000000000ee       0x34 ./Core/Src/stm32f3xx_hal_msp.o
 .ARM.attributes
                0x0000000000000122       0x34 ./Core/Src/stm32f3xx_it.o
 .ARM.attributes
                0x0000000000000156       0x34 ./Core/Src/system_stm32f3xx.o
 .ARM.attributes
                0x000000000000018a       0x21 ./Core/Startup/startup_stm32f303vctx.o
 .ARM.attributes
                0x00000000000001ab       0x34 ./Drivers/STM32F3xx_HAL_Driver/Src/stm32f3xx_hal.o
 .ARM.attributes
                0x00000000000001df       0x34 ./Drivers/STM32F3xx_HAL_Driver/Src/stm32f3xx_hal_cortex.o
 .ARM.attributes
                0x0000000000000213       0x34 ./Drivers/STM32F3xx_HAL_Driver/Src/stm32f3xx_hal_gpio.o
 .ARM.attributes
                0x0000000000000247       0x34 ./Drivers/STM32F3xx_HAL_Driver/Src/stm32f3xx_hal_i2c.o
 .ARM.attributes
                0x000000000000027b       0x34 ./Drivers/STM32F3xx_HAL_Driver/Src/stm32f3xx_hal_i2c_ex.o
 .ARM.attributes
                0x00000000000002af       0x34 ./Drivers/STM32F3xx_HAL_Driver/Src/stm32f3xx_hal_pcd.o
 .ARM.attributes
                0x00000000000002e3       0x34 ./Drivers/STM32F3xx_HAL_Driver/Src/stm32f3xx_hal_rcc.o
 .ARM.attributes
                0x0000000000000317       0x34 ./Drivers/STM32F3xx_HAL_Driver/Src/stm32f3xx_hal_rcc_ex.o
 .ARM.attributes
                0x000000000000034b       0x34 ./Drivers/STM32F3xx_HAL_Driver/Src/stm32f3xx_hal_spi.o
 .ARM.attributes
                0x000000000000037f       0x34 ./Drivers/STM32F3xx_HAL_Driver/Src/stm32f3xx_hal_tim.o
 .ARM.attributes
                0x00000000000003b3       0x34 ./Drivers/STM32F3xx_HAL_Driver/Src/stm32f3xx_hal_tim_ex.o
 .ARM.attributes
                0x00000000000003e7       0x34 ./Drivers/STM32F3xx_HAL_Driver/Src/stm32f3xx_ll_usb.o
 .ARM.attributes
                0x000000000000041b       0x34 /Applications/STM32CubeIDE.app/Contents/Eclipse/plugins/com.st.stm32cube.ide.mcu.externaltools.gnu-tools-for-stm32.11.3.rel1.macos64_1.1.100.202310310803/tools/bin/../lib/gcc/arm-none-eabi/11.3.1/../../../../arm-none-eabi/lib/thumb/v7e-m+fp/hard/libc_nano.a(libc_a-memset.o)
 .ARM.attributes
                0x000000000000044f       0x34 /Applications/STM32CubeIDE.app/Contents/Eclipse/plugins/com.st.stm32cube.ide.mcu.externaltools.gnu-tools-for-stm32.11.3.rel1.macos64_1.1.100.202310310803/tools/bin/../lib/gcc/arm-none-eabi/11.3.1/../../../../arm-none-eabi/lib/thumb/v7e-m+fp/hard/libc_nano.a(libc_a-init.o)
 .ARM.attributes
                0x0000000000000483       0x1e /Applications/STM32CubeIDE.app/Contents/Eclipse/plugins/com.st.stm32cube.ide.mcu.externaltools.gnu-tools-for-stm32.11.3.rel1.macos64_1.1.100.202310310803/tools/bin/../lib/gcc/arm-none-eabi/11.3.1/thumb/v7e-m+fp/hard/crtn.o
OUTPUT(major-project-base-serialise.elf elf32-littlearm)
LOAD linker stubs
LOAD /Applications/STM32CubeIDE.app/Contents/Eclipse/plugins/com.st.stm32cube.ide.mcu.externaltools.gnu-tools-for-stm32.11.3.rel1.macos64_1.1.100.202310310803/tools/bin/../lib/gcc/arm-none-eabi/11.3.1/../../../../arm-none-eabi/lib/thumb/v7e-m+fp/hard/libc.a
LOAD /Applications/STM32CubeIDE.app/Contents/Eclipse/plugins/com.st.stm32cube.ide.mcu.externaltools.gnu-tools-for-stm32.11.3.rel1.macos64_1.1.100.202310310803/tools/bin/../lib/gcc/arm-none-eabi/11.3.1/../../../../arm-none-eabi/lib/thumb/v7e-m+fp/hard/libm.a
LOAD /Applications/STM32CubeIDE.app/Contents/Eclipse/plugins/com.st.stm32cube.ide.mcu.externaltools.gnu-tools-for-stm32.11.3.rel1.macos64_1.1.100.202310310803/tools/bin/../lib/gcc/arm-none-eabi/11.3.1/thumb/v7e-m+fp/hard/libgcc.a

.comment        0x0000000000000000       0x43
 .comment       0x0000000000000000       0x43 /Applications/STM32CubeIDE.app/Contents/Eclipse/plugins/com.st.stm32cube.ide.mcu.externaltools.gnu-tools-for-stm32.11.3.rel1.macos64_1.1.100.202310310803/tools/bin/../lib/gcc/arm-none-eabi/11.3.1/thumb/v7e-m+fp/hard/crtbegin.o
                                         0x44 (size before relaxing)
 .comment       0x0000000000000043       0x44 ./Core/Src/main.o
 .comment       0x0000000000000043       0x44 ./Core/Src/pause_ptu.o
 .comment       0x0000000000000043       0x44 ./Core/Src/ptu_i2c.o
 .comment       0x0000000000000043       0x44 ./Core/Src/stm32f3xx_hal_msp.o
 .comment       0x0000000000000043       0x44 ./Core/Src/stm32f3xx_it.o
 .comment       0x0000000000000043       0x44 ./Core/Src/system_stm32f3xx.o
 .comment       0x0000000000000043       0x44 ./Drivers/STM32F3xx_HAL_Driver/Src/stm32f3xx_hal.o
 .comment       0x0000000000000043       0x44 ./Drivers/STM32F3xx_HAL_Driver/Src/stm32f3xx_hal_cortex.o
 .comment       0x0000000000000043       0x44 ./Drivers/STM32F3xx_HAL_Driver/Src/stm32f3xx_hal_gpio.o
 .comment       0x0000000000000043       0x44 ./Drivers/STM32F3xx_HAL_Driver/Src/stm32f3xx_hal_i2c.o
 .comment       0x0000000000000043       0x44 ./Drivers/STM32F3xx_HAL_Driver/Src/stm32f3xx_hal_i2c_ex.o
 .comment       0x0000000000000043       0x44 ./Drivers/STM32F3xx_HAL_Driver/Src/stm32f3xx_hal_pcd.o
 .comment       0x0000000000000043       0x44 ./Drivers/STM32F3xx_HAL_Driver/Src/stm32f3xx_hal_rcc.o
 .comment       0x0000000000000043       0x44 ./Drivers/STM32F3xx_HAL_Driver/Src/stm32f3xx_hal_rcc_ex.o
 .comment       0x0000000000000043       0x44 ./Drivers/STM32F3xx_HAL_Driver/Src/stm32f3xx_hal_spi.o
 .comment       0x0000000000000043       0x44 ./Drivers/STM32F3xx_HAL_Driver/Src/stm32f3xx_hal_tim.o
 .comment       0x0000000000000043       0x44 ./Drivers/STM32F3xx_HAL_Driver/Src/stm32f3xx_hal_tim_ex.o
 .comment       0x0000000000000043       0x44 ./Drivers/STM32F3xx_HAL_Driver/Src/stm32f3xx_ll_usb.o

.debug_info     0x0000000000000000    0x130ed
 .debug_info    0x0000000000000000     0x1dff ./Core/Src/main.o
 .debug_info    0x0000000000001dff      0x98f ./Core/Src/pause_ptu.o
 .debug_info    0x000000000000278e      0x6c9 ./Core/Src/ptu_i2c.o
 .debug_info    0x0000000000002e57     0x17be ./Core/Src/stm32f3xx_hal_msp.o
 .debug_info    0x0000000000004615      0x6f7 ./Core/Src/stm32f3xx_it.o
 .debug_info    0x0000000000004d0c      0x407 ./Core/Src/system_stm32f3xx.o
 .debug_info    0x0000000000005113       0x23 ./Core/Startup/startup_stm32f303vctx.o
 .debug_info    0x0000000000005136      0x7d4 ./Drivers/STM32F3xx_HAL_Driver/Src/stm32f3xx_hal.o
 .debug_info    0x000000000000590a      0xcaf ./Drivers/STM32F3xx_HAL_Driver/Src/stm32f3xx_hal_cortex.o
 .debug_info    0x00000000000065b9      0x5fe ./Drivers/STM32F3xx_HAL_Driver/Src/stm32f3xx_hal_gpio.o
 .debug_info    0x0000000000006bb7     0x2048 ./Drivers/STM32F3xx_HAL_Driver/Src/stm32f3xx_hal_i2c.o
 .debug_info    0x0000000000008bff      0x824 ./Drivers/STM32F3xx_HAL_Driver/Src/stm32f3xx_hal_i2c_ex.o
 .debug_info    0x0000000000009423     0x162f ./Drivers/STM32F3xx_HAL_Driver/Src/stm32f3xx_hal_pcd.o
 .debug_info    0x000000000000aa52     0x14f1 ./Drivers/STM32F3xx_HAL_Driver/Src/stm32f3xx_hal_rcc.o
 .debug_info    0x000000000000bf43      0x601 ./Drivers/STM32F3xx_HAL_Driver/Src/stm32f3xx_hal_rcc_ex.o
 .debug_info    0x000000000000c544     0x1622 ./Drivers/STM32F3xx_HAL_Driver/Src/stm32f3xx_hal_spi.o
 .debug_info    0x000000000000db66     0x2a52 ./Drivers/STM32F3xx_HAL_Driver/Src/stm32f3xx_hal_tim.o
 .debug_info    0x00000000000105b8     0x156d ./Drivers/STM32F3xx_HAL_Driver/Src/stm32f3xx_hal_tim_ex.o
 .debug_info    0x0000000000011b25     0x15c8 ./Drivers/STM32F3xx_HAL_Driver/Src/stm32f3xx_ll_usb.o

.debug_abbrev   0x0000000000000000     0x28de
 .debug_abbrev  0x0000000000000000      0x368 ./Core/Src/main.o
 .debug_abbrev  0x0000000000000368      0x23a ./Core/Src/pause_ptu.o
 .debug_abbrev  0x00000000000005a2      0x16e ./Core/Src/ptu_i2c.o
 .debug_abbrev  0x0000000000000710      0x22a ./Core/Src/stm32f3xx_hal_msp.o
 .debug_abbrev  0x000000000000093a      0x194 ./Core/Src/stm32f3xx_it.o
 .debug_abbrev  0x0000000000000ace      0x11a ./Core/Src/system_stm32f3xx.o
 .debug_abbrev  0x0000000000000be8       0x12 ./Core/Startup/startup_stm32f303vctx.o
 .debug_abbrev  0x0000000000000bfa      0x215 ./Drivers/STM32F3xx_HAL_Driver/Src/stm32f3xx_hal.o
 .debug_abbrev  0x0000000000000e0f      0x329 ./Drivers/STM32F3xx_HAL_Driver/Src/stm32f3xx_hal_cortex.o
 .debug_abbrev  0x0000000000001138      0x1ca ./Drivers/STM32F3xx_HAL_Driver/Src/stm32f3xx_hal_gpio.o
 .debug_abbrev  0x0000000000001302      0x260 ./Drivers/STM32F3xx_HAL_Driver/Src/stm32f3xx_hal_i2c.o
 .debug_abbrev  0x0000000000001562      0x1c2 ./Drivers/STM32F3xx_HAL_Driver/Src/stm32f3xx_hal_i2c_ex.o
 .debug_abbrev  0x0000000000001724      0x2d2 ./Drivers/STM32F3xx_HAL_Driver/Src/stm32f3xx_hal_pcd.o
 .debug_abbrev  0x00000000000019f6      0x300 ./Drivers/STM32F3xx_HAL_Driver/Src/stm32f3xx_hal_rcc.o
 .debug_abbrev  0x0000000000001cf6      0x245 ./Drivers/STM32F3xx_HAL_Driver/Src/stm32f3xx_hal_rcc_ex.o
 .debug_abbrev  0x0000000000001f3b      0x269 ./Drivers/STM32F3xx_HAL_Driver/Src/stm32f3xx_hal_spi.o
 .debug_abbrev  0x00000000000021a4      0x278 ./Drivers/STM32F3xx_HAL_Driver/Src/stm32f3xx_hal_tim.o
 .debug_abbrev  0x000000000000241c      0x283 ./Drivers/STM32F3xx_HAL_Driver/Src/stm32f3xx_hal_tim_ex.o
 .debug_abbrev  0x000000000000269f      0x23f ./Drivers/STM32F3xx_HAL_Driver/Src/stm32f3xx_ll_usb.o

.debug_aranges  0x0000000000000000     0x1148
 .debug_aranges
                0x0000000000000000       0x78 ./Core/Src/main.o
 .debug_aranges
                0x0000000000000078       0x58 ./Core/Src/pause_ptu.o
 .debug_aranges
                0x00000000000000d0       0x20 ./Core/Src/ptu_i2c.o
 .debug_aranges
                0x00000000000000f0       0x78 ./Core/Src/stm32f3xx_hal_msp.o
 .debug_aranges
                0x0000000000000168       0x70 ./Core/Src/stm32f3xx_it.o
 .debug_aranges
                0x00000000000001d8       0x28 ./Core/Src/system_stm32f3xx.o
 .debug_aranges
                0x0000000000000200       0x28 ./Core/Startup/startup_stm32f303vctx.o
 .debug_aranges
                0x0000000000000228       0xe0 ./Drivers/STM32F3xx_HAL_Driver/Src/stm32f3xx_hal.o
 .debug_aranges
                0x0000000000000308      0x118 ./Drivers/STM32F3xx_HAL_Driver/Src/stm32f3xx_hal_cortex.o
 .debug_aranges
                0x0000000000000420       0x58 ./Drivers/STM32F3xx_HAL_Driver/Src/stm32f3xx_hal_gpio.o
 .debug_aranges
                0x0000000000000478      0x2a0 ./Drivers/STM32F3xx_HAL_Driver/Src/stm32f3xx_hal_i2c.o
 .debug_aranges
                0x0000000000000718       0x48 ./Drivers/STM32F3xx_HAL_Driver/Src/stm32f3xx_hal_i2c_ex.o
 .debug_aranges
                0x0000000000000760      0x140 ./Drivers/STM32F3xx_HAL_Driver/Src/stm32f3xx_hal_pcd.o
 .debug_aranges
                0x00000000000008a0       0x88 ./Drivers/STM32F3xx_HAL_Driver/Src/stm32f3xx_hal_rcc.o
 .debug_aranges
                0x0000000000000928       0x38 ./Drivers/STM32F3xx_HAL_Driver/Src/stm32f3xx_hal_rcc_ex.o
 .debug_aranges
                0x0000000000000960      0x1d8 ./Drivers/STM32F3xx_HAL_Driver/Src/stm32f3xx_hal_spi.o
 .debug_aranges
                0x0000000000000b38      0x3e0 ./Drivers/STM32F3xx_HAL_Driver/Src/stm32f3xx_hal_tim.o
 .debug_aranges
                0x0000000000000f18      0x178 ./Drivers/STM32F3xx_HAL_Driver/Src/stm32f3xx_hal_tim_ex.o
 .debug_aranges
                0x0000000000001090       0xb8 ./Drivers/STM32F3xx_HAL_Driver/Src/stm32f3xx_ll_usb.o

.debug_rnglists
                0x0000000000000000      0xd75
 .debug_rnglists
                0x0000000000000000       0x5c ./Core/Src/main.o
 .debug_rnglists
                0x000000000000005c       0x3d ./Core/Src/pause_ptu.o
 .debug_rnglists
                0x0000000000000099       0x14 ./Core/Src/ptu_i2c.o
 .debug_rnglists
                0x00000000000000ad       0x59 ./Core/Src/stm32f3xx_hal_msp.o
 .debug_rnglists
                0x0000000000000106       0x4f ./Core/Src/stm32f3xx_it.o
 .debug_rnglists
                0x0000000000000155       0x1a ./Core/Src/system_stm32f3xx.o
 .debug_rnglists
                0x000000000000016f       0x19 ./Core/Startup/startup_stm32f303vctx.o
 .debug_rnglists
                0x0000000000000188       0xa3 ./Drivers/STM32F3xx_HAL_Driver/Src/stm32f3xx_hal.o
 .debug_rnglists
                0x000000000000022b       0xce ./Drivers/STM32F3xx_HAL_Driver/Src/stm32f3xx_hal_cortex.o
 .debug_rnglists
                0x00000000000002f9       0x3f ./Drivers/STM32F3xx_HAL_Driver/Src/stm32f3xx_hal_gpio.o
 .debug_rnglists
                0x0000000000000338      0x228 ./Drivers/STM32F3xx_HAL_Driver/Src/stm32f3xx_hal_i2c.o
 .debug_rnglists
                0x0000000000000560       0x35 ./Drivers/STM32F3xx_HAL_Driver/Src/stm32f3xx_hal_i2c_ex.o
 .debug_rnglists
                0x0000000000000595       0xf4 ./Drivers/STM32F3xx_HAL_Driver/Src/stm32f3xx_hal_pcd.o
 .debug_rnglists
                0x0000000000000689       0x66 ./Drivers/STM32F3xx_HAL_Driver/Src/stm32f3xx_hal_rcc.o
 .debug_rnglists
                0x00000000000006ef       0x28 ./Drivers/STM32F3xx_HAL_Driver/Src/stm32f3xx_hal_rcc_ex.o
 .debug_rnglists
                0x0000000000000717      0x178 ./Drivers/STM32F3xx_HAL_Driver/Src/stm32f3xx_hal_spi.o
 .debug_rnglists
                0x000000000000088f      0x328 ./Drivers/STM32F3xx_HAL_Driver/Src/stm32f3xx_hal_tim.o
 .debug_rnglists
                0x0000000000000bb7      0x131 ./Drivers/STM32F3xx_HAL_Driver/Src/stm32f3xx_hal_tim_ex.o
 .debug_rnglists
                0x0000000000000ce8       0x8d ./Drivers/STM32F3xx_HAL_Driver/Src/stm32f3xx_ll_usb.o

.debug_macro    0x0000000000000000    0x1df57
 .debug_macro   0x0000000000000000      0x32f ./Core/Src/main.o
 .debug_macro   0x000000000000032f      0x15d ./Core/Src/main.o
 .debug_macro   0x000000000000048c       0x2e ./Core/Src/main.o
 .debug_macro   0x00000000000004ba       0x28 ./Core/Src/main.o
 .debug_macro   0x00000000000004e2       0x22 ./Core/Src/main.o
 .debug_macro   0x0000000000000504       0x8e ./Core/Src/main.o
 .debug_macro   0x0000000000000592       0x51 ./Core/Src/main.o
 .debug_macro   0x00000000000005e3      0x103 ./Core/Src/main.o
 .debug_macro   0x00000000000006e6       0x6a ./Core/Src/main.o
 .debug_macro   0x0000000000000750      0x1df ./Core/Src/main.o
 .debug_macro   0x000000000000092f       0x1c ./Core/Src/main.o
 .debug_macro   0x000000000000094b       0x22 ./Core/Src/main.o
 .debug_macro   0x000000000000096d       0xd9 ./Core/Src/main.o
 .debug_macro   0x0000000000000a46     0x102d ./Core/Src/main.o
 .debug_macro   0x0000000000001a73      0x11f ./Core/Src/main.o
 .debug_macro   0x0000000000001b92    0x12a3a ./Core/Src/main.o
 .debug_macro   0x00000000000145cc       0x6d ./Core/Src/main.o
 .debug_macro   0x0000000000014639     0x3558 ./Core/Src/main.o
 .debug_macro   0x0000000000017b91      0x174 ./Core/Src/main.o
 .debug_macro   0x0000000000017d05       0x55 ./Core/Src/main.o
 .debug_macro   0x0000000000017d5a      0x961 ./Core/Src/main.o
 .debug_macro   0x00000000000186bb      0x5fe ./Core/Src/main.o
 .debug_macro   0x0000000000018cb9      0x1b5 ./Core/Src/main.o
 .debug_macro   0x0000000000018e6e      0x1fb ./Core/Src/main.o
 .debug_macro   0x0000000000019069      0x1dc ./Core/Src/main.o
 .debug_macro   0x0000000000019245      0x1bc ./Core/Src/main.o
 .debug_macro   0x0000000000019401       0x30 ./Core/Src/main.o
 .debug_macro   0x0000000000019431       0x3c ./Core/Src/main.o
 .debug_macro   0x000000000001946d      0x235 ./Core/Src/main.o
 .debug_macro   0x00000000000196a2       0xc5 ./Core/Src/main.o
 .debug_macro   0x0000000000019767      0x21d ./Core/Src/main.o
 .debug_macro   0x0000000000019984      0x22c ./Core/Src/main.o
 .debug_macro   0x0000000000019bb0       0x5b ./Core/Src/main.o
 .debug_macro   0x0000000000019c0b       0xa5 ./Core/Src/main.o
 .debug_macro   0x0000000000019cb0       0x73 ./Core/Src/main.o
 .debug_macro   0x0000000000019d23      0x242 ./Core/Src/main.o
 .debug_macro   0x0000000000019f65       0x81 ./Core/Src/main.o
 .debug_macro   0x0000000000019fe6       0xd3 ./Core/Src/main.o
 .debug_macro   0x000000000001a0b9      0x2fe ./Core/Src/main.o
 .debug_macro   0x000000000001a3b7      0xa59 ./Core/Src/main.o
 .debug_macro   0x000000000001ae10       0x89 ./Core/Src/main.o
 .debug_macro   0x000000000001ae99      0x275 ./Core/Src/main.o
 .debug_macro   0x000000000001b10e      0x160 ./Core/Src/main.o
 .debug_macro   0x000000000001b26e      0x142 ./Core/Src/main.o
 .debug_macro   0x000000000001b3b0       0x61 ./Core/Src/main.o
 .debug_macro   0x000000000001b411       0x2a ./Core/Src/main.o
 .debug_macro   0x000000000001b43b       0x43 ./Core/Src/main.o
 .debug_macro   0x000000000001b47e       0x34 ./Core/Src/main.o
 .debug_macro   0x000000000001b4b2       0x16 ./Core/Src/main.o
 .debug_macro   0x000000000001b4c8       0x43 ./Core/Src/main.o
 .debug_macro   0x000000000001b50b       0x34 ./Core/Src/main.o
 .debug_macro   0x000000000001b53f       0x10 ./Core/Src/main.o
 .debug_macro   0x000000000001b54f       0x58 ./Core/Src/main.o
 .debug_macro   0x000000000001b5a7       0x8e ./Core/Src/main.o
 .debug_macro   0x000000000001b635       0x1c ./Core/Src/main.o
 .debug_macro   0x000000000001b651      0x177 ./Core/Src/main.o
 .debug_macro   0x000000000001b7c8      0x369 ./Core/Src/main.o
 .debug_macro   0x000000000001bb31       0x10 ./Core/Src/main.o
 .debug_macro   0x000000000001bb41       0x35 ./Core/Src/main.o
 .debug_macro   0x000000000001bb76       0x20 ./Core/Src/main.o
 .debug_macro   0x000000000001bb96       0x22 ./Core/Src/main.o
 .debug_macro   0x000000000001bbb8       0x10 ./Core/Src/main.o
 .debug_macro   0x000000000001bbc8      0x19b ./Core/Src/main.o
 .debug_macro   0x000000000001bd63       0xc9 ./Core/Src/pause_ptu.o
 .debug_macro   0x000000000001be2c      0x20f ./Core/Src/ptu_i2c.o
 .debug_macro   0x000000000001c03b      0x20b ./Core/Src/stm32f3xx_hal_msp.o
 .debug_macro   0x000000000001c246      0x215 ./Core/Src/stm32f3xx_it.o
 .debug_macro   0x000000000001c45b      0x1fc ./Core/Src/system_stm32f3xx.o
 .debug_macro   0x000000000001c657      0x220 ./Drivers/STM32F3xx_HAL_Driver/Src/stm32f3xx_hal.o
 .debug_macro   0x000000000001c877      0x1fc ./Drivers/STM32F3xx_HAL_Driver/Src/stm32f3xx_hal_cortex.o
 .debug_macro   0x000000000001ca73      0x203 ./Drivers/STM32F3xx_HAL_Driver/Src/stm32f3xx_hal_gpio.o
 .debug_macro   0x000000000001cc76      0x2c8 ./Drivers/STM32F3xx_HAL_Driver/Src/stm32f3xx_hal_i2c.o
 .debug_macro   0x000000000001cf3e      0x1fc ./Drivers/STM32F3xx_HAL_Driver/Src/stm32f3xx_hal_i2c_ex.o
 .debug_macro   0x000000000001d13a      0x208 ./Drivers/STM32F3xx_HAL_Driver/Src/stm32f3xx_hal_pcd.o
 .debug_macro   0x000000000001d342      0x220 ./Drivers/STM32F3xx_HAL_Driver/Src/stm32f3xx_hal_rcc.o
 .debug_macro   0x000000000001d562      0x1fc ./Drivers/STM32F3xx_HAL_Driver/Src/stm32f3xx_hal_rcc_ex.o
 .debug_macro   0x000000000001d75e      0x204 ./Drivers/STM32F3xx_HAL_Driver/Src/stm32f3xx_hal_spi.o
 .debug_macro   0x000000000001d962      0x1fd ./Drivers/STM32F3xx_HAL_Driver/Src/stm32f3xx_hal_tim.o
 .debug_macro   0x000000000001db5f      0x1fc ./Drivers/STM32F3xx_HAL_Driver/Src/stm32f3xx_hal_tim_ex.o
 .debug_macro   0x000000000001dd5b      0x1fc ./Drivers/STM32F3xx_HAL_Driver/Src/stm32f3xx_ll_usb.o

.debug_line     0x0000000000000000    0x153b5
 .debug_line    0x0000000000000000      0xcc5 ./Core/Src/main.o
 .debug_line    0x0000000000000cc5      0x5b4 ./Core/Src/pause_ptu.o
 .debug_line    0x0000000000001279      0x773 ./Core/Src/ptu_i2c.o
 .debug_line    0x00000000000019ec      0x8f7 ./Core/Src/stm32f3xx_hal_msp.o
 .debug_line    0x00000000000022e3      0x846 ./Core/Src/stm32f3xx_it.o
 .debug_line    0x0000000000002b29      0x7ca ./Core/Src/system_stm32f3xx.o
 .debug_line    0x00000000000032f3       0x7a ./Core/Startup/startup_stm32f303vctx.o
 .debug_line    0x000000000000336d      0x9ff ./Drivers/STM32F3xx_HAL_Driver/Src/stm32f3xx_hal.o
 .debug_line    0x0000000000003d6c      0xcc4 ./Drivers/STM32F3xx_HAL_Driver/Src/stm32f3xx_hal_cortex.o
 .debug_line    0x0000000000004a30      0xb5e ./Drivers/STM32F3xx_HAL_Driver/Src/stm32f3xx_hal_gpio.o
 .debug_line    0x000000000000558e     0x37d8 ./Drivers/STM32F3xx_HAL_Driver/Src/stm32f3xx_hal_i2c.o
 .debug_line    0x0000000000008d66      0x971 ./Drivers/STM32F3xx_HAL_Driver/Src/stm32f3xx_hal_i2c_ex.o
 .debug_line    0x00000000000096d7     0x1343 ./Drivers/STM32F3xx_HAL_Driver/Src/stm32f3xx_hal_pcd.o
 .debug_line    0x000000000000aa1a     0x13d9 ./Drivers/STM32F3xx_HAL_Driver/Src/stm32f3xx_hal_rcc.o
 .debug_line    0x000000000000bdf3      0xd65 ./Drivers/STM32F3xx_HAL_Driver/Src/stm32f3xx_hal_rcc_ex.o
 .debug_line    0x000000000000cb58     0x1fb2 ./Drivers/STM32F3xx_HAL_Driver/Src/stm32f3xx_hal_spi.o
 .debug_line    0x000000000000eb0a     0x3dc4 ./Drivers/STM32F3xx_HAL_Driver/Src/stm32f3xx_hal_tim.o
 .debug_line    0x00000000000128ce     0x1aef ./Drivers/STM32F3xx_HAL_Driver/Src/stm32f3xx_hal_tim_ex.o
 .debug_line    0x00000000000143bd      0xff8 ./Drivers/STM32F3xx_HAL_Driver/Src/stm32f3xx_ll_usb.o

.debug_str      0x0000000000000000    0xb9102
 .debug_str     0x0000000000000000    0xb5253 ./Core/Src/main.o
                                      0xb5aeb (size before relaxing)
 .debug_str     0x00000000000b5253      0x47f ./Core/Src/pause_ptu.o
                                      0x728e8 (size before relaxing)
 .debug_str     0x00000000000b56d2       0x97 ./Core/Src/ptu_i2c.o
                                      0xb0b45 (size before relaxing)
 .debug_str     0x00000000000b5769      0x173 ./Core/Src/stm32f3xx_hal_msp.o
                                      0xb19c5 (size before relaxing)
 .debug_str     0x00000000000b58dc       0xec ./Core/Src/stm32f3xx_it.o
                                      0xb0c4c (size before relaxing)
 .debug_str     0x00000000000b59c8       0x8b ./Core/Src/system_stm32f3xx.o
                                      0xb0276 (size before relaxing)
 .debug_str     0x00000000000b5a53       0x34 ./Core/Startup/startup_stm32f303vctx.o
                                         0x83 (size before relaxing)
 .debug_str     0x00000000000b5a87      0x370 ./Drivers/STM32F3xx_HAL_Driver/Src/stm32f3xx_hal.o
                                      0xb0ab4 (size before relaxing)
 .debug_str     0x00000000000b5df7      0x2e3 ./Drivers/STM32F3xx_HAL_Driver/Src/stm32f3xx_hal_cortex.o
                                      0xb0b06 (size before relaxing)
 .debug_str     0x00000000000b60da       0xd0 ./Drivers/STM32F3xx_HAL_Driver/Src/stm32f3xx_hal_gpio.o
                                      0xb03e3 (size before relaxing)
 .debug_str     0x00000000000b61aa      0xe27 ./Drivers/STM32F3xx_HAL_Driver/Src/stm32f3xx_hal_i2c.o
                                      0xb1579 (size before relaxing)
 .debug_str     0x00000000000b6fd1       0xb8 ./Drivers/STM32F3xx_HAL_Driver/Src/stm32f3xx_hal_i2c_ex.o
                                      0xb0797 (size before relaxing)
 .debug_str     0x00000000000b7089      0x507 ./Drivers/STM32F3xx_HAL_Driver/Src/stm32f3xx_hal_pcd.o
                                      0xb0a8b (size before relaxing)
 .debug_str     0x00000000000b7590      0x2c6 ./Drivers/STM32F3xx_HAL_Driver/Src/stm32f3xx_hal_rcc.o
                                      0xb0716 (size before relaxing)
 .debug_str     0x00000000000b7856       0xbe ./Drivers/STM32F3xx_HAL_Driver/Src/stm32f3xx_hal_rcc_ex.o
                                      0xb04da (size before relaxing)
 .debug_str     0x00000000000b7914      0x574 ./Drivers/STM32F3xx_HAL_Driver/Src/stm32f3xx_hal_spi.o
                                      0xb0b9c (size before relaxing)
 .debug_str     0x00000000000b7e88      0xcc6 ./Drivers/STM32F3xx_HAL_Driver/Src/stm32f3xx_hal_tim.o
                                      0xb169d (size before relaxing)
 .debug_str     0x00000000000b8b4e      0x4dc ./Drivers/STM32F3xx_HAL_Driver/Src/stm32f3xx_hal_tim_ex.o
                                      0xb0ef3 (size before relaxing)
 .debug_str     0x00000000000b902a       0xd8 ./Drivers/STM32F3xx_HAL_Driver/Src/stm32f3xx_ll_usb.o
                                      0xb05e0 (size before relaxing)

.debug_frame    0x0000000000000000     0x4990
 .debug_frame   0x0000000000000000      0x1a8 ./Core/Src/main.o
 .debug_frame   0x00000000000001a8      0x128 ./Core/Src/pause_ptu.o
 .debug_frame   0x00000000000002d0       0x38 ./Core/Src/ptu_i2c.o
 .debug_frame   0x0000000000000308      0x1c0 ./Core/Src/stm32f3xx_hal_msp.o
 .debug_frame   0x00000000000004c8      0x13c ./Core/Src/stm32f3xx_it.o
 .debug_frame   0x0000000000000604       0x58 ./Core/Src/system_stm32f3xx.o
 .debug_frame   0x000000000000065c      0x334 ./Drivers/STM32F3xx_HAL_Driver/Src/stm32f3xx_hal.o
 .debug_frame   0x0000000000000990      0x498 ./Drivers/STM32F3xx_HAL_Driver/Src/stm32f3xx_hal_cortex.o
 .debug_frame   0x0000000000000e28      0x14c ./Drivers/STM32F3xx_HAL_Driver/Src/stm32f3xx_hal_gpio.o
 .debug_frame   0x0000000000000f74      0xc34 ./Drivers/STM32F3xx_HAL_Driver/Src/stm32f3xx_hal_i2c.o
 .debug_frame   0x0000000000001ba8      0x100 ./Drivers/STM32F3xx_HAL_Driver/Src/stm32f3xx_hal_i2c_ex.o
 .debug_frame   0x0000000000001ca8      0x59c ./Drivers/STM32F3xx_HAL_Driver/Src/stm32f3xx_hal_pcd.o
 .debug_frame   0x0000000000002244      0x214 ./Drivers/STM32F3xx_HAL_Driver/Src/stm32f3xx_hal_rcc.o
 .debug_frame   0x0000000000002458       0xb0 ./Drivers/STM32F3xx_HAL_Driver/Src/stm32f3xx_hal_rcc_ex.o
 .debug_frame   0x0000000000002508      0x860 ./Drivers/STM32F3xx_HAL_Driver/Src/stm32f3xx_hal_spi.o
 .debug_frame   0x0000000000002d68     0x121c ./Drivers/STM32F3xx_HAL_Driver/Src/stm32f3xx_hal_tim.o
 .debug_frame   0x0000000000003f84      0x688 ./Drivers/STM32F3xx_HAL_Driver/Src/stm32f3xx_hal_tim_ex.o
 .debug_frame   0x000000000000460c      0x338 ./Drivers/STM32F3xx_HAL_Driver/Src/stm32f3xx_ll_usb.o
 .debug_frame   0x0000000000004944       0x20 /Applications/STM32CubeIDE.app/Contents/Eclipse/plugins/com.st.stm32cube.ide.mcu.externaltools.gnu-tools-for-stm32.11.3.rel1.macos64_1.1.100.202310310803/tools/bin/../lib/gcc/arm-none-eabi/11.3.1/../../../../arm-none-eabi/lib/thumb/v7e-m+fp/hard/libc_nano.a(libc_a-memset.o)
 .debug_frame   0x0000000000004964       0x2c /Applications/STM32CubeIDE.app/Contents/Eclipse/plugins/com.st.stm32cube.ide.mcu.externaltools.gnu-tools-for-stm32.11.3.rel1.macos64_1.1.100.202310310803/tools/bin/../lib/gcc/arm-none-eabi/11.3.1/../../../../arm-none-eabi/lib/thumb/v7e-m+fp/hard/libc_nano.a(libc_a-init.o)

.debug_line_str
                0x0000000000000000       0x77
 .debug_line_str
                0x0000000000000000       0x77 ./Core/Startup/startup_stm32f303vctx.o
                                         0x8f (size before relaxing)
