/Users/darcyschofield/Dropbox/My Mac (Darcy’s MacBook Air)/Downloads/MTRX2700-2024-main/stm32f303-definitions/Core/Inc/core_cm4.h:1688:22:__NVIC_EnableIRQ	16	static
/Users/darcyschofield/Dropbox/My Mac (Darcy’s MacBook Air)/Downloads/MTRX2700-2024-main/stm32f303-definitions/Core/Inc/core_cm4.h:1816:22:__NVIC_SetPriority	16	static
../Src/digital_io.c:17:6:timer_set	24	static
../Src/digital_io.c:22:12:delay_set	32	static
../Src/digital_io.c:30:6:set_max_count	16	static
../Src/digital_io.c:34:6:set_psc_value	16	static
../Src/digital_io.c:38:6:LED_on	16	static
../Src/digital_io.c:44:6:chase_led	16	static
../Src/digital_io.c:71:6:TIM2_IRQHandler	8	static
../Src/digital_io.c:78:5:enable_clocks	4	static
../Src/digital_io.c:85:6:initialise_board	16	static
../Src/digital_io.c:93:6:reset_timer	4	static
../Src/digital_io.c:99:6:reset_UIF	4	static
../Src/digital_io.c:105:6:max_count_value	24	static
../Src/digital_io.c:112:6:start_timer	4	static
../Src/digital_io.c:118:6:set_prescaler	24	static
../Src/digital_io.c:125:6:general_initialisation	8	static
../Src/digital_io.c:132:6:timer_initialisation	16	static,ignoring_inline_asm
../Src/digital_io.c:146:6:enable_interrupt	8	static,ignoring_inline_asm
